Archive member included to satisfy reference by file (symbol)

C:/ST/STM32CubeIDE_1.19.0/STM32CubeIDE/plugins/com.st.stm32cube.ide.mcu.externaltools.gnu-tools-for-stm32.13.3.rel1.win32_1.0.0.202411081344/tools/bin/../lib/gcc/arm-none-eabi/13.3.1/../../../../arm-none-eabi/lib/thumb/v7e-m+fp/hard\libc_nano.a(libc_a-exit.o)
                              C:/ST/STM32CubeIDE_1.19.0/STM32CubeIDE/plugins/com.st.stm32cube.ide.mcu.externaltools.gnu-tools-for-stm32.13.3.rel1.win32_1.0.0.202411081344/tools/bin/../lib/gcc/arm-none-eabi/13.3.1/../../../../arm-none-eabi/lib/thumb/v7e-m+fp/hard/crt0.o (exit)
C:/ST/STM32CubeIDE_1.19.0/STM32CubeIDE/plugins/com.st.stm32cube.ide.mcu.externaltools.gnu-tools-for-stm32.13.3.rel1.win32_1.0.0.202411081344/tools/bin/../lib/gcc/arm-none-eabi/13.3.1/../../../../arm-none-eabi/lib/thumb/v7e-m+fp/hard\libc_nano.a(libc_a-findfp.o)
                              C:/ST/STM32CubeIDE_1.19.0/STM32CubeIDE/plugins/com.st.stm32cube.ide.mcu.externaltools.gnu-tools-for-stm32.13.3.rel1.win32_1.0.0.202411081344/tools/bin/../lib/gcc/arm-none-eabi/13.3.1/../../../../arm-none-eabi/lib/thumb/v7e-m+fp/hard\libc_nano.a(libc_a-exit.o) (__stdio_exit_handler)
C:/ST/STM32CubeIDE_1.19.0/STM32CubeIDE/plugins/com.st.stm32cube.ide.mcu.externaltools.gnu-tools-for-stm32.13.3.rel1.win32_1.0.0.202411081344/tools/bin/../lib/gcc/arm-none-eabi/13.3.1/../../../../arm-none-eabi/lib/thumb/v7e-m+fp/hard\libc_nano.a(libc_a-fwalk.o)
                              C:/ST/STM32CubeIDE_1.19.0/STM32CubeIDE/plugins/com.st.stm32cube.ide.mcu.externaltools.gnu-tools-for-stm32.13.3.rel1.win32_1.0.0.202411081344/tools/bin/../lib/gcc/arm-none-eabi/13.3.1/../../../../arm-none-eabi/lib/thumb/v7e-m+fp/hard\libc_nano.a(libc_a-findfp.o) (_fwalk_sglue)
C:/ST/STM32CubeIDE_1.19.0/STM32CubeIDE/plugins/com.st.stm32cube.ide.mcu.externaltools.gnu-tools-for-stm32.13.3.rel1.win32_1.0.0.202411081344/tools/bin/../lib/gcc/arm-none-eabi/13.3.1/../../../../arm-none-eabi/lib/thumb/v7e-m+fp/hard\libc_nano.a(libc_a-snprintf.o)
                              ./Core/Src/LiquidCrystal_I2C_STM32.o (snprintf)
C:/ST/STM32CubeIDE_1.19.0/STM32CubeIDE/plugins/com.st.stm32cube.ide.mcu.externaltools.gnu-tools-for-stm32.13.3.rel1.win32_1.0.0.202411081344/tools/bin/../lib/gcc/arm-none-eabi/13.3.1/../../../../arm-none-eabi/lib/thumb/v7e-m+fp/hard\libc_nano.a(libc_a-sprintf.o)
                              ./Core/Src/main.o (sprintf)
C:/ST/STM32CubeIDE_1.19.0/STM32CubeIDE/plugins/com.st.stm32cube.ide.mcu.externaltools.gnu-tools-for-stm32.13.3.rel1.win32_1.0.0.202411081344/tools/bin/../lib/gcc/arm-none-eabi/13.3.1/../../../../arm-none-eabi/lib/thumb/v7e-m+fp/hard\libc_nano.a(libc_a-stdio.o)
                              C:/ST/STM32CubeIDE_1.19.0/STM32CubeIDE/plugins/com.st.stm32cube.ide.mcu.externaltools.gnu-tools-for-stm32.13.3.rel1.win32_1.0.0.202411081344/tools/bin/../lib/gcc/arm-none-eabi/13.3.1/../../../../arm-none-eabi/lib/thumb/v7e-m+fp/hard\libc_nano.a(libc_a-findfp.o) (__sread)
C:/ST/STM32CubeIDE_1.19.0/STM32CubeIDE/plugins/com.st.stm32cube.ide.mcu.externaltools.gnu-tools-for-stm32.13.3.rel1.win32_1.0.0.202411081344/tools/bin/../lib/gcc/arm-none-eabi/13.3.1/../../../../arm-none-eabi/lib/thumb/v7e-m+fp/hard\libc_nano.a(libc_a-memset.o)
                              C:/ST/STM32CubeIDE_1.19.0/STM32CubeIDE/plugins/com.st.stm32cube.ide.mcu.externaltools.gnu-tools-for-stm32.13.3.rel1.win32_1.0.0.202411081344/tools/bin/../lib/gcc/arm-none-eabi/13.3.1/../../../../arm-none-eabi/lib/thumb/v7e-m+fp/hard/crt0.o (memset)
C:/ST/STM32CubeIDE_1.19.0/STM32CubeIDE/plugins/com.st.stm32cube.ide.mcu.externaltools.gnu-tools-for-stm32.13.3.rel1.win32_1.0.0.202411081344/tools/bin/../lib/gcc/arm-none-eabi/13.3.1/../../../../arm-none-eabi/lib/thumb/v7e-m+fp/hard\libc_nano.a(libc_a-closer.o)
                              C:/ST/STM32CubeIDE_1.19.0/STM32CubeIDE/plugins/com.st.stm32cube.ide.mcu.externaltools.gnu-tools-for-stm32.13.3.rel1.win32_1.0.0.202411081344/tools/bin/../lib/gcc/arm-none-eabi/13.3.1/../../../../arm-none-eabi/lib/thumb/v7e-m+fp/hard\libc_nano.a(libc_a-stdio.o) (_close_r)
C:/ST/STM32CubeIDE_1.19.0/STM32CubeIDE/plugins/com.st.stm32cube.ide.mcu.externaltools.gnu-tools-for-stm32.13.3.rel1.win32_1.0.0.202411081344/tools/bin/../lib/gcc/arm-none-eabi/13.3.1/../../../../arm-none-eabi/lib/thumb/v7e-m+fp/hard\libc_nano.a(libc_a-reent.o)
                              C:/ST/STM32CubeIDE_1.19.0/STM32CubeIDE/plugins/com.st.stm32cube.ide.mcu.externaltools.gnu-tools-for-stm32.13.3.rel1.win32_1.0.0.202411081344/tools/bin/../lib/gcc/arm-none-eabi/13.3.1/../../../../arm-none-eabi/lib/thumb/v7e-m+fp/hard\libc_nano.a(libc_a-closer.o) (errno)
C:/ST/STM32CubeIDE_1.19.0/STM32CubeIDE/plugins/com.st.stm32cube.ide.mcu.externaltools.gnu-tools-for-stm32.13.3.rel1.win32_1.0.0.202411081344/tools/bin/../lib/gcc/arm-none-eabi/13.3.1/../../../../arm-none-eabi/lib/thumb/v7e-m+fp/hard\libc_nano.a(libc_a-impure.o)
[...]
Memory Configuration

Name             Origin             Length             Attributes
RAM              0x20000000         0x00020000         xrw
FLASH            0x08000000         0x00080000         xr
*default*        0x00000000         0xffffffff

Linker script and memory map

LOAD C:/ST/STM32CubeIDE_1.19.0/STM32CubeIDE/plugins/com.st.stm32cube.ide.mcu.externaltools.gnu-tools-for-stm32.13.3.rel1.win32_1.0.0.202411081344/tools/bin/../lib/gcc/arm-none-eabi/13.3.1/thumb/v7e-m+fp/hard/crti.o
LOAD C:/ST/STM32CubeIDE_1.19.0/STM32CubeIDE/plugins/com.st.stm32cube.ide.mcu.externaltools.gnu-tools-for-stm32.13.3.rel1.win32_1.0.0.202411081344/tools/bin/../lib/gcc/arm-none-eabi/13.3.1/thumb/v7e-m+fp/hard/crtbegin.o
LOAD C:/ST/STM32CubeIDE_1.19.0/STM32CubeIDE/plugins/com.st.stm32cube.ide.mcu.externaltools.gnu-tools-for-stm32.13.3.rel1.win32_1.0.0.202411081344/tools/bin/../lib/gcc/arm-none-eabi/13.3.1/../../../../arm-none-eabi/lib/thumb/v7e-m+fp/hard/crt0.o
LOAD ./Core/Src/LiquidCrystal_I2C_STM32.o
LOAD ./Core/Src/main.o
LOAD ./Core/Src/stm32f4xx_hal_msp.o
LOAD ./Core/Src/stm32f4xx_it.o
LOAD ./Core/Src/syscalls.o
LOAD ./Core/Src/sysmem.o
LOAD ./Core/Src/system_stm32f4xx.o
LOAD ./Core/Startup/startup_stm32f446retx.o
LOAD ./Drivers/STM32F4xx_HAL_Driver/Src/stm32f4xx_hal.o
LOAD ./Drivers/STM32F4xx_HAL_Driver/Src/stm32f4xx_hal_cortex.o
LOAD ./Drivers/STM32F4xx_HAL_Driver/Src/stm32f4xx_hal_dma.o
LOAD ./Drivers/STM32F4xx_HAL_Driver/Src/stm32f4xx_hal_dma_ex.o
LOAD ./Drivers/STM32F4xx_HAL_Driver/Src/stm32f4xx_hal_exti.o
LOAD ./Drivers/STM32F4xx_HAL_Driver/Src/stm32f4xx_hal_flash.o
LOAD ./Drivers/STM32F4xx_HAL_Driver/Src/stm32f4xx_hal_flash_ex.o
LOAD ./Drivers/STM32F4xx_HAL_Driver/Src/stm32f4xx_hal_flash_ramfunc.o
LOAD ./Drivers/STM32F4xx_HAL_Driver/Src/stm32f4xx_hal_gpio.o
LOAD ./Drivers/STM32F4xx_HAL_Driver/Src/stm32f4xx_hal_i2c.o
LOAD ./Drivers/STM32F4xx_HAL_Driver/Src/stm32f4xx_hal_i2c_ex.o
LOAD ./Drivers/STM32F4xx_HAL_Driver/Src/stm32f4xx_hal_pwr.o
LOAD ./Drivers/STM32F4xx_HAL_Driver/Src/stm32f4xx_hal_pwr_ex.o
LOAD ./Drivers/STM32F4xx_HAL_Driver/Src/stm32f4xx_hal_rcc.o
LOAD ./Drivers/STM32F4xx_HAL_Driver/Src/stm32f4xx_hal_rcc_ex.o
LOAD ./Drivers/STM32F4xx_HAL_Driver/Src/stm32f4xx_hal_tim.o
LOAD ./Drivers/STM32F4xx_HAL_Driver/Src/stm32f4xx_hal_tim_ex.o
LOAD ./Drivers/STM32F4xx_HAL_Driver/Src/stm32f4xx_hal_uart.o
START GROUP
LOAD C:/ST/STM32CubeIDE_1.19.0/STM32CubeIDE/plugins/com.st.stm32cube.ide.mcu.externaltools.gnu-tools-for-stm32.13.3.rel1.win32_1.0.0.202411081344/tools/bin/../lib/gcc/arm-none-eabi/13.3.1/../../../../arm-none-eabi/lib/thumb/v7e-m+fp/hard\libstdc++_nano.a
LOAD C:/ST/STM32CubeIDE_1.19.0/STM32CubeIDE/plugins/com.st.stm32cube.ide.mcu.externaltools.gnu-tools-for-stm32.13.3.rel1.win32_1.0.0.202411081344/tools/bin/../lib/gcc/arm-none-eabi/13.3.1/../../../../arm-none-eabi/lib/thumb/v7e-m+fp/hard\libsupc++_nano.a
END GROUP
LOAD C:/ST/STM32CubeIDE_1.19.0/STM32CubeIDE/plugins/com.st.stm32cube.ide.mcu.externaltools.gnu-tools-for-stm32.13.3.rel1.win32_1.0.0.202411081344/tools/bin/../lib/gcc/arm-none-eabi/13.3.1/../../../../arm-none-eabi/lib/thumb/v7e-m+fp/hard\libstdc++_nano.a
LOAD C:/ST/STM32CubeIDE_1.19.0/STM32CubeIDE/plugins/com.st.stm32cube.ide.mcu.externaltools.gnu-tools-for-stm32.13.3.rel1.win32_1.0.0.202411081344/tools/bin/../lib/gcc/arm-none-eabi/13.3.1/../../../../arm-none-eabi/lib/thumb/v7e-m+fp/hard\libm.a
LOAD C:/ST/STM32CubeIDE_1.19.0/STM32CubeIDE/plugins/com.st.stm32cube.ide.mcu.externaltools.gnu-tools-for-stm32.13.3.rel1.win32_1.0.0.202411081344/tools/bin/../lib/gcc/arm-none-eabi/13.3.1/../../../../arm-none-eabi/lib/thumb/v7e-m+fp/hard\libc_nano.a
START GROUP
LOAD C:/ST/STM32CubeIDE_1.19.0/STM32CubeIDE/plugins/com.st.stm32cube.ide.mcu.externaltools.gnu-tools-for-stm32.13.3.rel1.win32_1.0.0.202411081344/tools/bin/../lib/gcc/arm-none-eabi/13.3.1/thumb/v7e-m+fp/hard\libgcc.a
LOAD C:/ST/STM32CubeIDE_1.19.0/STM32CubeIDE/plugins/com.st.stm32cube.ide.mcu.externaltools.gnu-tools-for-stm32.13.3.rel1.win32_1.0.0.202411081344/tools/bin/../lib/gcc/arm-none-eabi/13.3.1/../../../../arm-none-eabi/lib/thumb/v7e-m+fp/hard\libc_nano.a
END GROUP
START GROUP
LOAD C:/ST/STM32CubeIDE_1.19.0/STM32CubeIDE/plugins/com.st.stm32cube.ide.mcu.externaltools.gnu-tools-for-stm32.13.3.rel1.win32_1.0.0.202411081344/tools/bin/../lib/gcc/arm-none-eabi/13.3.1/thumb/v7e-m+fp/hard\libgcc.a
LOAD C:/ST/STM32CubeIDE_1.19.0/STM32CubeIDE/plugins/com.st.stm32cube.ide.mcu.externaltools.gnu-tools-for-stm32.13.3.rel1.win32_1.0.0.202411081344/tools/bin/../lib/gcc/arm-none-eabi/13.3.1/../../../../arm-none-eabi/lib/thumb/v7e-m+fp/hard\libc_nano.a
END GROUP
LOAD C:/ST/STM32CubeIDE_1.19.0/STM32CubeIDE/plugins/com.st.stm32cube.ide.mcu.externaltools.gnu-tools-for-stm32.13.3.rel1.win32_1.0.0.202411081344/tools/bin/../lib/gcc/arm-none-eabi/13.3.1/thumb/v7e-m+fp/hard/crtend.o
LOAD C:/ST/STM32CubeIDE_1.19.0/STM32CubeIDE/plugins/com.st.stm32cube.ide.mcu.externaltools.gnu-tools-for-stm32.13.3.rel1.win32_1.0.0.202411081344/tools/bin/../lib/gcc/arm-none-eabi/13.3.1/thumb/v7e-m+fp/hard/crtn.o
                0x20020000                        _estack = (ORIGIN (RAM) + LENGTH (RAM))
                0x00000200                        _Min_Heap_Size = 0x200
                0x00000400                        _Min_Stack_Size = 0x400

.isr_vector     0x08000000      0x1c4
                0x08000000                        . = ALIGN (0x4)
 *(.isr_vector)
 .isr_vector    0x08000000      0x1c4 ./Core/Startup/startup_stm32f446retx.o
                0x08000000                g_pfnVectors
                0x080001c4                        . = ALIGN (0x4)

.text           0x080001d0     0x7250
                0x080001d0                        . = ALIGN (0x4)
 *(.text)
 .text          0x080001d0       0x40 C:/ST/STM32CubeIDE_1.19.0/STM32CubeIDE/plugins/com.st.stm32cube.ide.mcu.externaltools.gnu-tools-for-stm32.13.3.rel1.win32_1.0.0.202411081344/tools/bin/../lib/gcc/arm-none-eabi/13.3.1/thumb/v7e-m+fp/hard/crtbegin.o
 .text          0x08000210       0x10 C:/ST/STM32CubeIDE_1.19.0/STM32CubeIDE/plugins/com.st.stm32cube.ide.mcu.externaltools.gnu-tools-for-stm32.13.3.rel1.win32_1.0.0.202411081344/tools/bin/../lib/gcc/arm-none-eabi/13.3.1/../../../../arm-none-eabi/lib/thumb/v7e-m+fp/hard\libc_nano.a(libc_a-strlen.o)
                0x08000210                strlen
 .text          0x08000220       0xa0 C:/ST/STM32CubeIDE_1.19.0/STM32CubeIDE/plugins/com.st.stm32cube.ide.mcu.externaltools.gnu-tools-for-stm32.13.3.rel1.win32_1.0.0.202411081344/tools/bin/../lib/gcc/arm-none-eabi/13.3.1/../../../../arm-none-eabi/lib/thumb/v7e-m+fp/hard\libc_nano.a(libc_a-memchr.o)
                0x08000220                memchr
 .text          0x080002c0       0x30 C:/ST/STM32CubeIDE_1.19.0/STM32CubeIDE/plugins/com.st.stm32cube.ide.mcu.externaltools.gnu-tools-for-stm32.13.3.rel1.win32_1.0.0.202411081344/tools/bin/../lib/gcc/arm-none-eabi/13.3.1/thumb/v7e-m+fp/hard\libgcc.a(_aeabi_uldivmod.o)
                0x080002c0                __aeabi_uldivmod
 .text          0x080002f0      0x2f8 C:/ST/STM32CubeIDE_1.19.0/STM32CubeIDE/plugins/com.st.stm32cube.ide.mcu.externaltools.gnu-tools-for-stm32.13.3.rel1.win32_1.0.0.202411081344/tools/bin/../lib/gcc/arm-none-eabi/13.3.1/thumb/v7e-m+fp/hard\libgcc.a(_udivmoddi4.o)
                0x080002f0                __udivmoddi4
 .text          0x080005e8        0x4 C:/ST/STM32CubeIDE_1.19.0/STM32CubeIDE/plugins/com.st.stm32cube.ide.mcu.externaltools.gnu-tools-for-stm32.13.3.rel1.win32_1.0.0.202411081344/tools/bin/../lib/gcc/arm-none-eabi/13.3.1/thumb/v7e-m+fp/hard\libgcc.a(_dvmd_tls.o)
                0x080005e8                __aeabi_idiv0
                0x080005e8                __aeabi_ldiv0
 *(.text*)
 .text._Z8delay_usm
                0x080005ec       0x16 ./Core/Src/LiquidCrystal_I2C_STM32.o
                0x080005ec                delay_us(unsigned long)
 .text._ZN17LiquidCrystal_I2CC2EP17I2C_HandleTypeDefhhh
                0x08000602       0x60 ./Core/Src/LiquidCrystal_I2C_STM32.o
                0x08000602                LiquidCrystal_I2C::LiquidCrystal_I2C(I2C_HandleTypeDef*, unsigned char, unsigned char, unsigned char)
                0x08000602                LiquidCrystal_I2C::LiquidCrystal_I2C(I2C_HandleTypeDef*, unsigned char, unsigned char, unsigned char)
 .text._ZN17LiquidCrystal_I2C5beginEhhh
                0x08000662       0x48 ./Core/Src/LiquidCrystal_I2C_STM32.o
                0x08000662                LiquidCrystal_I2C::begin(unsigned char, unsigned char, unsigned char)
 .text._ZN17LiquidCrystal_I2C9init_privEv
                0x080006aa       0xa8 ./Core/Src/LiquidCrystal_I2C_STM32.o
                0x080006aa                LiquidCrystal_I2C::init_priv()
 .text._ZN17LiquidCrystal_I2C5clearEv
                0x08000752       0x20 ./Core/Src/LiquidCrystal_I2C_STM32.o
                0x08000752                LiquidCrystal_I2C::clear()
 .text._ZN17LiquidCrystal_I2C4homeEv
                0x08000772       0x20 ./Core/Src/LiquidCrystal_I2C_STM32.o
                0x08000772                LiquidCrystal_I2C::home()
 *fill*         0x08000792        0x2 
 .text._ZN17LiquidCrystal_I2C9setCursorEhh
                0x08000794       0x50 ./Core/Src/LiquidCrystal_I2C_STM32.o
                0x08000794                LiquidCrystal_I2C::setCursor(unsigned char, unsigned char)
 .text._ZN17LiquidCrystal_I2C7displayEv
                0x080007e4       0x32 ./Core/Src/LiquidCrystal_I2C_STM32.o
                0x080007e4                LiquidCrystal_I2C::display()
 .text._ZN17LiquidCrystal_I2C8noCursorEv
                0x08000816       0x32 ./Core/Src/LiquidCrystal_I2C_STM32.o
                0x08000816                LiquidCrystal_I2C::noCursor()
 .text._ZN17LiquidCrystal_I2C6cursorEv
                0x08000848       0x32 ./Core/Src/LiquidCrystal_I2C_STM32.o
                0x08000848                LiquidCrystal_I2C::cursor()
 .text._ZN17LiquidCrystal_I2C7noBlinkEv
                0x0800087a       0x32 ./Core/Src/LiquidCrystal_I2C_STM32.o
                0x0800087a                LiquidCrystal_I2C::noBlink()
 .text._ZN17LiquidCrystal_I2C5blinkEv
                0x080008ac       0x32 ./Core/Src/LiquidCrystal_I2C_STM32.o
                0x080008ac                LiquidCrystal_I2C::blink()
 .text._ZN17LiquidCrystal_I2C9backlightEv
                0x080008de       0x22 ./Core/Src/LiquidCrystal_I2C_STM32.o
                0x080008de                LiquidCrystal_I2C::backlight()
 .text._ZN17LiquidCrystal_I2C4sendEhh
                0x08000900       0x46 ./Core/Src/LiquidCrystal_I2C_STM32.o
                0x08000900                LiquidCrystal_I2C::send(unsigned char, unsigned char)
 .text._ZN17LiquidCrystal_I2C10write4bitsEh
                0x08000946       0x38 ./Core/Src/LiquidCrystal_I2C_STM32.o
                0x08000946                LiquidCrystal_I2C::write4bits(unsigned char)
 .text._ZN17LiquidCrystal_I2C13expanderWriteEh
                0x0800097e       0x34 ./Core/Src/LiquidCrystal_I2C_STM32.o
                0x0800097e                LiquidCrystal_I2C::expanderWrite(unsigned char)
 .text._ZN17LiquidCrystal_I2C11pulseEnableEh
                0x080009b2       0x40 ./Core/Src/LiquidCrystal_I2C_STM32.o
                0x080009b2                LiquidCrystal_I2C::pulseEnable(unsigned char)
 .text._ZN17LiquidCrystal_I2C8printstrEPKc
                0x080009f2       0x2e ./Core/Src/LiquidCrystal_I2C_STM32.o
                0x080009f2                LiquidCrystal_I2C::printstr(char const*)
 .text._ZN17LiquidCrystal_I2C5printEPKc
                0x08000a20       0x1a ./Core/Src/LiquidCrystal_I2C_STM32.o
                0x08000a20                LiquidCrystal_I2C::print(char const*)
 .text._ZN17LiquidCrystal_I2C5writeEh
                0x08000a3a       0x22 ./Core/Src/LiquidCrystal_I2C_STM32.o
                0x08000a3a                LiquidCrystal_I2C::write(unsigned char)
 .text._Z10ReadKeySttv
                0x08000a5c       0x98 ./Core/Src/main.o
                0x08000a5c                ReadKeyStt()
 .text._Z7ReadKeyh
                0x08000af4       0x3a ./Core/Src/main.o
                0x08000af4                ReadKey(unsigned char)
 *fill*         0x08000b2e        0x2 
 .text._Z10keyprocessv
                0x08000b30       0xd0 ./Core/Src/main.o
                0x08000b30                keyprocess()
 .text._Z17AT24C512_ReadBytet
                0x08000c00       0x40 ./Core/Src/main.o
                0x08000c00                AT24C512_ReadByte(unsigned short)
 .text._Z18AT24C512_WriteByteth
                0x08000c40       0x44 ./Core/Src/main.o
                0x08000c40                AT24C512_WriteByte(unsigned short, unsigned char)
 .text._Z18LCD_ShowInitScreenv
                0x08000c84       0x64 ./Core/Src/main.o
                0x08000c84                LCD_ShowInitScreen()
 .text._Z12LCD_InitDotsh
                0x08000ce8       0x44 ./Core/Src/main.o
                0x08000ce8                LCD_InitDots(unsigned char)
 .text._ZL13ValueToDigitsmPh
                0x08000d2c      0x118 ./Core/Src/main.o
 .text._ZL13DigitsToValuePh
                0x08000e44       0x74 ./Core/Src/main.o
 .text._Z14LCD_ShowDigitsR17LiquidCrystal_I2CPhhh
                0x08000eb8       0xbc ./Core/Src/main.o
                0x08000eb8                LCD_ShowDigits(LiquidCrystal_I2C&, unsigned char*, unsigned char, unsigned char)
 .text._Z4SetVmhhR17LiquidCrystal_I2C
                0x08000f74      0x158 ./Core/Src/main.o
                0x08000f74                SetV(unsigned long, unsigned char, unsigned char, LiquidCrystal_I2C&)
 .text._Z6SetPSWv
                0x080010cc       0x6c ./Core/Src/main.o
                0x080010cc                SetPSW()
 .text._Z10setFloorIDv
                0x08001138       0x80 ./Core/Src/main.o
                0x08001138                setFloorID()
 .text._Z14set_no_Displayv
                0x080011b8       0x80 ./Core/Src/main.o
                0x080011b8                set_no_Display()
 .text._Z14SetTotal_Floorv
                0x08001238       0x84 ./Core/Src/main.o
                0x08001238                SetTotal_Floor()
 .text._Z17SetDisplay_Configv
                0x080012bc      0x2b8 ./Core/Src/main.o
                0x080012bc                SetDisplay_Config()
 .text._Z9Read_datav
                0x08001574      0x1d4 ./Core/Src/main.o
                0x08001574                Read_data()
 .text._Z8DWT_Initv
                0x08001748       0x34 ./Core/Src/main.o
                0x08001748                DWT_Init()
 .text._Z8LCD_Showhhhhhh
                0x0800177c       0xf8 ./Core/Src/main.o
                0x0800177c                LCD_Show(unsigned char, unsigned char, unsigned char, unsigned char, unsigned char, unsigned char)
 .text._Z19Update_All_Displaysv
                0x08001874      0x1d4 ./Core/Src/main.o
                0x08001874                Update_All_Displays()
 .text._Z17Zone_Request_Taskv
                0x08001a48       0x70 ./Core/Src/main.o
                0x08001a48                Zone_Request_Task()
 .text._Z14Flush_All_Datav
                0x08001ab8       0x58 ./Core/Src/main.o
                0x08001ab8                Flush_All_Data()
 .text._Z21Build_Master_Responsev
                0x08001b10      0x19c ./Core/Src/main.o
                0x08001b10                Build_Master_Response()
 .text.main     0x08001cac      0x184 ./Core/Src/main.o
                0x08001cac                main
 .text._Z18SystemClock_Configv
                0x08001e30       0xec ./Core/Src/main.o
                0x08001e30                SystemClock_Config()
 .text._ZL12MX_I2C1_Initv
                0x08001f1c       0x68 ./Core/Src/main.o
 .text._ZL12MX_I2C3_Initv
                0x08001f84       0x68 ./Core/Src/main.o
 .text._ZL12MX_TIM3_Initv
                0x08001fec       0xbc ./Core/Src/main.o
 .text._ZL13MX_UART4_Initv
                0x080020a8       0x5c ./Core/Src/main.o
 .text._ZL19MX_USART1_UART_Initv
                0x08002104       0x5c ./Core/Src/main.o
 .text._ZL19MX_USART2_UART_Initv
                0x08002160       0x5c ./Core/Src/main.o
 .text._ZL11MX_DMA_Initv
                0x080021bc       0x40 ./Core/Src/main.o
 .text._ZL12MX_GPIO_Initv
                0x080021fc       0xcc ./Core/Src/main.o
 .text.HAL_UARTEx_RxEventCallback
                0x080022c8      0x1c8 ./Core/Src/main.o
                0x080022c8                HAL_UARTEx_RxEventCallback
 .text.HAL_TIM_PeriodElapsedCallback
                0x08002490       0x90 ./Core/Src/main.o
                0x08002490                HAL_TIM_PeriodElapsedCallback
 .text.Error_Handler
                0x08002520        0xc ./Core/Src/main.o
                0x08002520                Error_Handler
 .text._Z41__static_initialization_and_destruction_0v
                0x0800252c       0x24 ./Core/Src/main.o
 .text._GLOBAL__sub_I_keystt
                0x08002550        0xa ./Core/Src/main.o
 *fill*         0x0800255a        0x2 
 .text.HAL_MspInit
                0x0800255c       0x50 ./Core/Src/stm32f4xx_hal_msp.o
                0x0800255c                HAL_MspInit
 .text.HAL_I2C_MspInit
                0x080025ac      0x140 ./Core/Src/stm32f4xx_hal_msp.o
                0x080025ac                HAL_I2C_MspInit
 .text.HAL_TIM_Base_MspInit
                0x080026ec       0x50 ./Core/Src/stm32f4xx_hal_msp.o
                0x080026ec                HAL_TIM_Base_MspInit
 .text.HAL_UART_MspInit
                0x0800273c      0x190 ./Core/Src/stm32f4xx_hal_msp.o
                0x0800273c                HAL_UART_MspInit
 .text.NMI_Handler
                0x080028cc        0x8 ./Core/Src/stm32f4xx_it.o
                0x080028cc                NMI_Handler
 .text.HardFault_Handler
                0x080028d4        0x8 ./Core/Src/stm32f4xx_it.o
                0x080028d4                HardFault_Handler
 .text.MemManage_Handler
                0x080028dc        0x8 ./Core/Src/stm32f4xx_it.o
                0x080028dc                MemManage_Handler
 .text.BusFault_Handler
                0x080028e4        0x8 ./Core/Src/stm32f4xx_it.o
                0x080028e4                BusFault_Handler
 .text.UsageFault_Handler
                0x080028ec        0x8 ./Core/Src/stm32f4xx_it.o
                0x080028ec                UsageFault_Handler
 .text.SVC_Handler
                0x080028f4        0xe ./Core/Src/stm32f4xx_it.o
                0x080028f4                SVC_Handler
 .text.DebugMon_Handler
                0x08002902        0xe ./Core/Src/stm32f4xx_it.o
                0x08002902                DebugMon_Handler
 .text.PendSV_Handler
                0x08002910        0xe ./Core/Src/stm32f4xx_it.o
                0x08002910                PendSV_Handler
 .text.SysTick_Handler
                0x0800291e        0xc ./Core/Src/stm32f4xx_it.o
                0x0800291e                SysTick_Handler
 *fill*         0x0800292a        0x2 
 .text.TIM3_IRQHandler
                0x0800292c       0x14 ./Core/Src/stm32f4xx_it.o
                0x0800292c                TIM3_IRQHandler
 .text.USART1_IRQHandler
                0x08002940       0x14 ./Core/Src/stm32f4xx_it.o
                0x08002940                USART1_IRQHandler
 .text.USART2_IRQHandler
                0x08002954       0x14 ./Core/Src/stm32f4xx_it.o
                0x08002954                USART2_IRQHandler
 .text.UART4_IRQHandler
                0x08002968       0x14 ./Core/Src/stm32f4xx_it.o
                0x08002968                UART4_IRQHandler
 .text._sbrk    0x0800297c       0x6c ./Core/Src/sysmem.o
                0x0800297c                _sbrk
 .text.SystemInit
                0x080029e8       0x24 ./Core/Src/system_stm32f4xx.o
                0x080029e8                SystemInit
 .text.Reset_Handler
                0x08002a0c       0x50 ./Core/Startup/startup_stm32f446retx.o
                0x08002a0c                Reset_Handler
 .text.Default_Handler
                0x08002a5c        0x2 ./Core/Startup/startup_stm32f446retx.o
                0x08002a5c                RTC_Alarm_IRQHandler
                0x08002a5c                EXTI2_IRQHandler
                0x08002a5c                TIM8_CC_IRQHandler
                0x08002a5c                FMPI2C1_EV_IRQHandler
                0x08002a5c                SPI4_IRQHandler
                0x08002a5c                TIM1_CC_IRQHandler
                0x08002a5c                DMA2_Stream5_IRQHandler
                0x08002a5c                DMA1_Stream5_IRQHandler
                0x08002a5c                PVD_IRQHandler
                0x08002a5c                SDIO_IRQHandler
                0x08002a5c                TAMP_STAMP_IRQHandler
                0x08002a5c                CAN2_RX1_IRQHandler
                0x08002a5c                EXTI3_IRQHandler
                0x08002a5c                TIM8_TRG_COM_TIM14_IRQHandler
                0x08002a5c                TIM1_UP_TIM10_IRQHandler
                0x08002a5c                TIM8_UP_TIM13_IRQHandler
                0x08002a5c                I2C3_ER_IRQHandler
                0x08002a5c                EXTI0_IRQHandler
                0x08002a5c                I2C2_EV_IRQHandler
                0x08002a5c                DMA1_Stream2_IRQHandler
                0x08002a5c                CAN1_RX0_IRQHandler
                0x08002a5c                FPU_IRQHandler
                0x08002a5c                OTG_HS_WKUP_IRQHandler
                0x08002a5c                CAN2_SCE_IRQHandler
                0x08002a5c                DMA2_Stream2_IRQHandler
                0x08002a5c                SPI1_IRQHandler
                0x08002a5c                TIM6_DAC_IRQHandler
                0x08002a5c                TIM1_BRK_TIM9_IRQHandler
                0x08002a5c                DCMI_IRQHandler
                0x08002a5c                CAN2_RX0_IRQHandler
                0x08002a5c                DMA2_Stream3_IRQHandler
                0x08002a5c                SAI2_IRQHandler
                0x08002a5c                USART6_IRQHandler
                0x08002a5c                USART3_IRQHandler
                0x08002a5c                CAN1_RX1_IRQHandler
                0x08002a5c                UART5_IRQHandler
                0x08002a5c                DMA2_Stream0_IRQHandler
                0x08002a5c                TIM4_IRQHandler
                0x08002a5c                QUADSPI_IRQHandler
                0x08002a5c                I2C1_EV_IRQHandler
                0x08002a5c                DMA1_Stream6_IRQHandler
                0x08002a5c                DMA1_Stream1_IRQHandler
                0x08002a5c                RCC_IRQHandler
                0x08002a5c                TIM8_BRK_TIM12_IRQHandler
                0x08002a5c                Default_Handler
                0x08002a5c                CEC_IRQHandler
                0x08002a5c                EXTI15_10_IRQHandler
                0x08002a5c                ADC_IRQHandler
                0x08002a5c                DMA1_Stream7_IRQHandler
                0x08002a5c                TIM7_IRQHandler
                0x08002a5c                CAN2_TX_IRQHandler
                0x08002a5c                TIM5_IRQHandler
                0x08002a5c                DMA2_Stream7_IRQHandler
                0x08002a5c                I2C3_EV_IRQHandler
                0x08002a5c                EXTI9_5_IRQHandler
                0x08002a5c                RTC_WKUP_IRQHandler
                0x08002a5c                SPDIF_RX_IRQHandler
                0x08002a5c                SPI2_IRQHandler
                0x08002a5c                OTG_HS_EP1_IN_IRQHandler
                0x08002a5c                DMA1_Stream0_IRQHandler
                0x08002a5c                CAN1_TX_IRQHandler
                0x08002a5c                FMPI2C1_ER_IRQHandler
                0x08002a5c                EXTI4_IRQHandler
                0x08002a5c                OTG_HS_EP1_OUT_IRQHandler
                0x08002a5c                WWDG_IRQHandler
                0x08002a5c                TIM2_IRQHandler
                0x08002a5c                OTG_FS_WKUP_IRQHandler
                0x08002a5c                TIM1_TRG_COM_TIM11_IRQHandler
                0x08002a5c                OTG_HS_IRQHandler
                0x08002a5c                EXTI1_IRQHandler
                0x08002a5c                I2C2_ER_IRQHandler
                0x08002a5c                DMA2_Stream1_IRQHandler
                0x08002a5c                CAN1_SCE_IRQHandler
                0x08002a5c                FLASH_IRQHandler
                0x08002a5c                DMA2_Stream4_IRQHandler
                0x08002a5c                OTG_FS_IRQHandler
                0x08002a5c                SPI3_IRQHandler
                0x08002a5c                DMA1_Stream4_IRQHandler
                0x08002a5c                I2C1_ER_IRQHandler
                0x08002a5c                FMC_IRQHandler
                0x08002a5c                DMA2_Stream6_IRQHandler
                0x08002a5c                SAI1_IRQHandler
                0x08002a5c                DMA1_Stream3_IRQHandler
 *fill*         0x08002a5e        0x2 
 .text.HAL_Init
                0x08002a60       0x44 ./Drivers/STM32F4xx_HAL_Driver/Src/stm32f4xx_hal.o
                0x08002a60                HAL_Init
 .text.HAL_InitTick
                0x08002aa4       0x60 ./Drivers/STM32F4xx_HAL_Driver/Src/stm32f4xx_hal.o
                0x08002aa4                HAL_InitTick
 .text.HAL_IncTick
                0x08002b04       0x28 ./Drivers/STM32F4xx_HAL_Driver/Src/stm32f4xx_hal.o
                0x08002b04                HAL_IncTick
 .text.HAL_GetTick
                0x08002b2c       0x18 ./Drivers/STM32F4xx_HAL_Driver/Src/stm32f4xx_hal.o
                0x08002b2c                HAL_GetTick
 .text.HAL_Delay
                0x08002b44       0x48 ./Drivers/STM32F4xx_HAL_Driver/Src/stm32f4xx_hal.o
                0x08002b44                HAL_Delay
 .text.__NVIC_SetPriorityGrouping
                0x08002b8c       0x48 ./Drivers/STM32F4xx_HAL_Driver/Src/stm32f4xx_hal_cortex.o
 .text.__NVIC_GetPriorityGrouping
                0x08002bd4       0x1c ./Drivers/STM32F4xx_HAL_Driver/Src/stm32f4xx_hal_cortex.o
 .text.__NVIC_EnableIRQ
                0x08002bf0       0x3c ./Drivers/STM32F4xx_HAL_Driver/Src/stm32f4xx_hal_cortex.o
 .text.__NVIC_SetPriority
                0x08002c2c       0x54 ./Drivers/STM32F4xx_HAL_Driver/Src/stm32f4xx_hal_cortex.o
 .text.NVIC_EncodePriority
                0x08002c80       0x66 ./Drivers/STM32F4xx_HAL_Driver/Src/stm32f4xx_hal_cortex.o
 *fill*         0x08002ce6        0x2 
 .text.SysTick_Config
                0x08002ce8       0x44 ./Drivers/STM32F4xx_HAL_Driver/Src/stm32f4xx_hal_cortex.o
 .text.HAL_NVIC_SetPriorityGrouping
                0x08002d2c       0x16 ./Drivers/STM32F4xx_HAL_Driver/Src/stm32f4xx_hal_cortex.o
                0x08002d2c                HAL_NVIC_SetPriorityGrouping
 .text.HAL_NVIC_SetPriority
                0x08002d42       0x38 ./Drivers/STM32F4xx_HAL_Driver/Src/stm32f4xx_hal_cortex.o
                0x08002d42                HAL_NVIC_SetPriority
 .text.HAL_NVIC_EnableIRQ
                0x08002d7a       0x1c ./Drivers/STM32F4xx_HAL_Driver/Src/stm32f4xx_hal_cortex.o
                0x08002d7a                HAL_NVIC_EnableIRQ
 .text.HAL_SYSTICK_Config
                0x08002d96       0x18 ./Drivers/STM32F4xx_HAL_Driver/Src/stm32f4xx_hal_cortex.o
                0x08002d96                HAL_SYSTICK_Config
 .text.HAL_DMA_Abort
                0x08002dae       0xe0 ./Drivers/STM32F4xx_HAL_Driver/Src/stm32f4xx_hal_dma.o
                0x08002dae                HAL_DMA_Abort
 .text.HAL_DMA_Abort_IT
                0x08002e8e       0x44 ./Drivers/STM32F4xx_HAL_Driver/Src/stm32f4xx_hal_dma.o
                0x08002e8e                HAL_DMA_Abort_IT
 *fill*         0x08002ed2        0x2 
 .text.HAL_GPIO_Init
                0x08002ed4      0x328 ./Drivers/STM32F4xx_HAL_Driver/Src/stm32f4xx_hal_gpio.o
                0x08002ed4                HAL_GPIO_Init
 .text.HAL_GPIO_ReadPin
                0x080031fc       0x30 ./Drivers/STM32F4xx_HAL_Driver/Src/stm32f4xx_hal_gpio.o
                0x080031fc                HAL_GPIO_ReadPin
 .text.HAL_I2C_Init
                0x0800322c      0x288 ./Drivers/STM32F4xx_HAL_Driver/Src/stm32f4xx_hal_i2c.o
                0x0800322c                HAL_I2C_Init
 .text.HAL_I2C_Master_Transmit
                0x080034b4      0x1fc ./Drivers/STM32F4xx_HAL_Driver/Src/stm32f4xx_hal_i2c.o
                0x080034b4                HAL_I2C_Master_Transmit
 .text.HAL_I2C_Mem_Write
                0x080036b0      0x1f4 ./Drivers/STM32F4xx_HAL_Driver/Src/stm32f4xx_hal_i2c.o
                0x080036b0                HAL_I2C_Mem_Write
 .text.HAL_I2C_Mem_Read
                0x080038a4      0x464 ./Drivers/STM32F4xx_HAL_Driver/Src/stm32f4xx_hal_i2c.o
                0x080038a4                HAL_I2C_Mem_Read
 .text.I2C_MasterRequestWrite
                0x08003d08      0x104 ./Drivers/STM32F4xx_HAL_Driver/Src/stm32f4xx_hal_i2c.o
 .text.I2C_RequestMemoryWrite
                0x08003e0c      0x12c ./Drivers/STM32F4xx_HAL_Driver/Src/stm32f4xx_hal_i2c.o
 .text.I2C_RequestMemoryRead
                0x08003f38      0x1d0 ./Drivers/STM32F4xx_HAL_Driver/Src/stm32f4xx_hal_i2c.o
 .text.I2C_WaitOnFlagUntilTimeout
                0x08004108       0xf4 ./Drivers/STM32F4xx_HAL_Driver/Src/stm32f4xx_hal_i2c.o
 .text.I2C_WaitOnMasterAddressFlagUntilTimeout
                0x080041fc      0x140 ./Drivers/STM32F4xx_HAL_Driver/Src/stm32f4xx_hal_i2c.o
 .text.I2C_WaitOnTXEFlagUntilTimeout
                0x0800433c       0x90 ./Drivers/STM32F4xx_HAL_Driver/Src/stm32f4xx_hal_i2c.o
 .text.I2C_WaitOnBTFFlagUntilTimeout
                0x080043cc       0x90 ./Drivers/STM32F4xx_HAL_Driver/Src/stm32f4xx_hal_i2c.o
 .text.I2C_WaitOnRXNEFlagUntilTimeout
                0x0800445c       0xba ./Drivers/STM32F4xx_HAL_Driver/Src/stm32f4xx_hal_i2c.o
 .text.I2C_IsAcknowledgeFailed
                0x08004516       0x5e ./Drivers/STM32F4xx_HAL_Driver/Src/stm32f4xx_hal_i2c.o
 .text.HAL_RCC_ClockConfig
                0x08004574      0x1cc ./Drivers/STM32F4xx_HAL_Driver/Src/stm32f4xx_hal_rcc.o
                0x08004574                HAL_RCC_ClockConfig
 .text.HAL_RCC_GetHCLKFreq
                0x08004740       0x18 ./Drivers/STM32F4xx_HAL_Driver/Src/stm32f4xx_hal_rcc.o
                0x08004740                HAL_RCC_GetHCLKFreq
 .text.HAL_RCC_GetPCLK1Freq
                0x08004758       0x28 ./Drivers/STM32F4xx_HAL_Driver/Src/stm32f4xx_hal_rcc.o
                0x08004758                HAL_RCC_GetPCLK1Freq
 .text.HAL_RCC_GetPCLK2Freq
                0x08004780       0x28 ./Drivers/STM32F4xx_HAL_Driver/Src/stm32f4xx_hal_rcc.o
                0x08004780                HAL_RCC_GetPCLK2Freq
 .text.HAL_RCC_GetSysClockFreq
                0x080047a8      0x354 ./Drivers/STM32F4xx_HAL_Driver/Src/stm32f4xx_hal_rcc_ex.o
                0x080047a8                HAL_RCC_GetSysClockFreq
 .text.HAL_RCC_OscConfig
                0x08004afc      0x53c ./Drivers/STM32F4xx_HAL_Driver/Src/stm32f4xx_hal_rcc_ex.o
                0x08004afc                HAL_RCC_OscConfig
 .text.HAL_TIM_Base_Init
                0x08005038       0x9e ./Drivers/STM32F4xx_HAL_Driver/Src/stm32f4xx_hal_tim.o
                0x08005038                HAL_TIM_Base_Init
 *fill*         0x080050d6        0x2 
 .text.HAL_TIM_Base_Start_IT
                0x080050d8       0xe0 ./Drivers/STM32F4xx_HAL_Driver/Src/stm32f4xx_hal_tim.o
                0x080050d8                HAL_TIM_Base_Start_IT
 .text.HAL_TIM_IRQHandler
                0x080051b8      0x1e0 ./Drivers/STM32F4xx_HAL_Driver/Src/stm32f4xx_hal_tim.o
                0x080051b8                HAL_TIM_IRQHandler
 .text.HAL_TIM_ConfigClockSource
                0x08005398      0x18e ./Drivers/STM32F4xx_HAL_Driver/Src/stm32f4xx_hal_tim.o
                0x08005398                HAL_TIM_ConfigClockSource
 .text.HAL_TIM_OC_DelayElapsedCallback
                0x08005526       0x14 ./Drivers/STM32F4xx_HAL_Driver/Src/stm32f4xx_hal_tim.o
                0x08005526                HAL_TIM_OC_DelayElapsedCallback
 .text.HAL_TIM_IC_CaptureCallback
                0x0800553a       0x14 ./Drivers/STM32F4xx_HAL_Driver/Src/stm32f4xx_hal_tim.o
                0x0800553a                HAL_TIM_IC_CaptureCallback
 .text.HAL_TIM_PWM_PulseFinishedCallback
                0x0800554e       0x14 ./Drivers/STM32F4xx_HAL_Driver/Src/stm32f4xx_hal_tim.o
                0x0800554e                HAL_TIM_PWM_PulseFinishedCallback
 .text.HAL_TIM_TriggerCallback
                0x08005562       0x14 ./Drivers/STM32F4xx_HAL_Driver/Src/stm32f4xx_hal_tim.o
                0x08005562                HAL_TIM_TriggerCallback
 *fill*         0x08005576        0x2 
 .text.TIM_Base_SetConfig
                0x08005578      0x14c ./Drivers/STM32F4xx_HAL_Driver/Src/stm32f4xx_hal_tim.o
                0x08005578                TIM_Base_SetConfig
 .text.TIM_TI1_ConfigInputStage
                0x080056c4       0x5e ./Drivers/STM32F4xx_HAL_Driver/Src/stm32f4xx_hal_tim.o
 .text.TIM_TI2_ConfigInputStage
                0x08005722       0x60 ./Drivers/STM32F4xx_HAL_Driver/Src/stm32f4xx_hal_tim.o
 .text.TIM_ITRx_SetConfig
                0x08005782       0x36 ./Drivers/STM32F4xx_HAL_Driver/Src/stm32f4xx_hal_tim.o
 .text.TIM_ETR_SetConfig
                0x080057b8       0x40 ./Drivers/STM32F4xx_HAL_Driver/Src/stm32f4xx_hal_tim.o
                0x080057b8                TIM_ETR_SetConfig
 .text.HAL_TIMEx_MasterConfigSynchronization
                0x080057f8       0xf8 ./Drivers/STM32F4xx_HAL_Driver/Src/stm32f4xx_hal_tim_ex.o
                0x080057f8                HAL_TIMEx_MasterConfigSynchronization
 .text.HAL_TIMEx_CommutCallback
                0x080058f0       0x14 ./Drivers/STM32F4xx_HAL_Driver/Src/stm32f4xx_hal_tim_ex.o
                0x080058f0                HAL_TIMEx_CommutCallback
 .text.HAL_TIMEx_BreakCallback
                0x08005904       0x14 ./Drivers/STM32F4xx_HAL_Driver/Src/stm32f4xx_hal_tim_ex.o
                0x08005904                HAL_TIMEx_BreakCallback
 .text.HAL_UART_Init
                0x08005918       0xa0 ./Drivers/STM32F4xx_HAL_Driver/Src/stm32f4xx_hal_uart.o
                0x08005918                HAL_UART_Init
 .text.HAL_UART_Transmit
                0x080059b8      0x116 ./Drivers/STM32F4xx_HAL_Driver/Src/stm32f4xx_hal_uart.o
                0x080059b8                HAL_UART_Transmit
 .text.HAL_UARTEx_ReceiveToIdle_IT
                0x08005ace       0xba ./Drivers/STM32F4xx_HAL_Driver/Src/stm32f4xx_hal_uart.o
                0x08005ace                HAL_UARTEx_ReceiveToIdle_IT
 .text.HAL_UART_IRQHandler
                0x08005b88      0x554 ./Drivers/STM32F4xx_HAL_Driver/Src/stm32f4xx_hal_uart.o
                0x08005b88                HAL_UART_IRQHandler
 .text.HAL_UART_TxCpltCallback
                0x080060dc       0x14 ./Drivers/STM32F4xx_HAL_Driver/Src/stm32f4xx_hal_uart.o
                0x080060dc                HAL_UART_TxCpltCallback
 .text.HAL_UART_RxCpltCallback
                0x080060f0       0x14 ./Drivers/STM32F4xx_HAL_Driver/Src/stm32f4xx_hal_uart.o
                0x080060f0                HAL_UART_RxCpltCallback
 .text.HAL_UART_ErrorCallback
                0x08006104       0x14 ./Drivers/STM32F4xx_HAL_Driver/Src/stm32f4xx_hal_uart.o
                0x08006104                HAL_UART_ErrorCallback
 .text.UART_WaitOnFlagUntilTimeout
                0x08006118       0xb2 ./Drivers/STM32F4xx_HAL_Driver/Src/stm32f4xx_hal_uart.o
 .text.UART_Start_Receive_IT
                0x080061ca       0x74 ./Drivers/STM32F4xx_HAL_Driver/Src/stm32f4xx_hal_uart.o
                0x080061ca                UART_Start_Receive_IT
 .text.UART_EndRxTransfer
                0x0800623e       0xc6 ./Drivers/STM32F4xx_HAL_Driver/Src/stm32f4xx_hal_uart.o
 .text.UART_DMAAbortOnError
                0x08006304       0x22 ./Drivers/STM32F4xx_HAL_Driver/Src/stm32f4xx_hal_uart.o
 .text.UART_Transmit_IT
                0x08006326       0xa0 ./Drivers/STM32F4xx_HAL_Driver/Src/stm32f4xx_hal_uart.o
 .text.UART_EndTransmit_IT
                0x080063c6       0x30 ./Drivers/STM32F4xx_HAL_Driver/Src/stm32f4xx_hal_uart.o
 .text.UART_Receive_IT
                0x080063f6      0x17c ./Drivers/STM32F4xx_HAL_Driver/Src/stm32f4xx_hal_uart.o
 *fill*         0x08006572        0x2 
 .text.UART_SetConfig
                0x08006574      0x4e8 ./Drivers/STM32F4xx_HAL_Driver/Src/stm32f4xx_hal_uart.o
 .text.snprintf
                0x08006a5c       0x6c C:/ST/STM32CubeIDE_1.19.0/STM32CubeIDE/plugins/com.st.stm32cube.ide.mcu.externaltools.gnu-tools-for-stm32.13.3.rel1.win32_1.0.0.202411081344/tools/bin/../lib/gcc/arm-none-eabi/13.3.1/../../../../arm-none-eabi/lib/thumb/v7e-m+fp/hard\libc_nano.a(libc_a-snprintf.o)
                0x08006a5c                sniprintf
                0x08006a5c                snprintf
 .text.sprintf  0x08006ac8       0x44 C:/ST/STM32CubeIDE_1.19.0/STM32CubeIDE/plugins/com.st.stm32cube.ide.mcu.externaltools.gnu-tools-for-stm32.13.3.rel1.win32_1.0.0.202411081344/tools/bin/../lib/gcc/arm-none-eabi/13.3.1/../../../../arm-none-eabi/lib/thumb/v7e-m+fp/hard\libc_nano.a(libc_a-sprintf.o)
                0x08006ac8                siprintf
                0x08006ac8                sprintf
 .text.memset   0x08006b0c       0x10 C:/ST/STM32CubeIDE_1.19.0/STM32CubeIDE/plugins/com.st.stm32cube.ide.mcu.externaltools.gnu-tools-for-stm32.13.3.rel1.win32_1.0.0.202411081344/tools/bin/../lib/gcc/arm-none-eabi/13.3.1/../../../../arm-none-eabi/lib/thumb/v7e-m+fp/hard\libc_nano.a(libc_a-memset.o)
                0x08006b0c                memset
 .text.__errno  0x08006b1c        0xc C:/ST/STM32CubeIDE_1.19.0/STM32CubeIDE/plugins/com.st.stm32cube.ide.mcu.externaltools.gnu-tools-for-stm32.13.3.rel1.win32_1.0.0.202411081344/tools/bin/../lib/gcc/arm-none-eabi/13.3.1/../../../../arm-none-eabi/lib/thumb/v7e-m+fp/hard\libc_nano.a(libc_a-errno.o)
                0x08006b1c                __errno
 .text.__libc_init_array
                0x08006b28       0x48 C:/ST/STM32CubeIDE_1.19.0/STM32CubeIDE/plugins/com.st.stm32cube.ide.mcu.externaltools.gnu-tools-for-stm32.13.3.rel1.win32_1.0.0.202411081344/tools/bin/../lib/gcc/arm-none-eabi/13.3.1/../../../../arm-none-eabi/lib/thumb/v7e-m+fp/hard\libc_nano.a(libc_a-init.o)
                0x08006b28                __libc_init_array
 .text.__retarget_lock_acquire_recursive
                0x08006b70        0x2 C:/ST/STM32CubeIDE_1.19.0/STM32CubeIDE/plugins/com.st.stm32cube.ide.mcu.externaltools.gnu-tools-for-stm32.13.3.rel1.win32_1.0.0.202411081344/tools/bin/../lib/gcc/arm-none-eabi/13.3.1/../../../../arm-none-eabi/lib/thumb/v7e-m+fp/hard\libc_nano.a(libc_a-lock.o)
                0x08006b70                __retarget_lock_acquire_recursive
 .text.__retarget_lock_release_recursive
                0x08006b72        0x2 C:/ST/STM32CubeIDE_1.19.0/STM32CubeIDE/plugins/com.st.stm32cube.ide.mcu.externaltools.gnu-tools-for-stm32.13.3.rel1.win32_1.0.0.202411081344/tools/bin/../lib/gcc/arm-none-eabi/13.3.1/../../../../arm-none-eabi/lib/thumb/v7e-m+fp/hard\libc_nano.a(libc_a-lock.o)
                0x08006b72                __retarget_lock_release_recursive
 .text.memcpy   0x08006b74       0x1c C:/ST/STM32CubeIDE_1.19.0/STM32CubeIDE/plugins/com.st.stm32cube.ide.mcu.externaltools.gnu-tools-for-stm32.13.3.rel1.win32_1.0.0.202411081344/tools/bin/../lib/gcc/arm-none-eabi/13.3.1/../../../../arm-none-eabi/lib/thumb/v7e-m+fp/hard\libc_nano.a(libc_a-memcpy-stub.o)
                0x08006b74                memcpy
 .text._free_r  0x08006b90       0x94 C:/ST/STM32CubeIDE_1.19.0/STM32CubeIDE/plugins/com.st.stm32cube.ide.mcu.externaltools.gnu-tools-for-stm32.13.3.rel1.win32_1.0.0.202411081344/tools/bin/../lib/gcc/arm-none-eabi/13.3.1/../../../../arm-none-eabi/lib/thumb/v7e-m+fp/hard\libc_nano.a(libc_a-freer.o)
                0x08006b90                _free_r
 .text.sbrk_aligned
                0x08006c24       0x44 C:/ST/STM32CubeIDE_1.19.0/STM32CubeIDE/plugins/com.st.stm32cube.ide.mcu.externaltools.gnu-tools-for-stm32.13.3.rel1.win32_1.0.0.202411081344/tools/bin/../lib/gcc/arm-none-eabi/13.3.1/../../../../arm-none-eabi/lib/thumb/v7e-m+fp/hard\libc_nano.a(libc_a-mallocr.o)
 .text._malloc_r
                0x08006c68      0x100 C:/ST/STM32CubeIDE_1.19.0/STM32CubeIDE/plugins/com.st.stm32cube.ide.mcu.externaltools.gnu-tools-for-stm32.13.3.rel1.win32_1.0.0.202411081344/tools/bin/../lib/gcc/arm-none-eabi/13.3.1/../../../../arm-none-eabi/lib/thumb/v7e-m+fp/hard\libc_nano.a(libc_a-mallocr.o)
                0x08006c68                _malloc_r
 .text.__malloc_lock
                0x08006d68        0xc C:/ST/STM32CubeIDE_1.19.0/STM32CubeIDE/plugins/com.st.stm32cube.ide.mcu.externaltools.gnu-tools-for-stm32.13.3.rel1.win32_1.0.0.202411081344/tools/bin/../lib/gcc/arm-none-eabi/13.3.1/../../../../arm-none-eabi/lib/thumb/v7e-m+fp/hard\libc_nano.a(libc_a-mlock.o)
                0x08006d68                __malloc_lock
 .text.__malloc_unlock
                0x08006d74        0xc C:/ST/STM32CubeIDE_1.19.0/STM32CubeIDE/plugins/com.st.stm32cube.ide.mcu.externaltools.gnu-tools-for-stm32.13.3.rel1.win32_1.0.0.202411081344/tools/bin/../lib/gcc/arm-none-eabi/13.3.1/../../../../arm-none-eabi/lib/thumb/v7e-m+fp/hard\libc_nano.a(libc_a-mlock.o)
                0x08006d74                __malloc_unlock
 .text.__ssputs_r
                0x08006d80       0xb6 C:/ST/STM32CubeIDE_1.19.0/STM32CubeIDE/plugins/com.st.stm32cube.ide.mcu.externaltools.gnu-tools-for-stm32.13.3.rel1.win32_1.0.0.202411081344/tools/bin/../lib/gcc/arm-none-eabi/13.3.1/../../../../arm-none-eabi/lib/thumb/v7e-m+fp/hard\libc_nano.a(libc_a-nano-svfprintf.o)
                0x08006d80                __ssputs_r
 *fill*         0x08006e36        0x2 
 .text._svfprintf_r
                0x08006e38      0x1f8 C:/ST/STM32CubeIDE_1.19.0/STM32CubeIDE/plugins/com.st.stm32cube.ide.mcu.externaltools.gnu-tools-for-stm32.13.3.rel1.win32_1.0.0.202411081344/tools/bin/../lib/gcc/arm-none-eabi/13.3.1/../../../../arm-none-eabi/lib/thumb/v7e-m+fp/hard\libc_nano.a(libc_a-nano-svfprintf.o)
                0x08006e38                _svfiprintf_r
                0x08006e38                _svfprintf_r
 .text._printf_common
                0x08007030       0xda C:/ST/STM32CubeIDE_1.19.0/STM32CubeIDE/plugins/com.st.stm32cube.ide.mcu.externaltools.gnu-tools-for-stm32.13.3.rel1.win32_1.0.0.202411081344/tools/bin/../lib/gcc/arm-none-eabi/13.3.1/../../../../arm-none-eabi/lib/thumb/v7e-m+fp/hard\libc_nano.a(libc_a-nano-vfprintf_i.o)
                0x08007030                _printf_common
 *fill*         0x0800710a        0x2 
 .text._printf_i
                0x0800710c      0x23c C:/ST/STM32CubeIDE_1.19.0/STM32CubeIDE/plugins/com.st.stm32cube.ide.mcu.externaltools.gnu-tools-for-stm32.13.3.rel1.win32_1.0.0.202411081344/tools/bin/../lib/gcc/arm-none-eabi/13.3.1/../../../../arm-none-eabi/lib/thumb/v7e-m+fp/hard\libc_nano.a(libc_a-nano-vfprintf_i.o)
                0x0800710c                _printf_i
 .text.memmove  0x08007348       0x34 C:/ST/STM32CubeIDE_1.19.0/STM32CubeIDE/plugins/com.st.stm32cube.ide.mcu.externaltools.gnu-tools-for-stm32.13.3.rel1.win32_1.0.0.202411081344/tools/bin/../lib/gcc/arm-none-eabi/13.3.1/../../../../arm-none-eabi/lib/thumb/v7e-m+fp/hard\libc_nano.a(libc_a-memmove.o)
                0x08007348                memmove
 .text._sbrk_r  0x0800737c       0x20 C:/ST/STM32CubeIDE_1.19.0/STM32CubeIDE/plugins/com.st.stm32cube.ide.mcu.externaltools.gnu-tools-for-stm32.13.3.rel1.win32_1.0.0.202411081344/tools/bin/../lib/gcc/arm-none-eabi/13.3.1/../../../../arm-none-eabi/lib/thumb/v7e-m+fp/hard\libc_nano.a(libc_a-sbrkr.o)
                0x0800737c                _sbrk_r
 .text._realloc_r
                0x0800739c       0x5c C:/ST/STM32CubeIDE_1.19.0/STM32CubeIDE/plugins/com.st.stm32cube.ide.mcu.externaltools.gnu-tools-for-stm32.13.3.rel1.win32_1.0.0.202411081344/tools/bin/../lib/gcc/arm-none-eabi/13.3.1/../../../../arm-none-eabi/lib/thumb/v7e-m+fp/hard\libc_nano.a(libc_a-reallocr.o)
                0x0800739c                _realloc_r
 .text._malloc_usable_size_r
                0x080073f8       0x10 C:/ST/STM32CubeIDE_1.19.0/STM32CubeIDE/plugins/com.st.stm32cube.ide.mcu.externaltools.gnu-tools-for-stm32.13.3.rel1.win32_1.0.0.202411081344/tools/bin/../lib/gcc/arm-none-eabi/13.3.1/../../../../arm-none-eabi/lib/thumb/v7e-m+fp/hard\libc_nano.a(libc_a-msizer.o)
                0x080073f8                _malloc_usable_size_r
 *(.glue_7)
 .glue_7        0x08007408        0x0 linker stubs
 *(.glue_7t)
 .glue_7t       0x08007408        0x0 linker stubs
 *(.eh_frame)
 .eh_frame      0x08007408        0x0 C:/ST/STM32CubeIDE_1.19.0/STM32CubeIDE/plugins/com.st.stm32cube.ide.mcu.externaltools.gnu-tools-for-stm32.13.3.rel1.win32_1.0.0.202411081344/tools/bin/../lib/gcc/arm-none-eabi/13.3.1/thumb/v7e-m+fp/hard/crtbegin.o
 *(.init)
 .init          0x08007408        0x4 C:/ST/STM32CubeIDE_1.19.0/STM32CubeIDE/plugins/com.st.stm32cube.ide.mcu.externaltools.gnu-tools-for-stm32.13.3.rel1.win32_1.0.0.202411081344/tools/bin/../lib/gcc/arm-none-eabi/13.3.1/thumb/v7e-m+fp/hard/crti.o
                0x08007408                _init
 .init          0x0800740c        0x8 C:/ST/STM32CubeIDE_1.19.0/STM32CubeIDE/plugins/com.st.stm32cube.ide.mcu.externaltools.gnu-tools-for-stm32.13.3.rel1.win32_1.0.0.202411081344/tools/bin/../lib/gcc/arm-none-eabi/13.3.1/thumb/v7e-m+fp/hard/crtn.o
 *(.fini)
 .fini          0x08007414        0x4 C:/ST/STM32CubeIDE_1.19.0/STM32CubeIDE/plugins/com.st.stm32cube.ide.mcu.externaltools.gnu-tools-for-stm32.13.3.rel1.win32_1.0.0.202411081344/tools/bin/../lib/gcc/arm-none-eabi/13.3.1/thumb/v7e-m+fp/hard/crti.o
                0x08007414                _fini
 .fini          0x08007418        0x8 C:/ST/STM32CubeIDE_1.19.0/STM32CubeIDE/plugins/com.st.stm32cube.ide.mcu.externaltools.gnu-tools-for-stm32.13.3.rel1.win32_1.0.0.202411081344/tools/bin/../lib/gcc/arm-none-eabi/13.3.1/thumb/v7e-m+fp/hard/crtn.o
                0x08007420                        . = ALIGN (0x4)
                0x08007420                        _etext = .

.vfp11_veneer   0x08007420        0x0
 .vfp11_veneer  0x08007420        0x0 linker stubs

.v4_bx          0x08007420        0x0
 .v4_bx         0x08007420        0x0 linker stubs

.iplt           0x08007420        0x0
 .iplt          0x08007420        0x0 C:/ST/STM32CubeIDE_1.19.0/STM32CubeIDE/plugins/com.st.stm32cube.ide.mcu.externaltools.gnu-tools-for-stm32.13.3.rel1.win32_1.0.0.202411081344/tools/bin/../lib/gcc/arm-none-eabi/13.3.1/thumb/v7e-m+fp/hard/crtbegin.o

.rodata         0x08007420      0x278
                0x08007420                        . = ALIGN (0x4)
 *(.rodata)
 .rodata        0x08007420      0x226 ./Core/Src/main.o
 *(.rodata*)
 *fill*         0x08007646        0x2 
 .rodata._ZZN17LiquidCrystal_I2C9setCursorEhhE11row_offsets
                0x08007648        0x4 ./Core/Src/LiquidCrystal_I2C_STM32.o
 .rodata.AHBPrescTable
                0x0800764c       0x10 ./Core/Src/system_stm32f4xx.o
                0x0800764c                AHBPrescTable
 .rodata.APBPrescTable
                0x0800765c        0x8 ./Core/Src/system_stm32f4xx.o
                0x0800765c                APBPrescTable
 .rodata._svfprintf_r.str1.1
                0x08007664       0x33 C:/ST/STM32CubeIDE_1.19.0/STM32CubeIDE/plugins/com.st.stm32cube.ide.mcu.externaltools.gnu-tools-for-stm32.13.3.rel1.win32_1.0.0.202411081344/tools/bin/../lib/gcc/arm-none-eabi/13.3.1/../../../../arm-none-eabi/lib/thumb/v7e-m+fp/hard\libc_nano.a(libc_a-nano-svfprintf.o)
                                 0x11 (size before relaxing)
 .rodata._printf_i.str1.1
                0x08007697       0x22 C:/ST/STM32CubeIDE_1.19.0/STM32CubeIDE/plugins/com.st.stm32cube.ide.mcu.externaltools.gnu-tools-for-stm32.13.3.rel1.win32_1.0.0.202411081344/tools/bin/../lib/gcc/arm-none-eabi/13.3.1/../../../../arm-none-eabi/lib/thumb/v7e-m+fp/hard\libc_nano.a(libc_a-nano-vfprintf_i.o)
                0x080076bc                        . = ALIGN (0x4)
 *fill*         0x08007697        0x1 

.ARM.extab      0x08007698        0x0
                0x08007698                        . = ALIGN (0x4)
 *(.ARM.extab* .gnu.linkonce.armextab.*)
                0x08007698                        . = ALIGN (0x4)

.ARM            0x08007698        0x8
                0x08007698                        . = ALIGN (0x4)
                0x08007698                        __exidx_start = .
 *(.ARM.exidx*)
 .ARM.exidx     0x08007698        0x8 C:/ST/STM32CubeIDE_1.19.0/STM32CubeIDE/plugins/com.st.stm32cube.ide.mcu.externaltools.gnu-tools-for-stm32.13.3.rel1.win32_1.0.0.202411081344/tools/bin/../lib/gcc/arm-none-eabi/13.3.1/../../../../arm-none-eabi/lib/thumb/v7e-m+fp/hard\libc_nano.a(libc_a-strlen.o)
 .ARM.exidx     0x080076a0        0x0 C:/ST/STM32CubeIDE_1.19.0/STM32CubeIDE/plugins/com.st.stm32cube.ide.mcu.externaltools.gnu-tools-for-stm32.13.3.rel1.win32_1.0.0.202411081344/tools/bin/../lib/gcc/arm-none-eabi/13.3.1/../../../../arm-none-eabi/lib/thumb/v7e-m+fp/hard\libc_nano.a(libc_a-memchr.o)
                                  0x8 (size before relaxing)
 .ARM.exidx     0x080076a0        0x0 C:/ST/STM32CubeIDE_1.19.0/STM32CubeIDE/plugins/com.st.stm32cube.ide.mcu.externaltools.gnu-tools-for-stm32.13.3.rel1.win32_1.0.0.202411081344/tools/bin/../lib/gcc/arm-none-eabi/13.3.1/thumb/v7e-m+fp/hard\libgcc.a(_udivmoddi4.o)
                                  0x8 (size before relaxing)
                0x080076a0                        __exidx_end = .
                0x080076a0                        . = ALIGN (0x4)

.preinit_array  0x080076a0        0x0
                0x080076a0                        . = ALIGN (0x4)
                0x080076a0                        PROVIDE (__preinit_array_start = .)
 *(.preinit_array*)
                0x080076a0                        PROVIDE (__preinit_array_end = .)
                0x080076a0                        . = ALIGN (0x4)

.init_array     0x080076a0        0x8
                0x080076a0                        . = ALIGN (0x4)
                0x080076a0                        PROVIDE (__init_array_start = .)
 *(SORT_BY_NAME(.init_array.*))
 *(.init_array*)
 .init_array    0x080076a0        0x4 C:/ST/STM32CubeIDE_1.19.0/STM32CubeIDE/plugins/com.st.stm32cube.ide.mcu.externaltools.gnu-tools-for-stm32.13.3.rel1.win32_1.0.0.202411081344/tools/bin/../lib/gcc/arm-none-eabi/13.3.1/thumb/v7e-m+fp/hard/crtbegin.o
 .init_array    0x080076a4        0x4 ./Core/Src/main.o
                0x080076a8                        PROVIDE (__init_array_end = .)
                0x080076a8                        . = ALIGN (0x4)

.fini_array     0x080076a8        0x4
                0x080076a8                        . = ALIGN (0x4)
                [!provide]                        PROVIDE (__fini_array_start = .)
 *(SORT_BY_NAME(.fini_array.*))
 *(.fini_array*)
 .fini_array    0x080076a8        0x4 C:/ST/STM32CubeIDE_1.19.0/STM32CubeIDE/plugins/com.st.stm32cube.ide.mcu.externaltools.gnu-tools-for-stm32.13.3.rel1.win32_1.0.0.202411081344/tools/bin/../lib/gcc/arm-none-eabi/13.3.1/thumb/v7e-m+fp/hard/crtbegin.o
                [!provide]                        PROVIDE (__fini_array_end = .)
                0x080076ac                        . = ALIGN (0x4)
                0x080076ac                        _sidata = LOADADDR (.data)

.rel.dyn        0x080076ac        0x0
 .rel.iplt      0x080076ac        0x0 C:/ST/STM32CubeIDE_1.19.0/STM32CubeIDE/plugins/com.st.stm32cube.ide.mcu.externaltools.gnu-tools-for-stm32.13.3.rel1.win32_1.0.0.202411081344/tools/bin/../lib/gcc/arm-none-eabi/13.3.1/thumb/v7e-m+fp/hard/crtbegin.o

.data           0x20000000       0x60 load address 0x080076ac
                0x20000000                        . = ALIGN (0x4)
                0x20000000                        _sdata = .
 *(.data)
 *(.data*)
 .data.DisMenu  0x20000000        0x1 ./Core/Src/main.o
                0x20000000                DisMenu
 *fill*         0x20000001        0x3 
 .data.SystemCoreClock
                0x20000004        0x4 ./Core/Src/system_stm32f4xx.o
                0x20000004                SystemCoreClock
 .data.uwTickPrio
                0x20000008        0x4 ./Drivers/STM32F4xx_HAL_Driver/Src/stm32f4xx_hal.o
                0x20000008                uwTickPrio
 .data.uwTickFreq
                0x2000000c        0x1 ./Drivers/STM32F4xx_HAL_Driver/Src/stm32f4xx_hal.o
                0x2000000c                uwTickFreq
 *fill*         0x2000000d        0x3 
 .data._impure_ptr
                0x20000010        0x4 C:/ST/STM32CubeIDE_1.19.0/STM32CubeIDE/plugins/com.st.stm32cube.ide.mcu.externaltools.gnu-tools-for-stm32.13.3.rel1.win32_1.0.0.202411081344/tools/bin/../lib/gcc/arm-none-eabi/13.3.1/../../../../arm-none-eabi/lib/thumb/v7e-m+fp/hard\libc_nano.a(libc_a-impure.o)
                0x20000010                _impure_ptr
 .data._impure_data
                0x20000014       0x4c C:/ST/STM32CubeIDE_1.19.0/STM32CubeIDE/plugins/com.st.stm32cube.ide.mcu.externaltools.gnu-tools-for-stm32.13.3.rel1.win32_1.0.0.202411081344/tools/bin/../lib/gcc/arm-none-eabi/13.3.1/../../../../arm-none-eabi/lib/thumb/v7e-m+fp/hard\libc_nano.a(libc_a-impure.o)
                0x20000014                _impure_data
 *(.RamFunc)
 *(.RamFunc*)
                0x20000060                        . = ALIGN (0x4)
                0x20000060                        _edata = .

.igot.plt       0x20000060        0x0 load address 0x0800770c
 .igot.plt      0x20000060        0x0 C:/ST/STM32CubeIDE_1.19.0/STM32CubeIDE/plugins/com.st.stm32cube.ide.mcu.externaltools.gnu-tools-for-stm32.13.3.rel1.win32_1.0.0.202411081344/tools/bin/../lib/gcc/arm-none-eabi/13.3.1/thumb/v7e-m+fp/hard/crtbegin.o
                0x20000060                        . = ALIGN (0x4)

.bss            0x20000060     0x2c2c load address 0x0800770c
                0x20000060                        _sbss = .
                0x20000060                        __bss_start__ = _sbss
 *(.bss)
 .bss           0x20000060       0x1c C:/ST/STM32CubeIDE_1.19.0/STM32CubeIDE/plugins/com.st.stm32cube.ide.mcu.externaltools.gnu-tools-for-stm32.13.3.rel1.win32_1.0.0.202411081344/tools/bin/../lib/gcc/arm-none-eabi/13.3.1/thumb/v7e-m+fp/hard/crtbegin.o
 *(.bss*)
 .bss.KEY       0x2000007c        0x4 ./Core/Src/main.o
 .bss.FL        0x20000080        0x4 ./Core/Src/main.o
 .bss.keystt    0x20000084        0x1 ./Core/Src/main.o
                0x20000084                keystt
 .bss.Master_ID
                0x20000085        0x1 ./Core/Src/main.o
                0x20000085                Master_ID
 .bss.Number_of_Display
                0x20000086        0x1 ./Core/Src/main.o
                0x20000086                Number_of_Display
 .bss.Total_Floor
                0x20000087        0x1 ./Core/Src/main.o
                0x20000087                Total_Floor
 .bss.Displays  0x20000088       0x1b ./Core/Src/main.o
                0x20000088                Displays
 *fill*         0x200000a3        0x1 
 .bss.hi2c1     0x200000a4       0x54 ./Core/Src/main.o
                0x200000a4                hi2c1
 .bss.hi2c3     0x200000f8       0x54 ./Core/Src/main.o
                0x200000f8                hi2c3
 .bss.htim3     0x2000014c       0x48 ./Core/Src/main.o
                0x2000014c                htim3
 .bss.huart4    0x20000194       0x48 ./Core/Src/main.o
                0x20000194                huart4
 .bss.huart1    0x200001dc       0x48 ./Core/Src/main.o
                0x200001dc                huart1
 .bss.huart2    0x20000224       0x48 ./Core/Src/main.o
                0x20000224                huart2
 .bss.Master_rx
                0x2000026c       0x14 ./Core/Src/main.o
                0x2000026c                Master_rx
 .bss.Zone_rx   0x20000280      0x100 ./Core/Src/main.o
                0x20000280                Zone_rx
 .bss.Master_tx
                0x20000380     0x1388 ./Core/Src/main.o
                0x20000380                Master_tx
 .bss.Master_response
                0x20001708     0x1388 ./Core/Src/main.o
                0x20001708                Master_response
 .bss.Master_tx_idx
                0x20002a90        0x2 ./Core/Src/main.o
                0x20002a90                Master_tx_idx
 .bss.Current_Floor
                0x20002a92        0x2 ./Core/Src/main.o
                0x20002a92                Current_Floor
 .bss._ZL3idx   0x20002a94        0x2 ./Core/Src/main.o
 *fill*         0x20002a96        0x2 
 .bss.Master_Total_Vacant
                0x20002a98        0x4 ./Core/Src/main.o
                0x20002a98                Master_Total_Vacant
 .bss.Master_Total_Engaged
                0x20002a9c        0x4 ./Core/Src/main.o
                0x20002a9c                Master_Total_Engaged
 .bss.Master_Total_Faulty
                0x20002aa0        0x4 ./Core/Src/main.o
                0x20002aa0                Master_Total_Faulty
 .bss.Master_Total_NoComm
                0x20002aa4        0x4 ./Core/Src/main.o
                0x20002aa4                Master_Total_NoComm
 .bss.timer1    0x20002aa8        0x1 ./Core/Src/main.o
                0x20002aa8                timer1
 *fill*         0x20002aa9        0x3 
 .bss._ZL11last_update
                0x20002aac        0x4 ./Core/Src/main.o
 .bss.flg       0x20002ab0        0x1 ./Core/Src/main.o
                0x20002ab0                flg
 *fill*         0x20002ab1        0x3 
 .bss.Floor_display
                0x20002ab4       0x14 ./Core/Src/main.o
                0x20002ab4                Floor_display
 .bss.Floor_display_Copy
                0x20002ac8       0x64 ./Core/Src/main.o
                0x20002ac8                Floor_display_Copy
 .bss.lcd       0x20002b2c       0x10 ./Core/Src/main.o
                0x20002b2c                lcd
 .bss.__sbrk_heap_end
                0x20002b3c        0x4 ./Core/Src/sysmem.o
 .bss.uwTick    0x20002b40        0x4 ./Drivers/STM32F4xx_HAL_Driver/Src/stm32f4xx_hal.o
                0x20002b40                uwTick
 .bss.__sf      0x20002b44      0x138 C:/ST/STM32CubeIDE_1.19.0/STM32CubeIDE/plugins/com.st.stm32cube.ide.mcu.externaltools.gnu-tools-for-stm32.13.3.rel1.win32_1.0.0.202411081344/tools/bin/../lib/gcc/arm-none-eabi/13.3.1/../../../../arm-none-eabi/lib/thumb/v7e-m+fp/hard\libc_nano.a(libc_a-findfp.o)
                0x20002b44                __sf
 .bss.errno     0x20002c7c        0x4 C:/ST/STM32CubeIDE_1.19.0/STM32CubeIDE/plugins/com.st.stm32cube.ide.mcu.externaltools.gnu-tools-for-stm32.13.3.rel1.win32_1.0.0.202411081344/tools/bin/../lib/gcc/arm-none-eabi/13.3.1/../../../../arm-none-eabi/lib/thumb/v7e-m+fp/hard\libc_nano.a(libc_a-reent.o)
                0x20002c7c                errno
 .bss.__lock___malloc_recursive_mutex
                0x20002c80        0x1 C:/ST/STM32CubeIDE_1.19.0/STM32CubeIDE/plugins/com.st.stm32cube.ide.mcu.externaltools.gnu-tools-for-stm32.13.3.rel1.win32_1.0.0.202411081344/tools/bin/../lib/gcc/arm-none-eabi/13.3.1/../../../../arm-none-eabi/lib/thumb/v7e-m+fp/hard\libc_nano.a(libc_a-lock.o)
                0x20002c80                __lock___malloc_recursive_mutex
 *fill*         0x20002c81        0x3 
 .bss.__malloc_sbrk_start
                0x20002c84        0x4 C:/ST/STM32CubeIDE_1.19.0/STM32CubeIDE/plugins/com.st.stm32cube.ide.mcu.externaltools.gnu-tools-for-stm32.13.3.rel1.win32_1.0.0.202411081344/tools/bin/../lib/gcc/arm-none-eabi/13.3.1/../../../../arm-none-eabi/lib/thumb/v7e-m+fp/hard\libc_nano.a(libc_a-mallocr.o)
                0x20002c84                __malloc_sbrk_start
 .bss.__malloc_free_list
                0x20002c88        0x4 C:/ST/STM32CubeIDE_1.19.0/STM32CubeIDE/plugins/com.st.stm32cube.ide.mcu.externaltools.gnu-tools-for-stm32.13.3.rel1.win32_1.0.0.202411081344/tools/bin/../lib/gcc/arm-none-eabi/13.3.1/../../../../arm-none-eabi/lib/thumb/v7e-m+fp/hard\libc_nano.a(libc_a-mallocr.o)
                0x20002c88                __malloc_free_list
 *(COMMON)
                0x20002c8c                        . = ALIGN (0x4)
                0x20002c8c                        _ebss = .
                0x20002c8c                        __bss_end__ = _ebss

._user_heap_stack
                0x20002c8c      0x604 load address 0x0800770c
                0x20002c90                        . = ALIGN (0x8)
 *fill*         0x20002c8c        0x4 
                [!provide]                        PROVIDE (end = .)
                0x20002c90                        PROVIDE (_end = .)
                0x20002e90                        . = (. + _Min_Heap_Size)
 *fill*         0x20002c90      0x200 
                0x20003290                        . = (. + _Min_Stack_Size)
 *fill*         0x20002e90      0x400 
                0x20003290                        . = ALIGN (0x8)

/DISCARD/
 libc.a(*)
 libm.a(*)
 libgcc.a(*)

.ARM.attributes
                0x00000000       0x30
 *(.ARM.attributes)
 .ARM.attributes
                0x00000000       0x22 C:/ST/STM32CubeIDE_1.19.0/STM32CubeIDE/plugins/com.st.stm32cube.ide.mcu.externaltools.gnu-tools-for-stm32.13.3.rel1.win32_1.0.0.202411081344/tools/bin/../lib/gcc/arm-none-eabi/13.3.1/thumb/v7e-m+fp/hard/crti.o
 .ARM.attributes
                0x00000022       0x34 C:/ST/STM32CubeIDE_1.19.0/STM32CubeIDE/plugins/com.st.stm32cube.ide.mcu.externaltools.gnu-tools-for-stm32.13.3.rel1.win32_1.0.0.202411081344/tools/bin/../lib/gcc/arm-none-eabi/13.3.1/thumb/v7e-m+fp/hard/crtbegin.o
 .ARM.attributes
                0x00000056       0x34 ./Core/Src/LiquidCrystal_I2C_STM32.o
 .ARM.attributes
                0x0000008a       0x34 ./Core/Src/main.o
 .ARM.attributes
                0x000000be       0x34 ./Core/Src/stm32f4xx_hal_msp.o
 .ARM.attributes
                0x000000f2       0x34 ./Core/Src/stm32f4xx_it.o
 .ARM.attributes
                0x00000126       0x34 ./Core/Src/sysmem.o
 .ARM.attributes
                0x0000015a       0x34 ./Core/Src/system_stm32f4xx.o
 .ARM.attributes
                0x0000018e       0x21 ./Core/Startup/startup_stm32f446retx.o
 .ARM.attributes
                0x000001af       0x34 ./Drivers/STM32F4xx_HAL_Driver/Src/stm32f4xx_hal.o
 .ARM.attributes
                0x000001e3       0x34 ./Drivers/STM32F4xx_HAL_Driver/Src/stm32f4xx_hal_cortex.o
 .ARM.attributes
                0x00000217       0x34 ./Drivers/STM32F4xx_HAL_Driver/Src/stm32f4xx_hal_dma.o
 .ARM.attributes
                0x0000024b       0x34 ./Drivers/STM32F4xx_HAL_Driver/Src/stm32f4xx_hal_gpio.o
 .ARM.attributes
                0x0000027f       0x34 ./Drivers/STM32F4xx_HAL_Driver/Src/stm32f4xx_hal_i2c.o
 .ARM.attributes
                0x000002b3       0x34 ./Drivers/STM32F4xx_HAL_Driver/Src/stm32f4xx_hal_rcc.o
 .ARM.attributes
                0x000002e7       0x34 ./Drivers/STM32F4xx_HAL_Driver/Src/stm32f4xx_hal_rcc_ex.o
 .ARM.attributes
                0x0000031b       0x34 ./Drivers/STM32F4xx_HAL_Driver/Src/stm32f4xx_hal_tim.o
 .ARM.attributes
                0x0000034f       0x34 ./Drivers/STM32F4xx_HAL_Driver/Src/stm32f4xx_hal_tim_ex.o
 .ARM.attributes
                0x00000383       0x34 ./Drivers/STM32F4xx_HAL_Driver/Src/stm32f4xx_hal_uart.o
 .ARM.attributes
                0x000003b7       0x34 C:/ST/STM32CubeIDE_1.19.0/STM32CubeIDE/plugins/com.st.stm32cube.ide.mcu.externaltools.gnu-tools-for-stm32.13.3.rel1.win32_1.0.0.202411081344/tools/bin/../lib/gcc/arm-none-eabi/13.3.1/../../../../arm-none-eabi/lib/thumb/v7e-m+fp/hard\libc_nano.a(libc_a-findfp.o)
 .ARM.attributes
                0x000003eb       0x34 C:/ST/STM32CubeIDE_1.19.0/STM32CubeIDE/plugins/com.st.stm32cube.ide.mcu.externaltools.gnu-tools-for-stm32.13.3.rel1.win32_1.0.0.202411081344/tools/bin/../lib/gcc/arm-none-eabi/13.3.1/../../../../arm-none-eabi/lib/thumb/v7e-m+fp/hard\libc_nano.a(libc_a-snprintf.o)
 .ARM.attributes
                0x0000041f       0x34 C:/ST/STM32CubeIDE_1.19.0/STM32CubeIDE/plugins/com.st.stm32cube.ide.mcu.externaltools.gnu-tools-for-stm32.13.3.rel1.win32_1.0.0.202411081344/tools/bin/../lib/gcc/arm-none-eabi/13.3.1/../../../../arm-none-eabi/lib/thumb/v7e-m+fp/hard\libc_nano.a(libc_a-sprintf.o)
 .ARM.attributes
                0x00000453       0x34 C:/ST/STM32CubeIDE_1.19.0/STM32CubeIDE/plugins/com.st.stm32cube.ide.mcu.externaltools.gnu-tools-for-stm32.13.3.rel1.win32_1.0.0.202411081344/tools/bin/../lib/gcc/arm-none-eabi/13.3.1/../../../../arm-none-eabi/lib/thumb/v7e-m+fp/hard\libc_nano.a(libc_a-memset.o)
 .ARM.attributes
                0x00000487       0x34 C:/ST/STM32CubeIDE_1.19.0/STM32CubeIDE/plugins/com.st.stm32cube.ide.mcu.externaltools.gnu-tools-for-stm32.13.3.rel1.win32_1.0.0.202411081344/tools/bin/../lib/gcc/arm-none-eabi/13.3.1/../../../../arm-none-eabi/lib/thumb/v7e-m+fp/hard\libc_nano.a(libc_a-reent.o)
 .ARM.attributes
                0x000004bb       0x34 C:/ST/STM32CubeIDE_1.19.0/STM32CubeIDE/plugins/com.st.stm32cube.ide.mcu.externaltools.gnu-tools-for-stm32.13.3.rel1.win32_1.0.0.202411081344/tools/bin/../lib/gcc/arm-none-eabi/13.3.1/../../../../arm-none-eabi/lib/thumb/v7e-m+fp/hard\libc_nano.a(libc_a-impure.o)
 .ARM.attributes
                0x000004ef       0x34 C:/ST/STM32CubeIDE_1.19.0/STM32CubeIDE/plugins/com.st.stm32cube.ide.mcu.externaltools.gnu-tools-for-stm32.13.3.rel1.win32_1.0.0.202411081344/tools/bin/../lib/gcc/arm-none-eabi/13.3.1/../../../../arm-none-eabi/lib/thumb/v7e-m+fp/hard\libc_nano.a(libc_a-errno.o)
 .ARM.attributes
                0x00000523       0x34 C:/ST/STM32CubeIDE_1.19.0/STM32CubeIDE/plugins/com.st.stm32cube.ide.mcu.externaltools.gnu-tools-for-stm32.13.3.rel1.win32_1.0.0.202411081344/tools/bin/../lib/gcc/arm-none-eabi/13.3.1/../../../../arm-none-eabi/lib/thumb/v7e-m+fp/hard\libc_nano.a(libc_a-init.o)
 .ARM.attributes
                0x00000557       0x34 C:/ST/STM32CubeIDE_1.19.0/STM32CubeIDE/plugins/com.st.stm32cube.ide.mcu.externaltools.gnu-tools-for-stm32.13.3.rel1.win32_1.0.0.202411081344/tools/bin/../lib/gcc/arm-none-eabi/13.3.1/../../../../arm-none-eabi/lib/thumb/v7e-m+fp/hard\libc_nano.a(libc_a-lock.o)
 .ARM.attributes
                0x0000058b       0x34 C:/ST/STM32CubeIDE_1.19.0/STM32CubeIDE/plugins/com.st.stm32cube.ide.mcu.externaltools.gnu-tools-for-stm32.13.3.rel1.win32_1.0.0.202411081344/tools/bin/../lib/gcc/arm-none-eabi/13.3.1/../../../../arm-none-eabi/lib/thumb/v7e-m+fp/hard\libc_nano.a(libc_a-memcpy-stub.o)
 .ARM.attributes
                0x000005bf       0x17 C:/ST/STM32CubeIDE_1.19.0/STM32CubeIDE/plugins/com.st.stm32cube.ide.mcu.externaltools.gnu-tools-for-stm32.13.3.rel1.win32_1.0.0.202411081344/tools/bin/../lib/gcc/arm-none-eabi/13.3.1/../../../../arm-none-eabi/lib/thumb/v7e-m+fp/hard\libc_nano.a(libc_a-strlen.o)
 .ARM.attributes
                0x000005d6       0x34 C:/ST/STM32CubeIDE_1.19.0/STM32CubeIDE/plugins/com.st.stm32cube.ide.mcu.externaltools.gnu-tools-for-stm32.13.3.rel1.win32_1.0.0.202411081344/tools/bin/../lib/gcc/arm-none-eabi/13.3.1/../../../../arm-none-eabi/lib/thumb/v7e-m+fp/hard\libc_nano.a(libc_a-freer.o)
 .ARM.attributes
                0x0000060a       0x34 C:/ST/STM32CubeIDE_1.19.0/STM32CubeIDE/plugins/com.st.stm32cube.ide.mcu.externaltools.gnu-tools-for-stm32.13.3.rel1.win32_1.0.0.202411081344/tools/bin/../lib/gcc/arm-none-eabi/13.3.1/../../../../arm-none-eabi/lib/thumb/v7e-m+fp/hard\libc_nano.a(libc_a-mallocr.o)
 .ARM.attributes
                0x0000063e       0x34 C:/ST/STM32CubeIDE_1.19.0/STM32CubeIDE/plugins/com.st.stm32cube.ide.mcu.externaltools.gnu-tools-for-stm32.13.3.rel1.win32_1.0.0.202411081344/tools/bin/../lib/gcc/arm-none-eabi/13.3.1/../../../../arm-none-eabi/lib/thumb/v7e-m+fp/hard\libc_nano.a(libc_a-mlock.o)
 .ARM.attributes
                0x00000672       0x34 C:/ST/STM32CubeIDE_1.19.0/STM32CubeIDE/plugins/com.st.stm32cube.ide.mcu.externaltools.gnu-tools-for-stm32.13.3.rel1.win32_1.0.0.202411081344/tools/bin/../lib/gcc/arm-none-eabi/13.3.1/../../../../arm-none-eabi/lib/thumb/v7e-m+fp/hard\libc_nano.a(libc_a-nano-svfprintf.o)
 .ARM.attributes
                0x000006a6       0x34 C:/ST/STM32CubeIDE_1.19.0/STM32CubeIDE/plugins/com.st.stm32cube.ide.mcu.externaltools.gnu-tools-for-stm32.13.3.rel1.win32_1.0.0.202411081344/tools/bin/../lib/gcc/arm-none-eabi/13.3.1/../../../../arm-none-eabi/lib/thumb/v7e-m+fp/hard\libc_nano.a(libc_a-nano-vfprintf_i.o)
 .ARM.attributes
                0x000006da       0x34 C:/ST/STM32CubeIDE_1.19.0/STM32CubeIDE/plugins/com.st.stm32cube.ide.mcu.externaltools.gnu-tools-for-stm32.13.3.rel1.win32_1.0.0.202411081344/tools/bin/../lib/gcc/arm-none-eabi/13.3.1/../../../../arm-none-eabi/lib/thumb/v7e-m+fp/hard\libc_nano.a(libc_a-memmove.o)
 .ARM.attributes
                0x0000070e       0x34 C:/ST/STM32CubeIDE_1.19.0/STM32CubeIDE/plugins/com.st.stm32cube.ide.mcu.externaltools.gnu-tools-for-stm32.13.3.rel1.win32_1.0.0.202411081344/tools/bin/../lib/gcc/arm-none-eabi/13.3.1/../../../../arm-none-eabi/lib/thumb/v7e-m+fp/hard\libc_nano.a(libc_a-sbrkr.o)
 .ARM.attributes
                0x00000742       0x1c C:/ST/STM32CubeIDE_1.19.0/STM32CubeIDE/plugins/com.st.stm32cube.ide.mcu.externaltools.gnu-tools-for-stm32.13.3.rel1.win32_1.0.0.202411081344/tools/bin/../lib/gcc/arm-none-eabi/13.3.1/../../../../arm-none-eabi/lib/thumb/v7e-m+fp/hard\libc_nano.a(libc_a-memchr.o)
 .ARM.attributes
                0x0000075e       0x34 C:/ST/STM32CubeIDE_1.19.0/STM32CubeIDE/plugins/com.st.stm32cube.ide.mcu.externaltools.gnu-tools-for-stm32.13.3.rel1.win32_1.0.0.202411081344/tools/bin/../lib/gcc/arm-none-eabi/13.3.1/../../../../arm-none-eabi/lib/thumb/v7e-m+fp/hard\libc_nano.a(libc_a-reallocr.o)
 .ARM.attributes
                0x00000792       0x34 C:/ST/STM32CubeIDE_1.19.0/STM32CubeIDE/plugins/com.st.stm32cube.ide.mcu.externaltools.gnu-tools-for-stm32.13.3.rel1.win32_1.0.0.202411081344/tools/bin/../lib/gcc/arm-none-eabi/13.3.1/../../../../arm-none-eabi/lib/thumb/v7e-m+fp/hard\libc_nano.a(libc_a-msizer.o)
 .ARM.attributes
                0x000007c6       0x22 C:/ST/STM32CubeIDE_1.19.0/STM32CubeIDE/plugins/com.st.stm32cube.ide.mcu.externaltools.gnu-tools-for-stm32.13.3.rel1.win32_1.0.0.202411081344/tools/bin/../lib/gcc/arm-none-eabi/13.3.1/thumb/v7e-m+fp/hard\libgcc.a(_aeabi_uldivmod.o)
 .ARM.attributes
                0x000007e8       0x34 C:/ST/STM32CubeIDE_1.19.0/STM32CubeIDE/plugins/com.st.stm32cube.ide.mcu.externaltools.gnu-tools-for-stm32.13.3.rel1.win32_1.0.0.202411081344/tools/bin/../lib/gcc/arm-none-eabi/13.3.1/thumb/v7e-m+fp/hard\libgcc.a(_udivmoddi4.o)
 .ARM.attributes
                0x0000081c       0x22 C:/ST/STM32CubeIDE_1.19.0/STM32CubeIDE/plugins/com.st.stm32cube.ide.mcu.externaltools.gnu-tools-for-stm32.13.3.rel1.win32_1.0.0.202411081344/tools/bin/../lib/gcc/arm-none-eabi/13.3.1/thumb/v7e-m+fp/hard\libgcc.a(_dvmd_tls.o)
 .ARM.attributes
                0x0000083e       0x22 C:/ST/STM32CubeIDE_1.19.0/STM32CubeIDE/plugins/com.st.stm32cube.ide.mcu.externaltools.gnu-tools-for-stm32.13.3.rel1.win32_1.0.0.202411081344/tools/bin/../lib/gcc/arm-none-eabi/13.3.1/thumb/v7e-m+fp/hard/crtn.o
OUTPUT(PGS_Master_Houston.elf elf32-littlearm)
LOAD linker stubs
LOAD C:/ST/STM32CubeIDE_1.19.0/STM32CubeIDE/plugins/com.st.stm32cube.ide.mcu.externaltools.gnu-tools-for-stm32.13.3.rel1.win32_1.0.0.202411081344/tools/bin/../lib/gcc/arm-none-eabi/13.3.1/../../../../arm-none-eabi/lib/thumb/v7e-m+fp/hard\libc.a
LOAD C:/ST/STM32CubeIDE_1.19.0/STM32CubeIDE/plugins/com.st.stm32cube.ide.mcu.externaltools.gnu-tools-for-stm32.13.3.rel1.win32_1.0.0.202411081344/tools/bin/../lib/gcc/arm-none-eabi/13.3.1/../../../../arm-none-eabi/lib/thumb/v7e-m+fp/hard\libm.a
LOAD C:/ST/STM32CubeIDE_1.19.0/STM32CubeIDE/plugins/com.st.stm32cube.ide.mcu.externaltools.gnu-tools-for-stm32.13.3.rel1.win32_1.0.0.202411081344/tools/bin/../lib/gcc/arm-none-eabi/13.3.1/thumb/v7e-m+fp/hard\libgcc.a

.debug_info     0x00000000    0x138d6
 .debug_info    0x00000000     0x165e ./Core/Src/LiquidCrystal_I2C_STM32.o
 .debug_info    0x0000165e     0x32e2 ./Core/Src/main.o
 .debug_info    0x00004940     0x1376 ./Core/Src/stm32f4xx_hal_msp.o
 .debug_info    0x00005cb6      0x9c1 ./Core/Src/stm32f4xx_it.o
 .debug_info    0x00006677      0x168 ./Core/Src/sysmem.o
 .debug_info    0x000067df      0x54a ./Core/Src/system_stm32f4xx.o
 .debug_info    0x00006d29       0x30 ./Core/Startup/startup_stm32f446retx.o
 .debug_info    0x00006d59      0x99a ./Drivers/STM32F4xx_HAL_Driver/Src/stm32f4xx_hal.o
 .debug_info    0x000076f3      0xdaa ./Drivers/STM32F4xx_HAL_Driver/Src/stm32f4xx_hal_cortex.o
 .debug_info    0x0000849d      0x8e7 ./Drivers/STM32F4xx_HAL_Driver/Src/stm32f4xx_hal_dma.o
 .debug_info    0x00008d84      0x70b ./Drivers/STM32F4xx_HAL_Driver/Src/stm32f4xx_hal_gpio.o
 .debug_info    0x0000948f     0x2421 ./Drivers/STM32F4xx_HAL_Driver/Src/stm32f4xx_hal_i2c.o
 .debug_info    0x0000b8b0      0x8ff ./Drivers/STM32F4xx_HAL_Driver/Src/stm32f4xx_hal_rcc.o
 .debug_info    0x0000c1af      0x960 ./Drivers/STM32F4xx_HAL_Driver/Src/stm32f4xx_hal_rcc_ex.o
 .debug_info    0x0000cb0f     0x299d ./Drivers/STM32F4xx_HAL_Driver/Src/stm32f4xx_hal_tim.o
 .debug_info    0x0000f4ac     0x14db ./Drivers/STM32F4xx_HAL_Driver/Src/stm32f4xx_hal_tim_ex.o
 .debug_info    0x00010987     0x2f4f ./Drivers/STM32F4xx_HAL_Driver/Src/stm32f4xx_hal_uart.o

.debug_abbrev   0x00000000     0x2807
 .debug_abbrev  0x00000000      0x375 ./Core/Src/LiquidCrystal_I2C_STM32.o
 .debug_abbrev  0x00000375      0x5f6 ./Core/Src/main.o
 .debug_abbrev  0x0000096b      0x21f ./Core/Src/stm32f4xx_hal_msp.o
 .debug_abbrev  0x00000b8a      0x19c ./Core/Src/stm32f4xx_it.o
 .debug_abbrev  0x00000d26       0xbc ./Core/Src/sysmem.o
 .debug_abbrev  0x00000de2      0x11a ./Core/Src/system_stm32f4xx.o
 .debug_abbrev  0x00000efc       0x24 ./Core/Startup/startup_stm32f446retx.o
 .debug_abbrev  0x00000f20      0x214 ./Drivers/STM32F4xx_HAL_Driver/Src/stm32f4xx_hal.o
 .debug_abbrev  0x00001134      0x31d ./Drivers/STM32F4xx_HAL_Driver/Src/stm32f4xx_hal_cortex.o
 .debug_abbrev  0x00001451      0x264 ./Drivers/STM32F4xx_HAL_Driver/Src/stm32f4xx_hal_dma.o
 .debug_abbrev  0x000016b5      0x1d4 ./Drivers/STM32F4xx_HAL_Driver/Src/stm32f4xx_hal_gpio.o
 .debug_abbrev  0x00001889      0x2ad ./Drivers/STM32F4xx_HAL_Driver/Src/stm32f4xx_hal_i2c.o
 .debug_abbrev  0x00001b36      0x2b7 ./Drivers/STM32F4xx_HAL_Driver/Src/stm32f4xx_hal_rcc.o
 .debug_abbrev  0x00001ded      0x211 ./Drivers/STM32F4xx_HAL_Driver/Src/stm32f4xx_hal_rcc_ex.o
 .debug_abbrev  0x00001ffe      0x278 ./Drivers/STM32F4xx_HAL_Driver/Src/stm32f4xx_hal_tim.o
 .debug_abbrev  0x00002276      0x283 ./Drivers/STM32F4xx_HAL_Driver/Src/stm32f4xx_hal_tim_ex.o
 .debug_abbrev  0x000024f9      0x30e ./Drivers/STM32F4xx_HAL_Driver/Src/stm32f4xx_hal_uart.o

.debug_aranges  0x00000000     0x1180
 .debug_aranges
                0x00000000       0xe8 ./Core/Src/LiquidCrystal_I2C_STM32.o
 .debug_aranges
                0x000000e8      0x168 ./Core/Src/main.o
 .debug_aranges
                0x00000250       0x50 ./Core/Src/stm32f4xx_hal_msp.o
 .debug_aranges
                0x000002a0       0x80 ./Core/Src/stm32f4xx_it.o
 .debug_aranges
                0x00000320       0x20 ./Core/Src/sysmem.o
 .debug_aranges
                0x00000340       0x28 ./Core/Src/system_stm32f4xx.o
 .debug_aranges
                0x00000368       0x28 ./Core/Startup/startup_stm32f446retx.o
 .debug_aranges
                0x00000390       0xf0 ./Drivers/STM32F4xx_HAL_Driver/Src/stm32f4xx_hal.o
 .debug_aranges
                0x00000480      0x130 ./Drivers/STM32F4xx_HAL_Driver/Src/stm32f4xx_hal_cortex.o
 .debug_aranges
                0x000005b0       0x90 ./Drivers/STM32F4xx_HAL_Driver/Src/stm32f4xx_hal_dma.o
 .debug_aranges
                0x00000640       0x58 ./Drivers/STM32F4xx_HAL_Driver/Src/stm32f4xx_hal_gpio.o
 .debug_aranges
                0x00000698      0x2a8 ./Drivers/STM32F4xx_HAL_Driver/Src/stm32f4xx_hal_i2c.o
 .debug_aranges
                0x00000940       0x88 ./Drivers/STM32F4xx_HAL_Driver/Src/stm32f4xx_hal_rcc.o
 .debug_aranges
                0x000009c8       0x78 ./Drivers/STM32F4xx_HAL_Driver/Src/stm32f4xx_hal_rcc_ex.o
 .debug_aranges
                0x00000a40      0x3d0 ./Drivers/STM32F4xx_HAL_Driver/Src/stm32f4xx_hal_tim.o
 .debug_aranges
                0x00000e10      0x168 ./Drivers/STM32F4xx_HAL_Driver/Src/stm32f4xx_hal_tim_ex.o
 .debug_aranges
                0x00000f78      0x208 ./Drivers/STM32F4xx_HAL_Driver/Src/stm32f4xx_hal_uart.o

.debug_rnglists
                0x00000000      0xddc
 .debug_rnglists
                0x00000000       0xaa ./Core/Src/LiquidCrystal_I2C_STM32.o
 .debug_rnglists
                0x000000aa      0x11e ./Core/Src/main.o
 .debug_rnglists
                0x000001c8       0x3a ./Core/Src/stm32f4xx_hal_msp.o
 .debug_rnglists
                0x00000202       0x5b ./Core/Src/stm32f4xx_it.o
 .debug_rnglists
                0x0000025d       0x13 ./Core/Src/sysmem.o
 .debug_rnglists
                0x00000270       0x1a ./Core/Src/system_stm32f4xx.o
 .debug_rnglists
                0x0000028a       0x19 ./Core/Startup/startup_stm32f446retx.o
 .debug_rnglists
                0x000002a3       0xaf ./Drivers/STM32F4xx_HAL_Driver/Src/stm32f4xx_hal.o
 .debug_rnglists
                0x00000352       0xe0 ./Drivers/STM32F4xx_HAL_Driver/Src/stm32f4xx_hal_cortex.o
 .debug_rnglists
                0x00000432       0x70 ./Drivers/STM32F4xx_HAL_Driver/Src/stm32f4xx_hal_dma.o
 .debug_rnglists
                0x000004a2       0x3f ./Drivers/STM32F4xx_HAL_Driver/Src/stm32f4xx_hal_gpio.o
 .debug_rnglists
                0x000004e1      0x23c ./Drivers/STM32F4xx_HAL_Driver/Src/stm32f4xx_hal_i2c.o
 .debug_rnglists
                0x0000071d       0x66 ./Drivers/STM32F4xx_HAL_Driver/Src/stm32f4xx_hal_rcc.o
 .debug_rnglists
                0x00000783       0x5e ./Drivers/STM32F4xx_HAL_Driver/Src/stm32f4xx_hal_rcc_ex.o
 .debug_rnglists
                0x000007e1      0x31a ./Drivers/STM32F4xx_HAL_Driver/Src/stm32f4xx_hal_tim.o
 .debug_rnglists
                0x00000afb      0x125 ./Drivers/STM32F4xx_HAL_Driver/Src/stm32f4xx_hal_tim_ex.o
 .debug_rnglists
                0x00000c20      0x1bc ./Drivers/STM32F4xx_HAL_Driver/Src/stm32f4xx_hal_uart.o

.debug_macro    0x00000000    0x250f7
 .debug_macro   0x00000000      0x38e ./Core/Src/LiquidCrystal_I2C_STM32.o
 .debug_macro   0x0000038e      0xbb0 ./Core/Src/LiquidCrystal_I2C_STM32.o
 .debug_macro   0x00000f3e       0x1c ./Core/Src/LiquidCrystal_I2C_STM32.o
 .debug_macro   0x00000f5a       0x22 ./Core/Src/LiquidCrystal_I2C_STM32.o
 .debug_macro   0x00000f7c       0x8e ./Core/Src/LiquidCrystal_I2C_STM32.o
 .debug_macro   0x0000100a       0x51 ./Core/Src/LiquidCrystal_I2C_STM32.o
 .debug_macro   0x0000105b      0x103 ./Core/Src/LiquidCrystal_I2C_STM32.o
 .debug_macro   0x0000115e       0x6a ./Core/Src/LiquidCrystal_I2C_STM32.o
 .debug_macro   0x000011c8      0x1df ./Core/Src/LiquidCrystal_I2C_STM32.o
 .debug_macro   0x000013a7      0x197 ./Core/Src/LiquidCrystal_I2C_STM32.o
 .debug_macro   0x0000153e      0x2a1 ./Core/Src/LiquidCrystal_I2C_STM32.o
 .debug_macro   0x000017df       0x2e ./Core/Src/LiquidCrystal_I2C_STM32.o
 .debug_macro   0x0000180d       0x28 ./Core/Src/LiquidCrystal_I2C_STM32.o
 .debug_macro   0x00001835       0x1c ./Core/Src/LiquidCrystal_I2C_STM32.o
 .debug_macro   0x00001851       0x22 ./Core/Src/LiquidCrystal_I2C_STM32.o
 .debug_macro   0x00001873       0xfb ./Core/Src/LiquidCrystal_I2C_STM32.o
 .debug_macro   0x0000196e     0x1011 ./Core/Src/LiquidCrystal_I2C_STM32.o
 .debug_macro   0x0000297f      0x11f ./Core/Src/LiquidCrystal_I2C_STM32.o
 .debug_macro   0x00002a9e    0x1675e ./Core/Src/LiquidCrystal_I2C_STM32.o
 .debug_macro   0x000191fc       0x6d ./Core/Src/LiquidCrystal_I2C_STM32.o
 .debug_macro   0x00019269     0x3693 ./Core/Src/LiquidCrystal_I2C_STM32.o
 .debug_macro   0x0001c8fc       0x5c ./Core/Src/LiquidCrystal_I2C_STM32.o
 .debug_macro   0x0001c958      0xca5 ./Core/Src/LiquidCrystal_I2C_STM32.o
 .debug_macro   0x0001d5fd      0x9e9 ./Core/Src/LiquidCrystal_I2C_STM32.o
 .debug_macro   0x0001dfe6      0x115 ./Core/Src/LiquidCrystal_I2C_STM32.o
 .debug_macro   0x0001e0fb      0x1a0 ./Core/Src/LiquidCrystal_I2C_STM32.o
 .debug_macro   0x0001e29b       0xa5 ./Core/Src/LiquidCrystal_I2C_STM32.o
 .debug_macro   0x0001e340      0x16d ./Core/Src/LiquidCrystal_I2C_STM32.o
 .debug_macro   0x0001e4ad      0x287 ./Core/Src/LiquidCrystal_I2C_STM32.o
 .debug_macro   0x0001e734       0x5f ./Core/Src/LiquidCrystal_I2C_STM32.o
 .debug_macro   0x0001e793      0x236 ./Core/Src/LiquidCrystal_I2C_STM32.o
 .debug_macro   0x0001e9c9      0x132 ./Core/Src/LiquidCrystal_I2C_STM32.o
 .debug_macro   0x0001eafb      0x29c ./Core/Src/LiquidCrystal_I2C_STM32.o
 .debug_macro   0x0001ed97       0x2e ./Core/Src/LiquidCrystal_I2C_STM32.o
 .debug_macro   0x0001edc5      0x1b5 ./Core/Src/LiquidCrystal_I2C_STM32.o
 .debug_macro   0x0001ef7a       0x22 ./Core/Src/LiquidCrystal_I2C_STM32.o
 .debug_macro   0x0001ef9c       0xd6 ./Core/Src/LiquidCrystal_I2C_STM32.o
 .debug_macro   0x0001f072      0x127 ./Core/Src/LiquidCrystal_I2C_STM32.o
 .debug_macro   0x0001f199       0xe8 ./Core/Src/LiquidCrystal_I2C_STM32.o
 .debug_macro   0x0001f281       0x89 ./Core/Src/LiquidCrystal_I2C_STM32.o
 .debug_macro   0x0001f30a      0x8ed ./Core/Src/LiquidCrystal_I2C_STM32.o
 .debug_macro   0x0001fbf7       0x53 ./Core/Src/LiquidCrystal_I2C_STM32.o
 .debug_macro   0x0001fc4a      0x2aa ./Core/Src/LiquidCrystal_I2C_STM32.o
 .debug_macro   0x0001fef4      0x126 ./Core/Src/LiquidCrystal_I2C_STM32.o
 .debug_macro   0x0002001a       0x34 ./Core/Src/LiquidCrystal_I2C_STM32.o
 .debug_macro   0x0002004e       0xc4 ./Core/Src/LiquidCrystal_I2C_STM32.o
 .debug_macro   0x00020112       0x61 ./Core/Src/LiquidCrystal_I2C_STM32.o
 .debug_macro   0x00020173       0x2a ./Core/Src/LiquidCrystal_I2C_STM32.o
 .debug_macro   0x0002019d       0x43 ./Core/Src/LiquidCrystal_I2C_STM32.o
 .debug_macro   0x000201e0       0x34 ./Core/Src/LiquidCrystal_I2C_STM32.o
 .debug_macro   0x00020214      0x38c ./Core/Src/LiquidCrystal_I2C_STM32.o
 .debug_macro   0x000205a0       0x16 ./Core/Src/LiquidCrystal_I2C_STM32.o
 .debug_macro   0x000205b6       0x4a ./Core/Src/LiquidCrystal_I2C_STM32.o
 .debug_macro   0x00020600       0x34 ./Core/Src/LiquidCrystal_I2C_STM32.o
 .debug_macro   0x00020634       0x10 ./Core/Src/LiquidCrystal_I2C_STM32.o
 .debug_macro   0x00020644       0x58 ./Core/Src/LiquidCrystal_I2C_STM32.o
 .debug_macro   0x0002069c       0x8e ./Core/Src/LiquidCrystal_I2C_STM32.o
 .debug_macro   0x0002072a       0x16 ./Core/Src/LiquidCrystal_I2C_STM32.o
 .debug_macro   0x00020740      0x185 ./Core/Src/LiquidCrystal_I2C_STM32.o
 .debug_macro   0x000208c5       0x10 ./Core/Src/LiquidCrystal_I2C_STM32.o
 .debug_macro   0x000208d5       0x3c ./Core/Src/LiquidCrystal_I2C_STM32.o
 .debug_macro   0x00020911       0x20 ./Core/Src/LiquidCrystal_I2C_STM32.o
 .debug_macro   0x00020931       0x1c ./Core/Src/LiquidCrystal_I2C_STM32.o
 .debug_macro   0x0002094d       0x10 ./Core/Src/LiquidCrystal_I2C_STM32.o
 .debug_macro   0x0002095d       0x1c ./Core/Src/LiquidCrystal_I2C_STM32.o
 .debug_macro   0x00020979       0x16 ./Core/Src/LiquidCrystal_I2C_STM32.o
 .debug_macro   0x0002098f      0x138 ./Core/Src/LiquidCrystal_I2C_STM32.o
 .debug_macro   0x00020ac7      0x1f2 ./Core/Src/LiquidCrystal_I2C_STM32.o
 .debug_macro   0x00020cb9       0x10 ./Core/Src/LiquidCrystal_I2C_STM32.o
 .debug_macro   0x00020cc9      0x409 ./Core/Src/LiquidCrystal_I2C_STM32.o
 .debug_macro   0x000210d2       0x10 ./Core/Src/LiquidCrystal_I2C_STM32.o
 .debug_macro   0x000210e2       0x16 ./Core/Src/LiquidCrystal_I2C_STM32.o
 .debug_macro   0x000210f8       0x16 ./Core/Src/LiquidCrystal_I2C_STM32.o
 .debug_macro   0x0002110e       0x29 ./Core/Src/LiquidCrystal_I2C_STM32.o
 .debug_macro   0x00021137       0x1c ./Core/Src/LiquidCrystal_I2C_STM32.o
 .debug_macro   0x00021153       0xde ./Core/Src/LiquidCrystal_I2C_STM32.o
 .debug_macro   0x00021231      0x3f6 ./Core/Src/main.o
 .debug_macro   0x00021627       0x16 ./Core/Src/main.o
 .debug_macro   0x0002163d       0x16 ./Core/Src/main.o
 .debug_macro   0x00021653       0x16 ./Core/Src/main.o
 .debug_macro   0x00021669       0x8e ./Core/Src/main.o
 .debug_macro   0x000216f7       0x76 ./Core/Src/main.o
 .debug_macro   0x0002176d      0x1f6 ./Core/Src/stm32f4xx_hal_msp.o
 .debug_macro   0x00021963      0xad8 ./Core/Src/stm32f4xx_hal_msp.o
 .debug_macro   0x0002243b     0x1011 ./Core/Src/stm32f4xx_hal_msp.o
 .debug_macro   0x0002344c      0x190 ./Core/Src/stm32f4xx_hal_msp.o
 .debug_macro   0x000235dc      0x200 ./Core/Src/stm32f4xx_it.o
 .debug_macro   0x000237dc      0x112 ./Core/Src/sysmem.o
 .debug_macro   0x000238ee      0x23c ./Core/Src/sysmem.o
 .debug_macro   0x00023b2a      0x1e7 ./Core/Src/system_stm32f4xx.o
 .debug_macro   0x00023d11      0x247 ./Drivers/STM32F4xx_HAL_Driver/Src/stm32f4xx_hal.o
 .debug_macro   0x00023f58      0x1e7 ./Drivers/STM32F4xx_HAL_Driver/Src/stm32f4xx_hal_cortex.o
 .debug_macro   0x0002413f      0x1ed ./Drivers/STM32F4xx_HAL_Driver/Src/stm32f4xx_hal_dma.o
 .debug_macro   0x0002432c      0x1ed ./Drivers/STM32F4xx_HAL_Driver/Src/stm32f4xx_hal_gpio.o
 .debug_macro   0x00024519      0x235 ./Drivers/STM32F4xx_HAL_Driver/Src/stm32f4xx_hal_i2c.o
 .debug_macro   0x0002474e      0x20b ./Drivers/STM32F4xx_HAL_Driver/Src/stm32f4xx_hal_rcc.o
 .debug_macro   0x00024959      0x1e7 ./Drivers/STM32F4xx_HAL_Driver/Src/stm32f4xx_hal_rcc_ex.o
 .debug_macro   0x00024b40      0x1e8 ./Drivers/STM32F4xx_HAL_Driver/Src/stm32f4xx_hal_tim.o
 .debug_macro   0x00024d28      0x1e7 ./Drivers/STM32F4xx_HAL_Driver/Src/stm32f4xx_hal_tim_ex.o
 .debug_macro   0x00024f0f      0x1e8 ./Drivers/STM32F4xx_HAL_Driver/Src/stm32f4xx_hal_uart.o

.debug_line     0x00000000    0x15475
 .debug_line    0x00000000      0xfa6 ./Core/Src/LiquidCrystal_I2C_STM32.o
 .debug_line    0x00000fa6     0x1c18 ./Core/Src/main.o
 .debug_line    0x00002bbe      0x8fc ./Core/Src/stm32f4xx_hal_msp.o
 .debug_line    0x000034ba      0x886 ./Core/Src/stm32f4xx_it.o
 .debug_line    0x00003d40      0x588 ./Core/Src/sysmem.o
 .debug_line    0x000042c8      0x7ed ./Core/Src/system_stm32f4xx.o
 .debug_line    0x00004ab5       0x7a ./Core/Startup/startup_stm32f446retx.o
 .debug_line    0x00004b2f      0xa69 ./Drivers/STM32F4xx_HAL_Driver/Src/stm32f4xx_hal.o
 .debug_line    0x00005598      0xd39 ./Drivers/STM32F4xx_HAL_Driver/Src/stm32f4xx_hal_cortex.o
 .debug_line    0x000062d1      0xfd5 ./Drivers/STM32F4xx_HAL_Driver/Src/stm32f4xx_hal_dma.o
 .debug_line    0x000072a6      0xbad ./Drivers/STM32F4xx_HAL_Driver/Src/stm32f4xx_hal_gpio.o
 .debug_line    0x00007e53     0x3b16 ./Drivers/STM32F4xx_HAL_Driver/Src/stm32f4xx_hal_i2c.o
 .debug_line    0x0000b969      0xe82 ./Drivers/STM32F4xx_HAL_Driver/Src/stm32f4xx_hal_rcc.o
 .debug_line    0x0000c7eb     0x1532 ./Drivers/STM32F4xx_HAL_Driver/Src/stm32f4xx_hal_rcc_ex.o
 .debug_line    0x0000dd1d     0x37de ./Drivers/STM32F4xx_HAL_Driver/Src/stm32f4xx_hal_tim.o
 .debug_line    0x000114fb     0x19c9 ./Drivers/STM32F4xx_HAL_Driver/Src/stm32f4xx_hal_tim_ex.o
 .debug_line    0x00012ec4     0x25b1 ./Drivers/STM32F4xx_HAL_Driver/Src/stm32f4xx_hal_uart.o

.debug_str      0x00000000    0xd70d7
 .debug_str     0x00000000    0xd70d7 ./Core/Src/LiquidCrystal_I2C_STM32.o
                              0xd19c9 (size before relaxing)
 .debug_str     0x000d70d7    0xd377f ./Core/Src/main.o
 .debug_str     0x000d70d7    0xcc2e0 ./Core/Src/stm32f4xx_hal_msp.o
 .debug_str     0x000d70d7    0xcb9e4 ./Core/Src/stm32f4xx_it.o
 .debug_str     0x000d70d7     0x777e ./Core/Src/sysmem.o
 .debug_str     0x000d70d7    0xcb29a ./Core/Src/system_stm32f4xx.o
 .debug_str     0x000d70d7       0x80 ./Core/Startup/startup_stm32f446retx.o
 .debug_str     0x000d70d7    0xcbe5f ./Drivers/STM32F4xx_HAL_Driver/Src/stm32f4xx_hal.o
 .debug_str     0x000d70d7    0xcbbb6 ./Drivers/STM32F4xx_HAL_Driver/Src/stm32f4xx_hal_cortex.o
 .debug_str     0x000d70d7    0xcb68f ./Drivers/STM32F4xx_HAL_Driver/Src/stm32f4xx_hal_dma.o
 .debug_str     0x000d70d7    0xcb415 ./Drivers/STM32F4xx_HAL_Driver/Src/stm32f4xx_hal_gpio.o
 .debug_str     0x000d70d7    0xcc298 ./Drivers/STM32F4xx_HAL_Driver/Src/stm32f4xx_hal_i2c.o
 .debug_str     0x000d70d7    0xcb6d3 ./Drivers/STM32F4xx_HAL_Driver/Src/stm32f4xx_hal_rcc.o
 .debug_str     0x000d70d7    0xcb706 ./Drivers/STM32F4xx_HAL_Driver/Src/stm32f4xx_hal_rcc_ex.o
 .debug_str     0x000d70d7    0xcc5ff ./Drivers/STM32F4xx_HAL_Driver/Src/stm32f4xx_hal_tim.o
 .debug_str     0x000d70d7    0xcbe0b ./Drivers/STM32F4xx_HAL_Driver/Src/stm32f4xx_hal_tim_ex.o
 .debug_str     0x000d70d7    0xcbc8a ./Drivers/STM32F4xx_HAL_Driver/Src/stm32f4xx_hal_uart.o

.comment        0x00000000       0x43
 .comment       0x00000000       0x43 ./Core/Src/LiquidCrystal_I2C_STM32.o
                                 0x44 (size before relaxing)
 .comment       0x00000043       0x44 ./Core/Src/main.o
 .comment       0x00000043       0x44 ./Core/Src/stm32f4xx_hal_msp.o
 .comment       0x00000043       0x44 ./Core/Src/stm32f4xx_it.o
 .comment       0x00000043       0x44 ./Core/Src/sysmem.o
 .comment       0x00000043       0x44 ./Core/Src/system_stm32f4xx.o
 .comment       0x00000043       0x44 ./Drivers/STM32F4xx_HAL_Driver/Src/stm32f4xx_hal.o
 .comment       0x00000043       0x44 ./Drivers/STM32F4xx_HAL_Driver/Src/stm32f4xx_hal_cortex.o
 .comment       0x00000043       0x44 ./Drivers/STM32F4xx_HAL_Driver/Src/stm32f4xx_hal_dma.o
 .comment       0x00000043       0x44 ./Drivers/STM32F4xx_HAL_Driver/Src/stm32f4xx_hal_gpio.o
 .comment       0x00000043       0x44 ./Drivers/STM32F4xx_HAL_Driver/Src/stm32f4xx_hal_i2c.o
 .comment       0x00000043       0x44 ./Drivers/STM32F4xx_HAL_Driver/Src/stm32f4xx_hal_rcc.o
 .comment       0x00000043       0x44 ./Drivers/STM32F4xx_HAL_Driver/Src/stm32f4xx_hal_rcc_ex.o
 .comment       0x00000043       0x44 ./Drivers/STM32F4xx_HAL_Driver/Src/stm32f4xx_hal_tim.o
 .comment       0x00000043       0x44 ./Drivers/STM32F4xx_HAL_Driver/Src/stm32f4xx_hal_tim_ex.o
 .comment       0x00000043       0x44 ./Drivers/STM32F4xx_HAL_Driver/Src/stm32f4xx_hal_uart.o

.debug_frame    0x00000000     0x50bc
 .debug_frame   0x00000000      0x3c0 ./Core/Src/LiquidCrystal_I2C_STM32.o
 .debug_frame   0x000003c0      0x5c0 ./Core/Src/main.o
 .debug_frame   0x00000980      0x110 ./Core/Src/stm32f4xx_hal_msp.o
 .debug_frame   0x00000a90      0x174 ./Core/Src/stm32f4xx_it.o
 .debug_frame   0x00000c04       0x34 ./Core/Src/sysmem.o
 .debug_frame   0x00000c38       0x58 ./Core/Src/system_stm32f4xx.o
 .debug_frame   0x00000c90      0x374 ./Drivers/STM32F4xx_HAL_Driver/Src/stm32f4xx_hal.o
 .debug_frame   0x00001004      0x508 ./Drivers/STM32F4xx_HAL_Driver/Src/stm32f4xx_hal_cortex.o
 .debug_frame   0x0000150c      0x250 ./Drivers/STM32F4xx_HAL_Driver/Src/stm32f4xx_hal_dma.o
 .debug_frame   0x0000175c      0x14c ./Drivers/STM32F4xx_HAL_Driver/Src/stm32f4xx_hal_gpio.o
 .debug_frame   0x000018a8      0xc84 ./Drivers/STM32F4xx_HAL_Driver/Src/stm32f4xx_hal_i2c.o
 .debug_frame   0x0000252c      0x1f4 ./Drivers/STM32F4xx_HAL_Driver/Src/stm32f4xx_hal_rcc.o
 .debug_frame   0x00002720      0x1e8 ./Drivers/STM32F4xx_HAL_Driver/Src/stm32f4xx_hal_rcc_ex.o
 .debug_frame   0x00002908     0x11c0 ./Drivers/STM32F4xx_HAL_Driver/Src/stm32f4xx_hal_tim.o
 .debug_frame   0x00003ac8      0x638 ./Drivers/STM32F4xx_HAL_Driver/Src/stm32f4xx_hal_tim_ex.o
 .debug_frame   0x00004100      0x954 ./Drivers/STM32F4xx_HAL_Driver/Src/stm32f4xx_hal_uart.o
 .debug_frame   0x00004a54      0x144 C:/ST/STM32CubeIDE_1.19.0/STM32CubeIDE/plugins/com.st.stm32cube.ide.mcu.externaltools.gnu-tools-for-stm32.13.3.rel1.win32_1.0.0.202411081344/tools/bin/../lib/gcc/arm-none-eabi/13.3.1/../../../../arm-none-eabi/lib/thumb/v7e-m+fp/hard\libc_nano.a(libc_a-findfp.o)
 .debug_frame   0x00004b98       0x7c C:/ST/STM32CubeIDE_1.19.0/STM32CubeIDE/plugins/com.st.stm32cube.ide.mcu.externaltools.gnu-tools-for-stm32.13.3.rel1.win32_1.0.0.202411081344/tools/bin/../lib/gcc/arm-none-eabi/13.3.1/../../../../arm-none-eabi/lib/thumb/v7e-m+fp/hard\libc_nano.a(libc_a-snprintf.o)
 .debug_frame   0x00004c14       0x74 C:/ST/STM32CubeIDE_1.19.0/STM32CubeIDE/plugins/com.st.stm32cube.ide.mcu.externaltools.gnu-tools-for-stm32.13.3.rel1.win32_1.0.0.202411081344/tools/bin/../lib/gcc/arm-none-eabi/13.3.1/../../../../arm-none-eabi/lib/thumb/v7e-m+fp/hard\libc_nano.a(libc_a-sprintf.o)
 .debug_frame   0x00004c88       0x20 C:/ST/STM32CubeIDE_1.19.0/STM32CubeIDE/plugins/com.st.stm32cube.ide.mcu.externaltools.gnu-tools-for-stm32.13.3.rel1.win32_1.0.0.202411081344/tools/bin/../lib/gcc/arm-none-eabi/13.3.1/../../../../arm-none-eabi/lib/thumb/v7e-m+fp/hard\libc_nano.a(libc_a-memset.o)
 .debug_frame   0x00004ca8       0x38 C:/ST/STM32CubeIDE_1.19.0/STM32CubeIDE/plugins/com.st.stm32cube.ide.mcu.externaltools.gnu-tools-for-stm32.13.3.rel1.win32_1.0.0.202411081344/tools/bin/../lib/gcc/arm-none-eabi/13.3.1/../../../../arm-none-eabi/lib/thumb/v7e-m+fp/hard\libc_nano.a(libc_a-reent.o)
 .debug_frame   0x00004ce0       0x20 C:/ST/STM32CubeIDE_1.19.0/STM32CubeIDE/plugins/com.st.stm32cube.ide.mcu.externaltools.gnu-tools-for-stm32.13.3.rel1.win32_1.0.0.202411081344/tools/bin/../lib/gcc/arm-none-eabi/13.3.1/../../../../arm-none-eabi/lib/thumb/v7e-m+fp/hard\libc_nano.a(libc_a-errno.o)
 .debug_frame   0x00004d00       0x2c C:/ST/STM32CubeIDE_1.19.0/STM32CubeIDE/plugins/com.st.stm32cube.ide.mcu.externaltools.gnu-tools-for-stm32.13.3.rel1.win32_1.0.0.202411081344/tools/bin/../lib/gcc/arm-none-eabi/13.3.1/../../../../arm-none-eabi/lib/thumb/v7e-m+fp/hard\libc_nano.a(libc_a-init.o)
 .debug_frame   0x00004d2c       0xb0 C:/ST/STM32CubeIDE_1.19.0/STM32CubeIDE/plugins/com.st.stm32cube.ide.mcu.externaltools.gnu-tools-for-stm32.13.3.rel1.win32_1.0.0.202411081344/tools/bin/../lib/gcc/arm-none-eabi/13.3.1/../../../../arm-none-eabi/lib/thumb/v7e-m+fp/hard\libc_nano.a(libc_a-lock.o)
 .debug_frame   0x00004ddc       0x28 C:/ST/STM32CubeIDE_1.19.0/STM32CubeIDE/plugins/com.st.stm32cube.ide.mcu.externaltools.gnu-tools-for-stm32.13.3.rel1.win32_1.0.0.202411081344/tools/bin/../lib/gcc/arm-none-eabi/13.3.1/../../../../arm-none-eabi/lib/thumb/v7e-m+fp/hard\libc_nano.a(libc_a-memcpy-stub.o)
 .debug_frame   0x00004e04       0x38 C:/ST/STM32CubeIDE_1.19.0/STM32CubeIDE/plugins/com.st.stm32cube.ide.mcu.externaltools.gnu-tools-for-stm32.13.3.rel1.win32_1.0.0.202411081344/tools/bin/../lib/gcc/arm-none-eabi/13.3.1/../../../../arm-none-eabi/lib/thumb/v7e-m+fp/hard\libc_nano.a(libc_a-freer.o)
 .debug_frame   0x00004e3c       0x50 C:/ST/STM32CubeIDE_1.19.0/STM32CubeIDE/plugins/com.st.stm32cube.ide.mcu.externaltools.gnu-tools-for-stm32.13.3.rel1.win32_1.0.0.202411081344/tools/bin/../lib/gcc/arm-none-eabi/13.3.1/../../../../arm-none-eabi/lib/thumb/v7e-m+fp/hard\libc_nano.a(libc_a-mallocr.o)
 .debug_frame   0x00004e8c       0x30 C:/ST/STM32CubeIDE_1.19.0/STM32CubeIDE/plugins/com.st.stm32cube.ide.mcu.externaltools.gnu-tools-for-stm32.13.3.rel1.win32_1.0.0.202411081344/tools/bin/../lib/gcc/arm-none-eabi/13.3.1/../../../../arm-none-eabi/lib/thumb/v7e-m+fp/hard\libc_nano.a(libc_a-mlock.o)