../Core/Src/main.c:94:6:cs_sel	8	static
../Core/Src/main.c:97:6:cs_desel	8	static
../Core/Src/main.c:100:9:spi_rb	16	static
../Core/Src/main.c:105:6:spi_wb	16	static
../Core/Src/main.c:142:5:main	152	static
../Core/Src/main.c:386:6:SystemClock_Config	88	static
../Core/Src/main.c:433:13:MX_I2C3_Init	8	static
../Core/Src/main.c:467:13:MX_SPI1_Init	8	static
../Core/Src/main.c:505:13:MX_TIM3_Init	32	static
../Core/Src/main.c:550:13:MX_USART6_UART_Init	8	static
../Core/Src/main.c:583:13:MX_GPIO_Init	48	static
../Core/Src/main.c:640:6:HAL_UARTEx_RxEventCallback	16	static
../Core/Src/main.c:656:6:HAL_TIM_PeriodElapsedCallback	16	static
../Core/Src/main.c:676:6:Error_Handler	4	static,ignoring_inline_asm
