Change Component Designator: Old Designator=C1 New Designator=C6
Change Component Designator: Old Designator=C2 New Designator=C9
Change Component Designator: Old Designator=C3 New Designator=C7
Change Component Designator: Old Designator=C4 New Designator=C8
Change Component Designator: Old Designator=C6 New Designator=C14
Change Component Designator: Old Designator=C7 New Designator=C18
Change Component Designator: Old Designator=C8 New Designator=C17
Change Component Designator: Old Designator=C9 New Designator=C13
Change Component Designator: Old Designator=C10 New Designator=C15
Change Component Designator: Old Designator=C11 New Designator=C21
Change Component Designator: Old Designator=C12 New Designator=C24
Change Component Designator: Old Designator=C13 New Designator=C23
Change Component Designator: Old Designator=C14 New Designator=C22
Change Component Designator: Old Designator=C15 New Designator=C20
Change Component Designator: Old Designator=C16 New Designator=C11
Change Component Designator: Old Designator=C17 New Designator=C10
Change Component Designator: Old Designator=C18 New Designator=C19
Change Component Designator: Old Designator=C19 New Designator=C12
Change Component Designator: Old Designator=C20 New Designator=C16
Change Component Designator: Old Designator=D1 New Designator=D2
Change Component Designator: Old Designator=D2 New Designator=D3
Change Component Designator: Old Designator=D3 New Designator=D1
Change Component Designator: Old Designator=J1 New Designator=J6
Change Component Designator: Old Designator=J2 New Designator=J8
Change Component Designator: Old Designator=J3 New Designator=J9
Change Component Designator: Old Designator=J4 New Designator=J7
Change Component Designator: Old Designator=R1 New Designator=R2
Change Component Designator: Old Designator=R2 New Designator=R3
Change Component Designator: Old Designator=R3 New Designator=R4
Change Component Designator: Old Designator=R4 New Designator=R1
Change Component Designator: Old Designator=U1 New Designator=U2
Change Component Designator: Old Designator=U2 New Designator=U5
Change Component Designator: Old Designator=U3 New Designator=U6
Change Component Designator: Old Designator=U4 New Designator=U7
Change Component Designator: Old Designator=U6 New Designator=U3
Change Component Designator: Old Designator=U7 New Designator=U4
