Change Component Designator: Old Designator=C? New Designator=C45
Change Component Designator: Old Designator=C? New Designator=C46
Change Component Designator: Old Designator=C? New Designator=C47
Change Component Designator: Old Designator=C? New Designator=C48
Change Component Designator: Old Designator=D5 New Designator=D13
Change Component Designator: Old Designator=D6 New Designator=D14
Change Component Designator: Old Designator=D7 New Designator=D17
Change Component Designator: Old Designator=D8 New Designator=D19
Change Component Designator: Old Designator=D9 New Designator=D20
Change Component Designator: Old Designator=D10 New Designator=D23
Change Component Designator: Old Designator=D11 New Designator=D25
Change Component Designator: Old Designator=D12 New Designator=D26
Change Component Designator: Old Designator=D13 New Designator=D28
Change Component Designator: Old Designator=D14 New Designator=D29
Change Component Designator: Old Designator=D15 New Designator=D31
Change Component Designator: Old Designator=D16 New Designator=D32
Change Component Designator: Old Designator=D17 New Designator=D34
Change Component Designator: Old Designator=D18 New Designator=D35
Change Component Designator: Old Designator=D19 New Designator=D37
Change Component Designator: Old Designator=D20 New Designator=D38
Change Component Designator: Old Designator=D21 New Designator=D39
Change Component Designator: Old Designator=D22 New Designator=D41
Change Component Designator: Old Designator=D? New Designator=D11
Change Component Designator: Old Designator=D? New Designator=D12
Change Component Designator: Old Designator=D? New Designator=D15
Change Component Designator: Old Designator=D? New Designator=D16
Change Component Designator: Old Designator=D? New Designator=D18
Change Component Designator: Old Designator=D? New Designator=D21
Change Component Designator: Old Designator=D? New Designator=D22
Change Component Designator: Old Designator=D? New Designator=D24
Change Component Designator: Old Designator=D? New Designator=D27
Change Component Designator: Old Designator=D? New Designator=D30
Change Component Designator: Old Designator=D? New Designator=D33
Change Component Designator: Old Designator=D? New Designator=D36
Change Component Designator: Old Designator=D? New Designator=D40
Change Component Designator: Old Designator=D? New Designator=D42
Change Component Designator: Old Designator=D? New Designator=D43
Change Component Designator: Old Designator=J12 New Designator=J13
Change Component Designator: Old Designator=J13 New Designator=J15
Change Component Designator: Old Designator=J? New Designator=J12
Change Component Designator: Old Designator=J? New Designator=J14
Change Component Designator: Old Designator=PS? New Designator=PS1
Change Component Designator: Old Designator=Q? New Designator=Q1
Change Component Designator: Old Designator=Q? New Designator=Q2
Change Component Designator: Old Designator=Q? New Designator=Q3
Change Component Designator: Old Designator=R19 New Designator=R34
Change Component Designator: Old Designator=R20 New Designator=R35
Change Component Designator: Old Designator=R21 New Designator=R36
Change Component Designator: Old Designator=R22 New Designator=R38
Change Component Designator: Old Designator=R23 New Designator=R42
Change Component Designator: Old Designator=R24 New Designator=R43
Change Component Designator: Old Designator=R25 New Designator=R44
Change Component Designator: Old Designator=R26 New Designator=R46
Change Component Designator: Old Designator=R27 New Designator=R50
Change Component Designator: Old Designator=R28 New Designator=R51
Change Component Designator: Old Designator=R29 New Designator=R53
Change Component Designator: Old Designator=R30 New Designator=R54
Change Component Designator: Old Designator=R31 New Designator=R55
Change Component Designator: Old Designator=R32 New Designator=R56
Change Component Designator: Old Designator=R33 New Designator=R58
Change Component Designator: Old Designator=R34 New Designator=R60
Change Component Designator: Old Designator=R35 New Designator=R62
Change Component Designator: Old Designator=R36 New Designator=R63
Change Component Designator: Old Designator=R37 New Designator=R65
Change Component Designator: Old Designator=R38 New Designator=R66
Change Component Designator: Old Designator=R39 New Designator=R69
Change Component Designator: Old Designator=R40 New Designator=R70
Change Component Designator: Old Designator=R41 New Designator=R72
Change Component Designator: Old Designator=R42 New Designator=R73
Change Component Designator: Old Designator=R? New Designator=R31
Change Component Designator: Old Designator=R? New Designator=R32
Change Component Designator: Old Designator=R? New Designator=R33
Change Component Designator: Old Designator=R? New Designator=R37
Change Component Designator: Old Designator=R? New Designator=R39
Change Component Designator: Old Designator=R? New Designator=R40
Change Component Designator: Old Designator=R? New Designator=R41
Change Component Designator: Old Designator=R? New Designator=R45
Change Component Designator: Old Designator=R? New Designator=R47
Change Component Designator: Old Designator=R? New Designator=R48
Change Component Designator: Old Designator=R? New Designator=R49
Change Component Designator: Old Designator=R? New Designator=R52
Change Component Designator: Old Designator=R? New Designator=R57
Change Component Designator: Old Designator=R? New Designator=R59
Change Component Designator: Old Designator=R? New Designator=R61
Change Component Designator: Old Designator=R? New Designator=R64
Change Component Designator: Old Designator=R? New Designator=R67
Change Component Designator: Old Designator=R? New Designator=R68
Change Component Designator: Old Designator=R? New Designator=R71
Change Component Designator: Old Designator=R? New Designator=R74
Change Component Designator: Old Designator=R? New Designator=R75
Change Component Designator: Old Designator=R? New Designator=R76
Change Component Designator: Old Designator=R? New Designator=R77
Change Component Designator: Old Designator=R? New Designator=R78
