Change Component Designator: Old Designator=D? New Designator=D44
Change Component Designator: Old Designator=D? New Designator=D45
Change Component Designator: Old Designator=D? New Designator=D46
Change Component Designator: Old Designator=D? New Designator=D47
Change Component Designator: Old Designator=D? New Designator=D48
Change Component Designator: Old Designator=D? New Designator=D49
Change Component Designator: Old Designator=D? New Designator=D50
Change Component Designator: Old Designator=D? New Designator=D51
Change Component Designator: Old Designator=D? New Designator=D52
Change Component Designator: Old Designator=D? New Designator=D53
Change Component Designator: Old Designator=J? New Designator=J16
Change Component Designator: Old Designator=J? New Designator=J17
Change Component Designator: Old Designator=K? New Designator=K1
Change Component Designator: Old Designator=K? New Designator=K2
Change Component Designator: Old Designator=Q? New Designator=Q4
Change Component Designator: Old Designator=Q? New Designator=Q5
Change Component Designator: Old Designator=Q? New Designator=Q6
Change Component Designator: Old Designator=Q? New Designator=Q7
Change Component Designator: Old Designator=Q? New Designator=Q8
Change Component Designator: Old Designator=R? New Designator=R79
Change Component Designator: Old Designator=R? New Designator=R80
Change Component Designator: Old Designator=R? New Designator=R81
Change Component Designator: Old Designator=R? New Designator=R82
Change Component Designator: Old Designator=R? New Designator=R83
Change Component Designator: Old Designator=R? New Designator=R84
Change Component Designator: Old Designator=R? New Designator=R85
Change Component Designator: Old Designator=R? New Designator=R86
Change Component Designator: Old Designator=R? New Designator=R87
Change Component Designator: Old Designator=R? New Designator=R88
Change Component Designator: Old Designator=RL? New Designator=RL1
Change Component Designator: Old Designator=RL? New Designator=RL2
Change Component Designator: Old Designator=RL? New Designator=RL3
