Removed Member From Class: ClassName=main Member=C18
Removed Member From Class: ClassName=main Member=C19
Removed Member From Class: ClassName=main Member=C22
Removed Member From Class: ClassName=main Member=C27
Removed Member From Class: ClassName=main Member=C30
Removed Member From Class: ClassName=main Member=C31
Removed Member From Class: ClassName=main Member=C33
Removed Member From Class: ClassName=commucation Member=C35
Removed Member From Class: ClassName=main Member=C35
Removed Member From Class: ClassName=commucation Member=C38
Removed Member From Class: ClassName=commucation Member=C46
Removed Member From Class: ClassName=main Member=C46
Removed Member From Class: ClassName=memory Member=C46
Removed Member From Class: ClassName=commucation Member=C47
Removed Member From Class: ClassName=commucation Member=C50
Removed Member From Class: ClassName=commucation Member=C51
Removed Member From Class: ClassName=commucation Member=C52
Removed Member From Class: ClassName=commucation Member=C53
Removed Member From Class: ClassName=commucation Member=C54
Removed Member From Class: ClassName=main Member=C54
Removed Member From Class: ClassName=main Member=D6
Removed Member From Class: ClassName=commucation Member=D21
Removed Member From Class: ClassName=commucation Member=D22
Removed Member From Class: ClassName=commucation Member=D25
Removed Member From Class: ClassName=commucation Member=D27
Removed Member From Class: ClassName=commucation Member=D28
Removed Member From Class: ClassName=commucation Member=D33
Removed Member From Class: ClassName=main Member=D33
Removed Member From Class: ClassName=commucation Member=D39
Removed Member From Class: ClassName=main Member=J7
Removed Member From Class: ClassName=commucation Member=J12
Removed Member From Class: ClassName=memory Member=J12
Removed Member From Class: ClassName=LAN Member=J14
Removed Member From Class: ClassName=commucation Member=R27
Removed Member From Class: ClassName=commucation Member=R30
Removed Member From Class: ClassName=commucation Member=R35
Removed Member From Class: ClassName=LAN Member=R35
Removed Member From Class: ClassName=commucation Member=R42
Removed Member From Class: ClassName=LAN Member=R42
Removed Member From Class: ClassName=commucation Member=R43
Removed Member From Class: ClassName=LAN Member=R43
Removed Member From Class: ClassName=commucation Member=R44
Removed Member From Class: ClassName=LAN Member=R44
Removed Member From Class: ClassName=commucation Member=R46
Removed Member From Class: ClassName=LAN Member=R46
Removed Member From Class: ClassName=commucation Member=R51
Removed Member From Class: ClassName=LAN Member=R51
Removed Member From Class: ClassName=commucation Member=R53
Removed Member From Class: ClassName=LAN Member=R53
Removed Member From Class: ClassName=LAN Member=R54
Removed Member From Class: ClassName=commucation Member=R60
Removed Member From Class: ClassName=commucation Member=R63
Removed Member From Class: ClassName=LAN Member=R63
Removed Member From Class: ClassName=commucation Member=R66
Removed Member From Class: ClassName=LAN Member=R66
Removed Member From Class: ClassName=memory Member=U11
Added Component: Designator=R?(RES 0805_2012)
Add component (AddParameter): Name = "ComponentLink1Description"; Value = "Datasheet"; VariantName = "[No Variations]"
Add component (AddParameter): Name = "ComponentLink1URL"; Value = "https://www.rohm.com/datasheet/ESR01MZPF/esr-e"; VariantName = "[No Variations]"
Add component (AddParameter): Name = "ComponentLink2Description"; Value = "DigiKey Link"; VariantName = "[No Variations]"
Add component (AddParameter): Name = "ComponentLink2URL"; Value = "https://www.digikey.com/en/products/detail/rohm-semiconductor/ESR10EZPF1001/1983480"; VariantName = "[No Variations]"
Add component (AddParameter): Name = "Composition"; Value = "Thick Film"; VariantName = "[No Variations]"
Add component (AddParameter): Name = "Device Package"; Value = "0805 (2012 Metric)"; VariantName = "[No Variations]"
Add component (AddParameter): Name = "Features"; Value = "Automotive AEC-Q200, Pulse Withstanding"; VariantName = "[No Variations]"
Add component (AddParameter): Name = "Height - Seated (Max)"; Value = "0.026" (0.65mm)"; VariantName = "[No Variations]"
Add component (AddParameter): Name = "LastUpdated"; Value = "08-02-2024 9.02.37 PM"; VariantName = "[No Variations]"
Add component (AddParameter): Name = "Lifecycle Status"; Value = "Active"; VariantName = "[No Variations]"
Add component (AddParameter): Name = "Manufacturer"; Value = "Rohm Semiconductor"; VariantName = "[No Variations]"
Add component (AddParameter): Name = "Minimum Order"; Value = "1"; VariantName = "[No Variations]"
Add component (AddParameter): Name = "Number of Terminations"; Value = "2"; VariantName = "[No Variations]"
Add component (AddParameter): Name = "Operating Temperature"; Value = "-55°C ~ 155°C"; VariantName = "[No Variations]"
Add component (AddParameter): Name = "Package / Case"; Value = "0805 (2012 Metric)"; VariantName = "[No Variations]"
Add component (AddParameter): Name = "Packaging"; Value = "TapeAndReel"; VariantName = "[No Variations]"
Add component (AddParameter): Name = "Part Number"; Value = "ESR10EZPF1001"; VariantName = "[No Variations]"
Add component (AddParameter): Name = "Part Status"; Value = "Active"; VariantName = "[No Variations]"
Add component (AddParameter): Name = "PartId"; Value = "28032"; VariantName = "[No Variations]"
Add component (AddParameter): Name = "Power (Watts)"; Value = "0.4W, 2/5W"; VariantName = "[No Variations]"
Add component (AddParameter): Name = "Price"; Value = "0.02"; VariantName = "[No Variations]"
Add component (AddParameter): Name = "Ratings"; Value = "AEC-Q200"; VariantName = "[No Variations]"
Add component (AddParameter): Name = "Resistance"; Value = "1 kOhms"; VariantName = "[No Variations]"
Add component (AddParameter): Name = "Series"; Value = "ESR"; VariantName = "[No Variations]"
Add component (AddParameter): Name = "Size / Dimension"; Value = "0.079" L x 0.049" W (2.00mm x 1.25mm)"; VariantName = "[No Variations]"
Add component (AddParameter): Name = "Supplier 1"; Value = "DigiKey"; VariantName = "[No Variations]"
Add component (AddParameter): Name = "Supplier Device Package"; Value = "0805"; VariantName = "[No Variations]"
Add component (AddParameter): Name = "Supplier Part Number 1"; Value = "RHM1.00KAECT-ND"; VariantName = "[No Variations]"
Add component (AddParameter): Name = "Temperature Coefficient"; Value = "±100ppm/°C"; VariantName = "[No Variations]"
Add component (AddParameter): Name = "Tolerance"; Value = "±1%"; VariantName = "[No Variations]"
Add component (AddParameter): Name = "Value"; Value = "1 kOhms"; VariantName = "[No Variations]"
Added Component: Designator=R?(RES 0805_2012)
Add component (AddParameter): Name = "ComponentLink1Description"; Value = "Datasheet"; VariantName = "[No Variations]"
Add component (AddParameter): Name = "ComponentLink1URL"; Value = "https://www.rohm.com/datasheet/ESR01MZPF/esr-e"; VariantName = "[No Variations]"
Add component (AddParameter): Name = "ComponentLink2Description"; Value = "DigiKey Link"; VariantName = "[No Variations]"
Add component (AddParameter): Name = "ComponentLink2URL"; Value = "https://www.digikey.com/en/products/detail/rohm-semiconductor/ESR10EZPF1001/1983480"; VariantName = "[No Variations]"
Add component (AddParameter): Name = "Composition"; Value = "Thick Film"; VariantName = "[No Variations]"
Add component (AddParameter): Name = "Device Package"; Value = "0805 (2012 Metric)"; VariantName = "[No Variations]"
Add component (AddParameter): Name = "Features"; Value = "Automotive AEC-Q200, Pulse Withstanding"; VariantName = "[No Variations]"
Add component (AddParameter): Name = "Height - Seated (Max)"; Value = "0.026" (0.65mm)"; VariantName = "[No Variations]"
Add component (AddParameter): Name = "LastUpdated"; Value = "08-02-2024 9.02.37 PM"; VariantName = "[No Variations]"
Add component (AddParameter): Name = "Lifecycle Status"; Value = "Active"; VariantName = "[No Variations]"
Add component (AddParameter): Name = "Manufacturer"; Value = "Rohm Semiconductor"; VariantName = "[No Variations]"
Add component (AddParameter): Name = "Minimum Order"; Value = "1"; VariantName = "[No Variations]"
Add component (AddParameter): Name = "Number of Terminations"; Value = "2"; VariantName = "[No Variations]"
Add component (AddParameter): Name = "Operating Temperature"; Value = "-55°C ~ 155°C"; VariantName = "[No Variations]"
Add component (AddParameter): Name = "Package / Case"; Value = "0805 (2012 Metric)"; VariantName = "[No Variations]"
Add component (AddParameter): Name = "Packaging"; Value = "TapeAndReel"; VariantName = "[No Variations]"
Add component (AddParameter): Name = "Part Number"; Value = "ESR10EZPF1001"; VariantName = "[No Variations]"
Add component (AddParameter): Name = "Part Status"; Value = "Active"; VariantName = "[No Variations]"
Add component (AddParameter): Name = "PartId"; Value = "28032"; VariantName = "[No Variations]"
Add component (AddParameter): Name = "Power (Watts)"; Value = "0.4W, 2/5W"; VariantName = "[No Variations]"
Add component (AddParameter): Name = "Price"; Value = "0.02"; VariantName = "[No Variations]"
Add component (AddParameter): Name = "Ratings"; Value = "AEC-Q200"; VariantName = "[No Variations]"
Add component (AddParameter): Name = "Resistance"; Value = "1 kOhms"; VariantName = "[No Variations]"
Add component (AddParameter): Name = "Series"; Value = "ESR"; VariantName = "[No Variations]"
Add component (AddParameter): Name = "Size / Dimension"; Value = "0.079" L x 0.049" W (2.00mm x 1.25mm)"; VariantName = "[No Variations]"
Add component (AddParameter): Name = "Supplier 1"; Value = "DigiKey"; VariantName = "[No Variations]"
Add component (AddParameter): Name = "Supplier Device Package"; Value = "0805"; VariantName = "[No Variations]"
Add component (AddParameter): Name = "Supplier Part Number 1"; Value = "RHM1.00KAECT-ND"; VariantName = "[No Variations]"
Add component (AddParameter): Name = "Temperature Coefficient"; Value = "±100ppm/°C"; VariantName = "[No Variations]"
Add component (AddParameter): Name = "Tolerance"; Value = "±1%"; VariantName = "[No Variations]"
Add component (AddParameter): Name = "Value"; Value = "1 kOhms"; VariantName = "[No Variations]"
Added Component: Designator=S?(NKK MS12ASG13)
Add component (AddParameter): Name = "Actuator Length"; Value = "5.10mm"; VariantName = "[No Variations]"
Add component (AddParameter): Name = "Actuator Type"; Value = "Standard"; VariantName = "[No Variations]"
Add component (AddParameter): Name = "Circuit"; Value = "SPDT"; VariantName = "[No Variations]"
Add component (AddParameter): Name = "ComponentLink1Description"; Value = "Datasheet"; VariantName = "[No Variations]"
Add component (AddParameter): Name = "ComponentLink1URL"; Value = "https://www.nkkswitches.com/pdf/MSnonilluminated.pdf"; VariantName = "[No Variations]"
Add component (AddParameter): Name = "ComponentLink2Description"; Value = "DigiKey Link"; VariantName = "[No Variations]"
Add component (AddParameter): Name = "ComponentLink2URL"; Value = "https://www.digikey.com/en/products/detail/nkk-switches/MS12ASG13/1052535"; VariantName = "[No Variations]"
Add component (AddParameter): Name = "Contact Finish"; Value = "Gold"; VariantName = "[No Variations]"
Add component (AddParameter): Name = "Contact Material"; Value = "Copper"; VariantName = "[No Variations]"
Add component (AddParameter): Name = "Contact Timing"; Value = "Non-Shorting (BBM)"; VariantName = "[No Variations]"
Add component (AddParameter): Name = "Current Rating (Amps)"; Value = "0.4VA (AC/DC)"; VariantName = "[No Variations]"
Add component (AddParameter): Name = "Features"; Value = "Epoxy Sealed Terminals"; VariantName = "[No Variations]"
Add component (AddParameter): Name = "LastUpdated"; Value = "26-09-2022 3.18.31 AM"; VariantName = "[No Variations]"
Add component (AddParameter): Name = "Lifecycle Status"; Value = "Active"; VariantName = "[No Variations]"
Add component (AddParameter): Name = "Manufacturer"; Value = "NKK Switches"; VariantName = "[No Variations]"
Add component (AddParameter): Name = "Minimum Order"; Value = "1"; VariantName = "[No Variations]"
Add component (AddParameter): Name = "Mounting Type"; Value = "Through Hole"; VariantName = "[No Variations]"
Add component (AddParameter): Name = "Operating Temperature"; Value = "-30°C ~ 85°C"; VariantName = "[No Variations]"
Add component (AddParameter): Name = "Packaging"; Value = "Bulk"; VariantName = "[No Variations]"
Add component (AddParameter): Name = "Part Number"; Value = "MS12ASG13"; VariantName = "[No Variations]"
Add component (AddParameter): Name = "Part Status"; Value = "Active"; VariantName = "[No Variations]"
Add component (AddParameter): Name = "PartId"; Value = "6"; VariantName = "[No Variations]"
Add component (AddParameter): Name = "Price"; Value = "2.95"; VariantName = "[No Variations]"
Add component (AddParameter): Name = "Series"; Value = "MS"; VariantName = "[No Variations]"
Add component (AddParameter): Name = "Supplier 1"; Value = "DigiKey"; VariantName = "[No Variations]"
Add component (AddParameter): Name = "Supplier Part Number 1"; Value = "360-2388-ND"; VariantName = "[No Variations]"
Add component (AddParameter): Name = "Switch Function"; Value = "On-On"; VariantName = "[No Variations]"
Add component (AddParameter): Name = "Termination Style"; Value = "PC Pin"; VariantName = "[No Variations]"
Add component (AddParameter): Name = "Voltage Rating - AC"; Value = "28 V"; VariantName = "[No Variations]"
Add component (AddParameter): Name = "Voltage Rating - DC"; Value = "28 V"; VariantName = "[No Variations]"
Added Pin To Net: NetName=MVCC Pin=R?-1
Added Pin To Net: NetName=GND Pin=R?-2
Added Pin To Net: NetName=BOOT Pin=S?-2
Added Pin To Net: NetName=BOOT Pin=U1-94
Added Net: Name=BOOT
Added Pin To Net: NetName=NetR?_1 Pin=R?-1
Added Pin To Net: NetName=NetR?_1 Pin=S?-3
Added Net: Name=NetR?_1
Added Pin To Net: NetName=NetR?_2 Pin=R?-2
Added Pin To Net: NetName=NetR?_2 Pin=S?-1
Added Net: Name=NetR?_2
Added Member To Class: ClassName=main Member=Component C5 1µF
Added Member To Class: ClassName=main Member=Component C6 1µF
Added Member To Class: ClassName=main Member=Component C7 1µF
Added Member To Class: ClassName=main Member=Component C8 1µF
Added Member To Class: ClassName=main Member=Component C9 1µF
Added Member To Class: ClassName=main Member=Component C10 1µF
Added Member To Class: ClassName=main Member=Component C11 4.7 µF
Added Member To Class: ClassName=main Member=Component C12 4.7 µF
Added Member To Class: ClassName=main Member=Component C13 10 µF
Added Member To Class: ClassName=main Member=Component C14 1µF
Added Member To Class: ClassName=commucation Member=Component C15 1µF
Added Member To Class: ClassName=commucation Member=Component C16 1µF
Added Member To Class: ClassName=commucation Member=Component C17 1µF
Added Member To Class: ClassName=commucation Member=Component C18 1µF
Added Member To Class: ClassName=commucation Member=Component C20 1µF
Added Member To Class: ClassName=commucation Member=Component C21 1µF
Added Member To Class: ClassName=commucation Member=Component C22 1000 pF
Added Member To Class: ClassName=commucation Member=Component C23 1µF
Added Member To Class: ClassName=commucation Member=Component C24 1000 pF
Added Member To Class: ClassName=commucation Member=Component C25 1µF
Added Member To Class: ClassName=commucation Member=Component C26 1µF
Added Member To Class: ClassName=commucation Member=Component C28 1µF
Added Member To Class: ClassName=commucation Member=Component C32 1µF
Added Member To Class: ClassName=commucation Member=Component C34 1µF
Added Member To Class: ClassName=memory Member=Component C36 1µF
Added Member To Class: ClassName=LAN Member=Component C37 10 µF
Added Member To Class: ClassName=LAN Member=Component C39 1µF
Added Member To Class: ClassName=LAN Member=Component C40 1µF
Added Member To Class: ClassName=LAN Member=Component C41 1µF
Added Member To Class: ClassName=LAN Member=Component C42 1µF
Added Member To Class: ClassName=LAN Member=Component C43 1µF
Added Member To Class: ClassName=LAN Member=Component C44 1µF
Added Member To Class: ClassName=main Member=Component D1 CGRA4007-G
Added Member To Class: ClassName=main Member=Component D2 CGRA4007-G
Added Member To Class: ClassName=commucation Member=Component D3 SM712.TCT
Added Member To Class: ClassName=commucation Member=Component D4 SM712.TCT
Added Member To Class: ClassName=commucation Member=Component D5 597-3305-607F
Added Member To Class: ClassName=commucation Member=Component D7 SM712.TCT
Added Member To Class: ClassName=commucation Member=Component D8 597-3305-607F
Added Member To Class: ClassName=commucation Member=Component D9 SM712.TCT
Added Member To Class: ClassName=commucation Member=Component D10 SM712.TCT
Added Member To Class: ClassName=commucation Member=Component D11 SM712.TCT
Added Member To Class: ClassName=commucation Member=Component D12 SM712.TCT
Added Member To Class: ClassName=DI_DO Member=Component D13 597-3305-607F
Added Member To Class: ClassName=DI_DO Member=Component D14 LTV-817S-TA1
Added Member To Class: ClassName=DI_DO Member=Component D15 597-3305-607F
Added Member To Class: ClassName=DI_DO Member=Component D16 LTV-817S-TA1
Added Member To Class: ClassName=DI_DO Member=Component D17 597-3305-607F
Added Member To Class: ClassName=DI_DO Member=Component D18 597-3305-607F
Added Member To Class: ClassName=DI_DO Member=Component D19 597-3305-607F
Added Member To Class: ClassName=main Member=Component J6 S8421-45R
Added Member To Class: ClassName=commucation Member=Component J8 OQ0332510000G
Added Member To Class: ClassName=commucation Member=Component J10 OQ0632510000G
Added Member To Class: ClassName=memory Member=Component J11 PJS008-2003-0
Added Member To Class: ClassName=LAN Member=Component J12 HR911105A
Added Member To Class: ClassName=DI_DO Member=Component J13 OQ0632510000G
Added Member To Class: ClassName=commucation Member=Component R1 10 Ohms
Added Member To Class: ClassName=commucation Member=Component R2 10 Ohms
Added Member To Class: ClassName=commucation Member=Component R3 10 Ohms
Added Member To Class: ClassName=commucation Member=Component R4 330 Ohms
Added Member To Class: ClassName=commucation Member=Component R5 10 Ohms
Added Member To Class: ClassName=commucation Member=Component R7 10 Ohms
Added Member To Class: ClassName=commucation Member=Component R8 1 kOhms
Added Member To Class: ClassName=commucation Member=Component R9 10 Ohms
Added Member To Class: ClassName=commucation Member=Component R12 10 Ohms
Added Member To Class: ClassName=commucation Member=Component R13 1 kOhms
Added Member To Class: ClassName=commucation Member=Component R14 10 Ohms
Added Member To Class: ClassName=commucation Member=Component R15 120 Ohms
Added Member To Class: ClassName=commucation Member=Component R16 10 Ohms
Added Member To Class: ClassName=commucation Member=Component R17 10 Ohms
Added Member To Class: ClassName=commucation Member=Component R18 10 Ohms
Added Member To Class: ClassName=commucation Member=Component R19 10 Ohms
Added Member To Class: ClassName=LAN Member=Component R20 49.9 Ohms
Added Member To Class: ClassName=LAN Member=Component R21 49.9 Ohms
Added Member To Class: ClassName=LAN Member=Component R22 11 Ohms
Added Member To Class: ClassName=LAN Member=Component R23 10 kOhms
Added Member To Class: ClassName=LAN Member=Component R24 10 kOhms
Added Member To Class: ClassName=LAN Member=Component R25 10 kOhms
Added Member To Class: ClassName=LAN Member=Component R26 12.4 kOhms
Added Member To Class: ClassName=LAN Member=Component R28 49.9 Ohms
Added Member To Class: ClassName=LAN Member=Component R29 330 Ohms
Added Member To Class: ClassName=LAN Member=Component R30 330 Ohms
Added Member To Class: ClassName=DI_DO Member=Component R31 330 Ohms
Added Member To Class: ClassName=DI_DO Member=Component R32 10 kOhms
Added Member To Class: ClassName=DI_DO Member=Component R33 1 kOhms
Added Member To Class: ClassName=DI_DO Member=Component R34 330 Ohms
Added Member To Class: ClassName=DI_DO Member=Component R36 1 kOhms
Added Member To Class: ClassName=DI_DO Member=Component R37 330 Ohms
Added Member To Class: ClassName=DI_DO Member=Component R38 330 Ohms
Added Member To Class: ClassName=main Member=Component R? 1 kOhms
Added Member To Class: ClassName=main Member=Component R? 1 kOhms
Added Member To Class: ClassName=main Member=Component S? MS12ASG13
Added Member To Class: ClassName=memory Member=Component U9 AT24C512C-SSHM-T
Added Member To Class: ClassName=memory Member=Component U10 24AA02E48-I_SN
