Removed Pin From Net: NetName=DI7 Pin=D13-C
Removed Pin From Net: NetName=DI1 Pin=D15-C
Removed Pin From Net: NetName=DI8 Pin=D17-C
Removed Pin From Net: NetName=DI2 Pin=D21-C
Removed Pin From Net: NetName=DI9 Pin=D23-C
Removed Pin From Net: NetName=DI3 Pin=D27-C
Removed Pin From Net: NetName=DI4 Pin=D31-C
Removed Pin From Net: NetName=DI5 Pin=D36-C
Removed Pin From Net: NetName=DI6 Pin=D40-C
Removed Pin From Net: NetName=3v3 Pin=R35-2
Removed Pin From Net: NetName=3v3 Pin=R38-2
Removed Pin From Net: NetName=3v3 Pin=R43-2
Removed Pin From Net: NetName=3v3 Pin=R46-2
Removed Pin From Net: NetName=3v3 Pin=R51-2
Removed Pin From Net: NetName=3v3 Pin=R54-2
Removed Pin From Net: NetName=3v3 Pin=R59-2
Removed Pin From Net: NetName=3v3 Pin=R66-2
Removed Pin From Net: NetName=3v3 Pin=R73-2
Removed Member From Class: ClassName=DI_DO Member=D13
Removed Member From Class: ClassName=DI_DO Member=D15
Removed Member From Class: ClassName=DI_DO Member=D17
Removed Member From Class: ClassName=DI_DO Member=D21
Removed Member From Class: ClassName=DI_DO Member=D23
Removed Member From Class: ClassName=DI_DO Member=D27
Removed Member From Class: ClassName=DI_DO Member=D31
Removed Member From Class: ClassName=DI_DO Member=D36
Removed Member From Class: ClassName=DI_DO Member=D40
Removed Member From Class: ClassName=DI_DO Member=R35
Removed Member From Class: ClassName=DI_DO Member=R38
Removed Member From Class: ClassName=DI_DO Member=R43
Removed Member From Class: ClassName=DI_DO Member=R46
Removed Member From Class: ClassName=DI_DO Member=R51
Removed Member From Class: ClassName=DI_DO Member=R54
Removed Member From Class: ClassName=DI_DO Member=R59
Removed Member From Class: ClassName=DI_DO Member=R66
Removed Member From Class: ClassName=DI_DO Member=R73
Change Component Description : Designator=J19 Old Description=Conn Data USB TypeAB Socket 5Cnts RightAngle Micro SMT New Description=Conn Data USB TypeAB Socket 5Cnts RightAngle Micro SMT | Amphenol FCI (Amphenol CS) 10104111-0001LF
Change Component Description : Designator=U11 Old Description=Microchip 24AA02E48-I/SN Serial EEPROM Memory,2kb,3500ns,1.7 to 5.5V 8-Pin SOIC New Description=Microchip 24AA02E48-I/SN Serial EEPROM Memory,2kb,3500ns,1.7 to 5.5V 8-Pin SOIC | Microchip Technology Inc. 24AA02E48-I/SN
