Change Component Designator: Old Designator=C? New Designator=C73
Change Component Designator: Old Designator=D? New Designator=D63
Change Component Designator: Old Designator=D? New Designator=D64
Change Component Designator: Old Designator=D? New Designator=D65
Change Component Designator: Old Designator=D? New Designator=D66
Change Component Designator: Old Designator=D? New Designator=D67
Change Component Designator: Old Designator=J? New Designator=J4
Change Component Designator: Old Designator=J? New Designator=J20
Change Component Designator: Old Designator=Q? New Designator=Q9
Change Component Designator: Old Designator=R? New Designator=R99
Change Component Designator: Old Designator=R? New Designator=R100
Change Component Designator: Old Designator=R? New Designator=R101
Change Component Designator: Old Designator=R? New Designator=R102
Change Component Designator: Old Designator=R? New Designator=R103
Change Component Designator: Old Designator=R? New Designator=R104
Change Component Designator: Old Designator=R? New Designator=R105
Change Component Designator: Old Designator=R? New Designator=R106
Change Component Designator: Old Designator=R? New Designator=R107
Change Component Designator: Old Designator=R? New Designator=R108
Change Component Designator: Old Designator=U? New Designator=U15
