../Core/Src/main.cc:173:6:void cs_sel()	8	static
../Core/Src/main.cc:176:6:void cs_desel()	8	static
../Core/Src/main.cc:179:9:uint8_t spi_rb()	16	static
../Core/Src/main.cc:184:6:void spi_wb(uint8_t)	16	static
../Core/Src/main.cc:187:6:void HAL_UART_RxCpltCallback(UART_HandleTypeDef*)	24	static
../Core/Src/main.cc:195:6:void PrintTicket(Adafruit_Thermal_t*, uint32_t, RTC_TimeTypeDef*, RTC_DateTypeDef*)	192	static
../Core/Src/main.cc:345:6:void EEPROM_WriteByte(uint16_t, uint8_t)	32	static
../Core/Src/main.cc:357:9:uint8_t EEPROM_ReadByte(uint16_t)	40	static
../Core/Src/main.cc:373:6:void EEPROM_WriteString(uint16_t, uint8_t, const char*)	32	static
../Core/Src/main.cc:392:9:uint8_t EEPROM_ReadString(uint16_t, char*)	32	static
../Core/Src/main.cc:418:6:bool ExtractLCDText(char*, uint8_t, char*, uint8_t)	56	static
../Core/Src/main.cc:470:6:void ProcessSocketBuffer(char*)	88	static
../Core/Src/main.cc:544:6:void process_Ticket_buffer(char*)	360	static
../Core/Src/main.cc:668:6:void read_dis_settings()	16	static
../Core/Src/main.cc:687:6:void Display_Task()	368	static
../Core/Src/main.cc:872:15:GPIO_PinState ReadPinDebounced(GPIO_TypeDef*, uint16_t, GPIO_Debounce_t*)	32	static
../Core/Src/main.cc:906:5:int main()	216	static
../Core/Src/main.cc:1256:6:void SystemClock_Config()	88	static
../Core/Src/main.cc:1311:13:void MX_I2C3_Init()	8	static
../Core/Src/main.cc:1345:13:void MX_RTC_Init()	32	static
../Core/Src/main.cc:1408:13:void MX_SPI1_Init()	8	static
../Core/Src/main.cc:1446:13:void MX_UART4_Init()	8	static
../Core/Src/main.cc:1479:13:void MX_UART5_Init()	8	static
../Core/Src/main.cc:1512:13:void MX_USART2_UART_Init()	8	static
../Core/Src/main.cc:1545:13:void MX_USART3_UART_Init()	8	static
../Core/Src/main.cc:1578:13:void MX_USART6_UART_Init()	8	static
../Core/Src/main.cc:1611:13:void MX_GPIO_Init()	48	static
../Core/Src/main.cc:1679:6:void HAL_UARTEx_RxEventCallback(UART_HandleTypeDef*, uint16_t)	24	static
../Core/Src/main.cc:1700:6:void Error_Handler()	4	static,ignoring_inline_asm
