Archive member included to satisfy reference by file (symbol)

C:/ST/STM32CubeIDE_1.19.0/STM32CubeIDE/plugins/com.st.stm32cube.ide.mcu.externaltools.gnu-tools-for-stm32.13.3.rel1.win32_1.0.0.202411081344/tools/bin/../lib/gcc/arm-none-eabi/13.3.1/../../../../arm-none-eabi/lib/thumb/v7e-m+fp/hard\libc_nano.a(libc_a-exit.o)
                              C:/ST/STM32CubeIDE_1.19.0/STM32CubeIDE/plugins/com.st.stm32cube.ide.mcu.externaltools.gnu-tools-for-stm32.13.3.rel1.win32_1.0.0.202411081344/tools/bin/../lib/gcc/arm-none-eabi/13.3.1/../../../../arm-none-eabi/lib/thumb/v7e-m+fp/hard/crt0.o (exit)
C:/ST/STM32CubeIDE_1.19.0/STM32CubeIDE/plugins/com.st.stm32cube.ide.mcu.externaltools.gnu-tools-for-stm32.13.3.rel1.win32_1.0.0.202411081344/tools/bin/../lib/gcc/arm-none-eabi/13.3.1/../../../../arm-none-eabi/lib/thumb/v7e-m+fp/hard\libc_nano.a(libc_a-findfp.o)
                              C:/ST/STM32CubeIDE_1.19.0/STM32CubeIDE/plugins/com.st.stm32cube.ide.mcu.externaltools.gnu-tools-for-stm32.13.3.rel1.win32_1.0.0.202411081344/tools/bin/../lib/gcc/arm-none-eabi/13.3.1/../../../../arm-none-eabi/lib/thumb/v7e-m+fp/hard\libc_nano.a(libc_a-exit.o) (__stdio_exit_handler)
C:/ST/STM32CubeIDE_1.19.0/STM32CubeIDE/plugins/com.st.stm32cube.ide.mcu.externaltools.gnu-tools-for-stm32.13.3.rel1.win32_1.0.0.202411081344/tools/bin/../lib/gcc/arm-none-eabi/13.3.1/../../../../arm-none-eabi/lib/thumb/v7e-m+fp/hard\libc_nano.a(libc_a-fwalk.o)
                              C:/ST/STM32CubeIDE_1.19.0/STM32CubeIDE/plugins/com.st.stm32cube.ide.mcu.externaltools.gnu-tools-for-stm32.13.3.rel1.win32_1.0.0.202411081344/tools/bin/../lib/gcc/arm-none-eabi/13.3.1/../../../../arm-none-eabi/lib/thumb/v7e-m+fp/hard\libc_nano.a(libc_a-findfp.o) (_fwalk_sglue)
C:/ST/STM32CubeIDE_1.19.0/STM32CubeIDE/plugins/com.st.stm32cube.ide.mcu.externaltools.gnu-tools-for-stm32.13.3.rel1.win32_1.0.0.202411081344/tools/bin/../lib/gcc/arm-none-eabi/13.3.1/../../../../arm-none-eabi/lib/thumb/v7e-m+fp/hard\libc_nano.a(libc_a-snprintf.o)
                              ./Core/Src/LiquidCrystal_I2C_STM32.o (snprintf)
C:/ST/STM32CubeIDE_1.19.0/STM32CubeIDE/plugins/com.st.stm32cube.ide.mcu.externaltools.gnu-tools-for-stm32.13.3.rel1.win32_1.0.0.202411081344/tools/bin/../lib/gcc/arm-none-eabi/13.3.1/../../../../arm-none-eabi/lib/thumb/v7e-m+fp/hard\libc_nano.a(libc_a-sprintf.o)
                              ./Core/Src/main.o (sprintf)
C:/ST/STM32CubeIDE_1.19.0/STM32CubeIDE/plugins/com.st.stm32cube.ide.mcu.externaltools.gnu-tools-for-stm32.13.3.rel1.win32_1.0.0.202411081344/tools/bin/../lib/gcc/arm-none-eabi/13.3.1/../../../../arm-none-eabi/lib/thumb/v7e-m+fp/hard\libc_nano.a(libc_a-stdio.o)
                              C:/ST/STM32CubeIDE_1.19.0/STM32CubeIDE/plugins/com.st.stm32cube.ide.mcu.externaltools.gnu-tools-for-stm32.13.3.rel1.win32_1.0.0.202411081344/tools/bin/../lib/gcc/arm-none-eabi/13.3.1/../../../../arm-none-eabi/lib/thumb/v7e-m+fp/hard\libc_nano.a(libc_a-findfp.o) (__sread)
C:/ST/STM32CubeIDE_1.19.0/STM32CubeIDE/plugins/com.st.stm32cube.ide.mcu.externaltools.gnu-tools-for-stm32.13.3.rel1.win32_1.0.0.202411081344/tools/bin/../lib/gcc/arm-none-eabi/13.3.1/../../../../arm-none-eabi/lib/thumb/v7e-m+fp/hard\libc_nano.a(libc_a-memset.o)
                              C:/ST/STM32CubeIDE_1.19.0/STM32CubeIDE/plugins/com.st.stm32cube.ide.mcu.externaltools.gnu-tools-for-stm32.13.3.rel1.win32_1.0.0.202411081344/tools/bin/../lib/gcc/arm-none-eabi/13.3.1/../../../../arm-none-eabi/lib/thumb/v7e-m+fp/hard/crt0.o (memset)
C:/ST/STM32CubeIDE_1.19.0/STM32CubeIDE/plugins/com.st.stm32cube.ide.mcu.externaltools.gnu-tools-for-stm32.13.3.rel1.win32_1.0.0.202411081344/tools/bin/../lib/gcc/arm-none-eabi/13.3.1/../../../../arm-none-eabi/lib/thumb/v7e-m+fp/hard\libc_nano.a(libc_a-closer.o)
                              C:/ST/STM32CubeIDE_1.19.0/STM32CubeIDE/plugins/com.st.stm32cube.ide.mcu.externaltools.gnu-tools-for-stm32.13.3.rel1.win32_1.0.0.202411081344/tools/bin/../lib/gcc/arm-none-eabi/13.3.1/../../../../arm-none-eabi/lib/thumb/v7e-m+fp/hard\libc_nano.a(libc_a-stdio.o) (_close_r)
C:/ST/STM32CubeIDE_1.19.0/STM32CubeIDE/plugins/com.st.stm32cube.ide.mcu.externaltools.gnu-tools-for-stm32.13.3.rel1.win32_1.0.0.202411081344/tools/bin/../lib/gcc/arm-none-eabi/13.3.1/../../../../arm-none-eabi/lib/thumb/v7e-m+fp/hard\libc_nano.a(libc_a-reent.o)
                              C:/ST/STM32CubeIDE_1.19.0/STM32CubeIDE/plugins/com.st.stm32cube.ide.mcu.externaltools.gnu-tools-for-stm32.13.3.rel1.win32_1.0.0.202411081344/tools/bin/../lib/gcc/arm-none-eabi/13.3.1/../../../../arm-none-eabi/lib/thumb/v7e-m+fp/hard\libc_nano.a(libc_a-closer.o) (errno)
C:/ST/STM32CubeIDE_1.19.0/STM32CubeIDE/plugins/com.st.stm32cube.ide.mcu.externaltools.gnu-tools-for-stm32.13.3.rel1.win32_1.0.0.202411081344/tools/bin/../lib/gcc/arm-none-eabi/13.3.1/../../../../arm-none-eabi/lib/thumb/v7e-m+fp/hard\libc_nano.a(libc_a-impure.o)
[...]
Memory Configuration

Name             Origin             Length             Attributes
RAM              0x20000000         0x00020000         xrw
FLASH            0x08000000         0x00080000         xr
*default*        0x00000000         0xffffffff

Linker script and memory map

LOAD C:/ST/STM32CubeIDE_1.19.0/STM32CubeIDE/plugins/com.st.stm32cube.ide.mcu.externaltools.gnu-tools-for-stm32.13.3.rel1.win32_1.0.0.202411081344/tools/bin/../lib/gcc/arm-none-eabi/13.3.1/thumb/v7e-m+fp/hard/crti.o
LOAD C:/ST/STM32CubeIDE_1.19.0/STM32CubeIDE/plugins/com.st.stm32cube.ide.mcu.externaltools.gnu-tools-for-stm32.13.3.rel1.win32_1.0.0.202411081344/tools/bin/../lib/gcc/arm-none-eabi/13.3.1/thumb/v7e-m+fp/hard/crtbegin.o
LOAD C:/ST/STM32CubeIDE_1.19.0/STM32CubeIDE/plugins/com.st.stm32cube.ide.mcu.externaltools.gnu-tools-for-stm32.13.3.rel1.win32_1.0.0.202411081344/tools/bin/../lib/gcc/arm-none-eabi/13.3.1/../../../../arm-none-eabi/lib/thumb/v7e-m+fp/hard/crt0.o
LOAD ./Core/Src/LiquidCrystal_I2C_STM32.o
LOAD ./Core/Src/main.o
LOAD ./Core/Src/stm32f4xx_hal_msp.o
LOAD ./Core/Src/stm32f4xx_it.o
LOAD ./Core/Src/syscalls.o
LOAD ./Core/Src/sysmem.o
LOAD ./Core/Src/system_stm32f4xx.o
LOAD ./Core/Startup/startup_stm32f446retx.o
LOAD ./Drivers/STM32F4xx_HAL_Driver/Src/stm32f4xx_hal.o
LOAD ./Drivers/STM32F4xx_HAL_Driver/Src/stm32f4xx_hal_cortex.o
LOAD ./Drivers/STM32F4xx_HAL_Driver/Src/stm32f4xx_hal_dma.o
LOAD ./Drivers/STM32F4xx_HAL_Driver/Src/stm32f4xx_hal_dma_ex.o
LOAD ./Drivers/STM32F4xx_HAL_Driver/Src/stm32f4xx_hal_exti.o
LOAD ./Drivers/STM32F4xx_HAL_Driver/Src/stm32f4xx_hal_flash.o
LOAD ./Drivers/STM32F4xx_HAL_Driver/Src/stm32f4xx_hal_flash_ex.o
LOAD ./Drivers/STM32F4xx_HAL_Driver/Src/stm32f4xx_hal_flash_ramfunc.o
LOAD ./Drivers/STM32F4xx_HAL_Driver/Src/stm32f4xx_hal_gpio.o
LOAD ./Drivers/STM32F4xx_HAL_Driver/Src/stm32f4xx_hal_i2c.o
LOAD ./Drivers/STM32F4xx_HAL_Driver/Src/stm32f4xx_hal_i2c_ex.o
LOAD ./Drivers/STM32F4xx_HAL_Driver/Src/stm32f4xx_hal_pwr.o
LOAD ./Drivers/STM32F4xx_HAL_Driver/Src/stm32f4xx_hal_pwr_ex.o
LOAD ./Drivers/STM32F4xx_HAL_Driver/Src/stm32f4xx_hal_rcc.o
LOAD ./Drivers/STM32F4xx_HAL_Driver/Src/stm32f4xx_hal_rcc_ex.o
LOAD ./Drivers/STM32F4xx_HAL_Driver/Src/stm32f4xx_hal_tim.o
LOAD ./Drivers/STM32F4xx_HAL_Driver/Src/stm32f4xx_hal_tim_ex.o
LOAD ./Drivers/STM32F4xx_HAL_Driver/Src/stm32f4xx_hal_uart.o
START GROUP
LOAD C:/ST/STM32CubeIDE_1.19.0/STM32CubeIDE/plugins/com.st.stm32cube.ide.mcu.externaltools.gnu-tools-for-stm32.13.3.rel1.win32_1.0.0.202411081344/tools/bin/../lib/gcc/arm-none-eabi/13.3.1/../../../../arm-none-eabi/lib/thumb/v7e-m+fp/hard\libstdc++_nano.a
LOAD C:/ST/STM32CubeIDE_1.19.0/STM32CubeIDE/plugins/com.st.stm32cube.ide.mcu.externaltools.gnu-tools-for-stm32.13.3.rel1.win32_1.0.0.202411081344/tools/bin/../lib/gcc/arm-none-eabi/13.3.1/../../../../arm-none-eabi/lib/thumb/v7e-m+fp/hard\libsupc++_nano.a
END GROUP
LOAD C:/ST/STM32CubeIDE_1.19.0/STM32CubeIDE/plugins/com.st.stm32cube.ide.mcu.externaltools.gnu-tools-for-stm32.13.3.rel1.win32_1.0.0.202411081344/tools/bin/../lib/gcc/arm-none-eabi/13.3.1/../../../../arm-none-eabi/lib/thumb/v7e-m+fp/hard\libstdc++_nano.a
LOAD C:/ST/STM32CubeIDE_1.19.0/STM32CubeIDE/plugins/com.st.stm32cube.ide.mcu.externaltools.gnu-tools-for-stm32.13.3.rel1.win32_1.0.0.202411081344/tools/bin/../lib/gcc/arm-none-eabi/13.3.1/../../../../arm-none-eabi/lib/thumb/v7e-m+fp/hard\libm.a
LOAD C:/ST/STM32CubeIDE_1.19.0/STM32CubeIDE/plugins/com.st.stm32cube.ide.mcu.externaltools.gnu-tools-for-stm32.13.3.rel1.win32_1.0.0.202411081344/tools/bin/../lib/gcc/arm-none-eabi/13.3.1/../../../../arm-none-eabi/lib/thumb/v7e-m+fp/hard\libc_nano.a
START GROUP
LOAD C:/ST/STM32CubeIDE_1.19.0/STM32CubeIDE/plugins/com.st.stm32cube.ide.mcu.externaltools.gnu-tools-for-stm32.13.3.rel1.win32_1.0.0.202411081344/tools/bin/../lib/gcc/arm-none-eabi/13.3.1/thumb/v7e-m+fp/hard\libgcc.a
LOAD C:/ST/STM32CubeIDE_1.19.0/STM32CubeIDE/plugins/com.st.stm32cube.ide.mcu.externaltools.gnu-tools-for-stm32.13.3.rel1.win32_1.0.0.202411081344/tools/bin/../lib/gcc/arm-none-eabi/13.3.1/../../../../arm-none-eabi/lib/thumb/v7e-m+fp/hard\libc_nano.a
END GROUP
START GROUP
LOAD C:/ST/STM32CubeIDE_1.19.0/STM32CubeIDE/plugins/com.st.stm32cube.ide.mcu.externaltools.gnu-tools-for-stm32.13.3.rel1.win32_1.0.0.202411081344/tools/bin/../lib/gcc/arm-none-eabi/13.3.1/thumb/v7e-m+fp/hard\libgcc.a
LOAD C:/ST/STM32CubeIDE_1.19.0/STM32CubeIDE/plugins/com.st.stm32cube.ide.mcu.externaltools.gnu-tools-for-stm32.13.3.rel1.win32_1.0.0.202411081344/tools/bin/../lib/gcc/arm-none-eabi/13.3.1/../../../../arm-none-eabi/lib/thumb/v7e-m+fp/hard\libc_nano.a
END GROUP
LOAD C:/ST/STM32CubeIDE_1.19.0/STM32CubeIDE/plugins/com.st.stm32cube.ide.mcu.externaltools.gnu-tools-for-stm32.13.3.rel1.win32_1.0.0.202411081344/tools/bin/../lib/gcc/arm-none-eabi/13.3.1/thumb/v7e-m+fp/hard/crtend.o
LOAD C:/ST/STM32CubeIDE_1.19.0/STM32CubeIDE/plugins/com.st.stm32cube.ide.mcu.externaltools.gnu-tools-for-stm32.13.3.rel1.win32_1.0.0.202411081344/tools/bin/../lib/gcc/arm-none-eabi/13.3.1/thumb/v7e-m+fp/hard/crtn.o
                0x20020000                        _estack = (ORIGIN (RAM) + LENGTH (RAM))
                0x00000200                        _Min_Heap_Size = 0x200
                0x00000400                        _Min_Stack_Size = 0x400

.isr_vector     0x08000000      0x1c4
                0x08000000                        . = ALIGN (0x4)
 *(.isr_vector)
 .isr_vector    0x08000000      0x1c4 ./Core/Startup/startup_stm32f446retx.o
                0x08000000                g_pfnVectors
                0x080001c4                        . = ALIGN (0x4)

.text           0x080001d0     0x7238
                0x080001d0                        . = ALIGN (0x4)
 *(.text)
 .text          0x080001d0       0x40 C:/ST/STM32CubeIDE_1.19.0/STM32CubeIDE/plugins/com.st.stm32cube.ide.mcu.externaltools.gnu-tools-for-stm32.13.3.rel1.win32_1.0.0.202411081344/tools/bin/../lib/gcc/arm-none-eabi/13.3.1/thumb/v7e-m+fp/hard/crtbegin.o
 .text          0x08000210       0x10 C:/ST/STM32CubeIDE_1.19.0/STM32CubeIDE/plugins/com.st.stm32cube.ide.mcu.externaltools.gnu-tools-for-stm32.13.3.rel1.win32_1.0.0.202411081344/tools/bin/../lib/gcc/arm-none-eabi/13.3.1/../../../../arm-none-eabi/lib/thumb/v7e-m+fp/hard\libc_nano.a(libc_a-strlen.o)
                0x08000210                strlen
 .text          0x08000220       0xa0 C:/ST/STM32CubeIDE_1.19.0/STM32CubeIDE/plugins/com.st.stm32cube.ide.mcu.externaltools.gnu-tools-for-stm32.13.3.rel1.win32_1.0.0.202411081344/tools/bin/../lib/gcc/arm-none-eabi/13.3.1/../../../../arm-none-eabi/lib/thumb/v7e-m+fp/hard\libc_nano.a(libc_a-memchr.o)
                0x08000220                memchr
 .text          0x080002c0       0x30 C:/ST/STM32CubeIDE_1.19.0/STM32CubeIDE/plugins/com.st.stm32cube.ide.mcu.externaltools.gnu-tools-for-stm32.13.3.rel1.win32_1.0.0.202411081344/tools/bin/../lib/gcc/arm-none-eabi/13.3.1/thumb/v7e-m+fp/hard\libgcc.a(_aeabi_uldivmod.o)
                0x080002c0                __aeabi_uldivmod
 .text          0x080002f0      0x2f8 C:/ST/STM32CubeIDE_1.19.0/STM32CubeIDE/plugins/com.st.stm32cube.ide.mcu.externaltools.gnu-tools-for-stm32.13.3.rel1.win32_1.0.0.202411081344/tools/bin/../lib/gcc/arm-none-eabi/13.3.1/thumb/v7e-m+fp/hard\libgcc.a(_udivmoddi4.o)
                0x080002f0                __udivmoddi4
 .text          0x080005e8        0x4 C:/ST/STM32CubeIDE_1.19.0/STM32CubeIDE/plugins/com.st.stm32cube.ide.mcu.externaltools.gnu-tools-for-stm32.13.3.rel1.win32_1.0.0.202411081344/tools/bin/../lib/gcc/arm-none-eabi/13.3.1/thumb/v7e-m+fp/hard\libgcc.a(_dvmd_tls.o)
                0x080005e8                __aeabi_idiv0
                0x080005e8                __aeabi_ldiv0
 *(.text*)
 .text._Z8delay_usm
                0x080005ec       0x16 ./Core/Src/LiquidCrystal_I2C_STM32.o
                0x080005ec                delay_us(unsigned long)
 .text._ZN17LiquidCrystal_I2CC2EP17I2C_HandleTypeDefhhh
                0x08000602       0x60 ./Core/Src/LiquidCrystal_I2C_STM32.o
                0x08000602                LiquidCrystal_I2C::LiquidCrystal_I2C(I2C_HandleTypeDef*, unsigned char, unsigned char, unsigned char)
                0x08000602                LiquidCrystal_I2C::LiquidCrystal_I2C(I2C_HandleTypeDef*, unsigned char, unsigned char, unsigned char)
 .text._ZN17LiquidCrystal_I2C5beginEhhh
                0x08000662       0x48 ./Core/Src/LiquidCrystal_I2C_STM32.o
                0x08000662                LiquidCrystal_I2C::begin(unsigned char, unsigned char, unsigned char)
 .text._ZN17LiquidCrystal_I2C9init_privEv
                0x080006aa       0xa8 ./Core/Src/LiquidCrystal_I2C_STM32.o
                0x080006aa                LiquidCrystal_I2C::init_priv()
 .text._ZN17LiquidCrystal_I2C5clearEv
                0x08000752       0x20 ./Core/Src/LiquidCrystal_I2C_STM32.o
                0x08000752                LiquidCrystal_I2C::clear()
 .text._ZN17LiquidCrystal_I2C4homeEv
                0x08000772       0x20 ./Core/Src/LiquidCrystal_I2C_STM32.o
                0x08000772                LiquidCrystal_I2C::home()
 *fill*         0x08000792        0x2 
 .text._ZN17LiquidCrystal_I2C9setCursorEhh
                0x08000794       0x50 ./Core/Src/LiquidCrystal_I2C_STM32.o
                0x08000794                LiquidCrystal_I2C::setCursor(unsigned char, unsigned char)
 .text._ZN17LiquidCrystal_I2C7displayEv
                0x080007e4       0x32 ./Core/Src/LiquidCrystal_I2C_STM32.o
                0x080007e4                LiquidCrystal_I2C::display()
 .text._ZN17LiquidCrystal_I2C8noCursorEv
                0x08000816       0x32 ./Core/Src/LiquidCrystal_I2C_STM32.o
                0x08000816                LiquidCrystal_I2C::noCursor()
 .text._ZN17LiquidCrystal_I2C6cursorEv
                0x08000848       0x32 ./Core/Src/LiquidCrystal_I2C_STM32.o
                0x08000848                LiquidCrystal_I2C::cursor()
 .text._ZN17LiquidCrystal_I2C7noBlinkEv
                0x0800087a       0x32 ./Core/Src/LiquidCrystal_I2C_STM32.o
                0x0800087a                LiquidCrystal_I2C::noBlink()
 .text._ZN17LiquidCrystal_I2C5blinkEv
                0x080008ac       0x32 ./Core/Src/LiquidCrystal_I2C_STM32.o
                0x080008ac                LiquidCrystal_I2C::blink()
 .text._ZN17LiquidCrystal_I2C9backlightEv
                0x080008de       0x22 ./Core/Src/LiquidCrystal_I2C_STM32.o
                0x080008de                LiquidCrystal_I2C::backlight()
 .text._ZN17LiquidCrystal_I2C4sendEhh
                0x08000900       0x46 ./Core/Src/LiquidCrystal_I2C_STM32.o
                0x08000900                LiquidCrystal_I2C::send(unsigned char, unsigned char)
 .text._ZN17LiquidCrystal_I2C10write4bitsEh
                0x08000946       0x38 ./Core/Src/LiquidCrystal_I2C_STM32.o
                0x08000946                LiquidCrystal_I2C::write4bits(unsigned char)
 .text._ZN17LiquidCrystal_I2C13expanderWriteEh
                0x0800097e       0x34 ./Core/Src/LiquidCrystal_I2C_STM32.o
                0x0800097e                LiquidCrystal_I2C::expanderWrite(unsigned char)
 .text._ZN17LiquidCrystal_I2C11pulseEnableEh
                0x080009b2       0x40 ./Core/Src/LiquidCrystal_I2C_STM32.o
                0x080009b2                LiquidCrystal_I2C::pulseEnable(unsigned char)
 .text._ZN17LiquidCrystal_I2C8printstrEPKc
                0x080009f2       0x2e ./Core/Src/LiquidCrystal_I2C_STM32.o
                0x080009f2                LiquidCrystal_I2C::printstr(char const*)
 .text._ZN17LiquidCrystal_I2C5printEPKc
                0x08000a20       0x1a ./Core/Src/LiquidCrystal_I2C_STM32.o
                0x08000a20                LiquidCrystal_I2C::print(char const*)
 .text._ZN17LiquidCrystal_I2C5writeEh
                0x08000a3a       0x22 ./Core/Src/LiquidCrystal_I2C_STM32.o
                0x08000a3a                LiquidCrystal_I2C::write(unsigned char)
 .text._Z10ReadKeySttv
                0x08000a5c       0x98 ./Core/Src/main.o
                0x08000a5c                ReadKeyStt()
 .text._Z7ReadKeyh
                0x08000af4       0x3a ./Core/Src/main.o
                0x08000af4                ReadKey(unsigned char)
 *fill*         0x08000b2e        0x2 
 .text._Z10keyprocessv
                0x08000b30       0xd0 ./Core/Src/main.o
                0x08000b30                keyprocess()
 .text._Z17AT24C512_ReadBytet
                0x08000c00       0x40 ./Core/Src/main.o
                0x08000c00                AT24C512_ReadByte(unsigned short)
 .text._Z18AT24C512_WriteByteth
                0x08000c40       0x44 ./Core/Src/main.o
                0x08000c40                AT24C512_WriteByte(unsigned short, unsigned char)
 .text._Z18LCD_ShowInitScreenv
                0x08000c84       0x64 ./Core/Src/main.o
                0x08000c84                LCD_ShowInitScreen()
 .text._Z12LCD_InitDotsh
                0x08000ce8       0x44 ./Core/Src/main.o
                0x08000ce8                LCD_InitDots(unsigned char)
 .text._ZL13ValueToDigitsmPh
                0x08000d2c      0x118 ./Core/Src/main.o
 .text._ZL13DigitsToValuePh
                0x08000e44       0x74 ./Core/Src/main.o
 .text._Z14LCD_ShowDigitsR17LiquidCrystal_I2CPhhh
                0x08000eb8       0xbc ./Core/Src/main.o
                0x08000eb8                LCD_ShowDigits(LiquidCrystal_I2C&, unsigned char*, unsigned char, unsigned char)
 .text._Z4SetVmhhR17LiquidCrystal_I2C
                0x08000f74      0x158 ./Core/Src/main.o
                0x08000f74                SetV(unsigned long, unsigned char, unsigned char, LiquidCrystal_I2C&)
 .text._Z6SetPSWv
                0x080010cc       0x6c ./Core/Src/main.o
                0x080010cc                SetPSW()
 .text._Z10setFloorIDv
                0x08001138       0x80 ./Core/Src/main.o
                0x08001138                setFloorID()
 .text._Z14set_no_Displayv
                0x080011b8       0x80 ./Core/Src/main.o
                0x080011b8                set_no_Display()
 .text._Z13SetTotal_Zonev
                0x08001238       0x84 ./Core/Src/main.o
                0x08001238                SetTotal_Zone()
 .text._Z17SetDisplay_Configv
                0x080012bc      0x2b8 ./Core/Src/main.o
                0x080012bc                SetDisplay_Config()
 .text._Z9Read_datav
                0x08001574      0x1d4 ./Core/Src/main.o
                0x08001574                Read_data()
 .text._Z8DWT_Initv
                0x08001748       0x34 ./Core/Src/main.o
                0x08001748                DWT_Init()
 .text._Z8LCD_Showhhhhhh
                0x0800177c       0xf8 ./Core/Src/main.o
                0x0800177c                LCD_Show(unsigned char, unsigned char, unsigned char, unsigned char, unsigned char, unsigned char)
 .text._Z19Update_All_Displaysv
                0x08001874      0x194 ./Core/Src/main.o
                0x08001874                Update_All_Displays()
 .text._Z17Zone_Request_Taskv
                0x08001a08       0x70 ./Core/Src/main.o
                0x08001a08                Zone_Request_Task()
 .text._Z14Flush_All_Datav
                0x08001a78       0x58 ./Core/Src/main.o
                0x08001a78                Flush_All_Data()
 .text._Z21Build_Master_Responsev
                0x08001ad0      0x188 ./Core/Src/main.o
                0x08001ad0                Build_Master_Response()
 .text.main     0x08001c58      0x1b4 ./Core/Src/main.o
                0x08001c58                main
 .text._Z18SystemClock_Configv
                0x08001e0c       0xec ./Core/Src/main.o
                0x08001e0c                SystemClock_Config()
 .text._ZL12MX_I2C1_Initv
                0x08001ef8       0x68 ./Core/Src/main.o
 .text._ZL12MX_I2C3_Initv
                0x08001f60       0x68 ./Core/Src/main.o
 .text._ZL12MX_TIM3_Initv
                0x08001fc8       0xbc ./Core/Src/main.o
 .text._ZL13MX_UART4_Initv
                0x08002084       0x5c ./Core/Src/main.o
 .text._ZL19MX_USART1_UART_Initv
                0x080020e0       0x5c ./Core/Src/main.o
 .text._ZL19MX_USART2_UART_Initv
                0x0800213c       0x5c ./Core/Src/main.o
 .text._ZL11MX_DMA_Initv
                0x08002198       0x40 ./Core/Src/main.o
 .text._ZL12MX_GPIO_Initv
                0x080021d8       0xcc ./Core/Src/main.o
 .text.HAL_UARTEx_RxEventCallback
                0x080022a4      0x1d4 ./Core/Src/main.o
                0x080022a4                HAL_UARTEx_RxEventCallback
 .text.HAL_TIM_PeriodElapsedCallback
                0x08002478       0x90 ./Core/Src/main.o
                0x08002478                HAL_TIM_PeriodElapsedCallback
 .text.Error_Handler
                0x08002508        0xc ./Core/Src/main.o
                0x08002508                Error_Handler
 .text._Z41__static_initialization_and_destruction_0v
                0x08002514       0x24 ./Core/Src/main.o
 .text._GLOBAL__sub_I_keystt
                0x08002538        0xa ./Core/Src/main.o
 *fill*         0x08002542        0x2 
 .text.HAL_MspInit
                0x08002544       0x50 ./Core/Src/stm32f4xx_hal_msp.o
                0x08002544                HAL_MspInit
 .text.HAL_I2C_MspInit
                0x08002594      0x140 ./Core/Src/stm32f4xx_hal_msp.o
                0x08002594                HAL_I2C_MspInit
 .text.HAL_TIM_Base_MspInit
                0x080026d4       0x50 ./Core/Src/stm32f4xx_hal_msp.o
                0x080026d4                HAL_TIM_Base_MspInit
 .text.HAL_UART_MspInit
                0x08002724      0x190 ./Core/Src/stm32f4xx_hal_msp.o
                0x08002724                HAL_UART_MspInit
 .text.NMI_Handler
                0x080028b4        0x8 ./Core/Src/stm32f4xx_it.o
                0x080028b4                NMI_Handler
 .text.HardFault_Handler
                0x080028bc        0x8 ./Core/Src/stm32f4xx_it.o
                0x080028bc                HardFault_Handler
 .text.MemManage_Handler
                0x080028c4        0x8 ./Core/Src/stm32f4xx_it.o
                0x080028c4                MemManage_Handler
 .text.BusFault_Handler
                0x080028cc        0x8 ./Core/Src/stm32f4xx_it.o
                0x080028cc                BusFault_Handler
 .text.UsageFault_Handler
                0x080028d4        0x8 ./Core/Src/stm32f4xx_it.o
                0x080028d4                UsageFault_Handler
 .text.SVC_Handler
                0x080028dc        0xe ./Core/Src/stm32f4xx_it.o
                0x080028dc                SVC_Handler
 .text.DebugMon_Handler
                0x080028ea        0xe ./Core/Src/stm32f4xx_it.o
                0x080028ea                DebugMon_Handler
 .text.PendSV_Handler
                0x080028f8        0xe ./Core/Src/stm32f4xx_it.o
                0x080028f8                PendSV_Handler
 .text.SysTick_Handler
                0x08002906        0xc ./Core/Src/stm32f4xx_it.o
                0x08002906                SysTick_Handler
 *fill*         0x08002912        0x2 
 .text.TIM3_IRQHandler
                0x08002914       0x14 ./Core/Src/stm32f4xx_it.o
                0x08002914                TIM3_IRQHandler
 .text.USART1_IRQHandler
                0x08002928       0x14 ./Core/Src/stm32f4xx_it.o
                0x08002928                USART1_IRQHandler
 .text.USART2_IRQHandler
                0x0800293c       0x14 ./Core/Src/stm32f4xx_it.o
                0x0800293c                USART2_IRQHandler
 .text.UART4_IRQHandler
                0x08002950       0x14 ./Core/Src/stm32f4xx_it.o
                0x08002950                UART4_IRQHandler
 .text._sbrk    0x08002964       0x6c ./Core/Src/sysmem.o
                0x08002964                _sbrk
 .text.SystemInit
                0x080029d0       0x24 ./Core/Src/system_stm32f4xx.o
                0x080029d0                SystemInit
 .text.Reset_Handler
                0x080029f4       0x50 ./Core/Startup/startup_stm32f446retx.o
                0x080029f4                Reset_Handler
 .text.Default_Handler
                0x08002a44        0x2 ./Core/Startup/startup_stm32f446retx.o
                0x08002a44                RTC_Alarm_IRQHandler
                0x08002a44                EXTI2_IRQHandler
                0x08002a44                TIM8_CC_IRQHandler
                0x08002a44                FMPI2C1_EV_IRQHandler
                0x08002a44                SPI4_IRQHandler
                0x08002a44                TIM1_CC_IRQHandler
                0x08002a44                DMA2_Stream5_IRQHandler
                0x08002a44                DMA1_Stream5_IRQHandler
                0x08002a44                PVD_IRQHandler
                0x08002a44                SDIO_IRQHandler
                0x08002a44                TAMP_STAMP_IRQHandler
                0x08002a44                CAN2_RX1_IRQHandler
                0x08002a44                EXTI3_IRQHandler
                0x08002a44                TIM8_TRG_COM_TIM14_IRQHandler
                0x08002a44                TIM1_UP_TIM10_IRQHandler
                0x08002a44                TIM8_UP_TIM13_IRQHandler
                0x08002a44                I2C3_ER_IRQHandler
                0x08002a44                EXTI0_IRQHandler
                0x08002a44                I2C2_EV_IRQHandler
                0x08002a44                DMA1_Stream2_IRQHandler
                0x08002a44                CAN1_RX0_IRQHandler
                0x08002a44                FPU_IRQHandler
                0x08002a44                OTG_HS_WKUP_IRQHandler
                0x08002a44                CAN2_SCE_IRQHandler
                0x08002a44                DMA2_Stream2_IRQHandler
                0x08002a44                SPI1_IRQHandler
                0x08002a44                TIM6_DAC_IRQHandler
                0x08002a44                TIM1_BRK_TIM9_IRQHandler
                0x08002a44                DCMI_IRQHandler
                0x08002a44                CAN2_RX0_IRQHandler
                0x08002a44                DMA2_Stream3_IRQHandler
                0x08002a44                SAI2_IRQHandler
                0x08002a44                USART6_IRQHandler
                0x08002a44                USART3_IRQHandler
                0x08002a44                CAN1_RX1_IRQHandler
                0x08002a44                UART5_IRQHandler
                0x08002a44                DMA2_Stream0_IRQHandler
                0x08002a44                TIM4_IRQHandler
                0x08002a44                QUADSPI_IRQHandler
                0x08002a44                I2C1_EV_IRQHandler
                0x08002a44                DMA1_Stream6_IRQHandler
                0x08002a44                DMA1_Stream1_IRQHandler
                0x08002a44                RCC_IRQHandler
                0x08002a44                TIM8_BRK_TIM12_IRQHandler
                0x08002a44                Default_Handler
                0x08002a44                CEC_IRQHandler
                0x08002a44                EXTI15_10_IRQHandler
                0x08002a44                ADC_IRQHandler
                0x08002a44                DMA1_Stream7_IRQHandler
                0x08002a44                TIM7_IRQHandler
                0x08002a44                CAN2_TX_IRQHandler
                0x08002a44                TIM5_IRQHandler
                0x08002a44                DMA2_Stream7_IRQHandler
                0x08002a44                I2C3_EV_IRQHandler
                0x08002a44                EXTI9_5_IRQHandler
                0x08002a44                RTC_WKUP_IRQHandler
                0x08002a44                SPDIF_RX_IRQHandler
                0x08002a44                SPI2_IRQHandler
                0x08002a44                OTG_HS_EP1_IN_IRQHandler
                0x08002a44                DMA1_Stream0_IRQHandler
                0x08002a44                CAN1_TX_IRQHandler
                0x08002a44                FMPI2C1_ER_IRQHandler
                0x08002a44                EXTI4_IRQHandler
                0x08002a44                OTG_HS_EP1_OUT_IRQHandler
                0x08002a44                WWDG_IRQHandler
                0x08002a44                TIM2_IRQHandler
                0x08002a44                OTG_FS_WKUP_IRQHandler
                0x08002a44                TIM1_TRG_COM_TIM11_IRQHandler
                0x08002a44                OTG_HS_IRQHandler
                0x08002a44                EXTI1_IRQHandler
                0x08002a44                I2C2_ER_IRQHandler
                0x08002a44                DMA2_Stream1_IRQHandler
                0x08002a44                CAN1_SCE_IRQHandler
                0x08002a44                FLASH_IRQHandler
                0x08002a44                DMA2_Stream4_IRQHandler
                0x08002a44                OTG_FS_IRQHandler
                0x08002a44                SPI3_IRQHandler
                0x08002a44                DMA1_Stream4_IRQHandler
                0x08002a44                I2C1_ER_IRQHandler
                0x08002a44                FMC_IRQHandler
                0x08002a44                DMA2_Stream6_IRQHandler
                0x08002a44                SAI1_IRQHandler
                0x08002a44                DMA1_Stream3_IRQHandler
 *fill*         0x08002a46        0x2 
 .text.HAL_Init
                0x08002a48       0x44 ./Drivers/STM32F4xx_HAL_Driver/Src/stm32f4xx_hal.o
                0x08002a48                HAL_Init
 .text.HAL_InitTick
                0x08002a8c       0x60 ./Drivers/STM32F4xx_HAL_Driver/Src/stm32f4xx_hal.o
                0x08002a8c                HAL_InitTick
 .text.HAL_IncTick
                0x08002aec       0x28 ./Drivers/STM32F4xx_HAL_Driver/Src/stm32f4xx_hal.o
                0x08002aec                HAL_IncTick
 .text.HAL_GetTick
                0x08002b14       0x18 ./Drivers/STM32F4xx_HAL_Driver/Src/stm32f4xx_hal.o
                0x08002b14                HAL_GetTick
 .text.HAL_Delay
                0x08002b2c       0x48 ./Drivers/STM32F4xx_HAL_Driver/Src/stm32f4xx_hal.o
                0x08002b2c                HAL_Delay
 .text.__NVIC_SetPriorityGrouping
                0x08002b74       0x48 ./Drivers/STM32F4xx_HAL_Driver/Src/stm32f4xx_hal_cortex.o
 .text.__NVIC_GetPriorityGrouping
                0x08002bbc       0x1c ./Drivers/STM32F4xx_HAL_Driver/Src/stm32f4xx_hal_cortex.o
 .text.__NVIC_EnableIRQ
                0x08002bd8       0x3c ./Drivers/STM32F4xx_HAL_Driver/Src/stm32f4xx_hal_cortex.o
 .text.__NVIC_SetPriority
                0x08002c14       0x54 ./Drivers/STM32F4xx_HAL_Driver/Src/stm32f4xx_hal_cortex.o
 .text.NVIC_EncodePriority
                0x08002c68       0x66 ./Drivers/STM32F4xx_HAL_Driver/Src/stm32f4xx_hal_cortex.o
 *fill*         0x08002cce        0x2 
 .text.SysTick_Config
                0x08002cd0       0x44 ./Drivers/STM32F4xx_HAL_Driver/Src/stm32f4xx_hal_cortex.o
 .text.HAL_NVIC_SetPriorityGrouping
                0x08002d14       0x16 ./Drivers/STM32F4xx_HAL_Driver/Src/stm32f4xx_hal_cortex.o
                0x08002d14                HAL_NVIC_SetPriorityGrouping
 .text.HAL_NVIC_SetPriority
                0x08002d2a       0x38 ./Drivers/STM32F4xx_HAL_Driver/Src/stm32f4xx_hal_cortex.o
                0x08002d2a                HAL_NVIC_SetPriority
 .text.HAL_NVIC_EnableIRQ
                0x08002d62       0x1c ./Drivers/STM32F4xx_HAL_Driver/Src/stm32f4xx_hal_cortex.o
                0x08002d62                HAL_NVIC_EnableIRQ
 .text.HAL_SYSTICK_Config
                0x08002d7e       0x18 ./Drivers/STM32F4xx_HAL_Driver/Src/stm32f4xx_hal_cortex.o
                0x08002d7e                HAL_SYSTICK_Config
 .text.HAL_DMA_Abort
                0x08002d96       0xe0 ./Drivers/STM32F4xx_HAL_Driver/Src/stm32f4xx_hal_dma.o
                0x08002d96                HAL_DMA_Abort
 .text.HAL_DMA_Abort_IT
                0x08002e76       0x44 ./Drivers/STM32F4xx_HAL_Driver/Src/stm32f4xx_hal_dma.o
                0x08002e76                HAL_DMA_Abort_IT
 *fill*         0x08002eba        0x2 
 .text.HAL_GPIO_Init
                0x08002ebc      0x328 ./Drivers/STM32F4xx_HAL_Driver/Src/stm32f4xx_hal_gpio.o
                0x08002ebc                HAL_GPIO_Init
 .text.HAL_GPIO_ReadPin
                0x080031e4       0x30 ./Drivers/STM32F4xx_HAL_Driver/Src/stm32f4xx_hal_gpio.o
                0x080031e4                HAL_GPIO_ReadPin
 .text.HAL_I2C_Init
                0x08003214      0x288 ./Drivers/STM32F4xx_HAL_Driver/Src/stm32f4xx_hal_i2c.o
                0x08003214                HAL_I2C_Init
 .text.HAL_I2C_Master_Transmit
                0x0800349c      0x1fc ./Drivers/STM32F4xx_HAL_Driver/Src/stm32f4xx_hal_i2c.o
                0x0800349c                HAL_I2C_Master_Transmit
 .text.HAL_I2C_Mem_Write
                0x08003698      0x1f4 ./Drivers/STM32F4xx_HAL_Driver/Src/stm32f4xx_hal_i2c.o
                0x08003698                HAL_I2C_Mem_Write
 .text.HAL_I2C_Mem_Read
                0x0800388c      0x464 ./Drivers/STM32F4xx_HAL_Driver/Src/stm32f4xx_hal_i2c.o
                0x0800388c                HAL_I2C_Mem_Read
 .text.I2C_MasterRequestWrite
                0x08003cf0      0x104 ./Drivers/STM32F4xx_HAL_Driver/Src/stm32f4xx_hal_i2c.o
 .text.I2C_RequestMemoryWrite
                0x08003df4      0x12c ./Drivers/STM32F4xx_HAL_Driver/Src/stm32f4xx_hal_i2c.o
 .text.I2C_RequestMemoryRead
                0x08003f20      0x1d0 ./Drivers/STM32F4xx_HAL_Driver/Src/stm32f4xx_hal_i2c.o
 .text.I2C_WaitOnFlagUntilTimeout
                0x080040f0       0xf4 ./Drivers/STM32F4xx_HAL_Driver/Src/stm32f4xx_hal_i2c.o
 .text.I2C_WaitOnMasterAddressFlagUntilTimeout
                0x080041e4      0x140 ./Drivers/STM32F4xx_HAL_Driver/Src/stm32f4xx_hal_i2c.o
 .text.I2C_WaitOnTXEFlagUntilTimeout
                0x08004324       0x90 ./Drivers/STM32F4xx_HAL_Driver/Src/stm32f4xx_hal_i2c.o
 .text.I2C_WaitOnBTFFlagUntilTimeout
                0x080043b4       0x90 ./Drivers/STM32F4xx_HAL_Driver/Src/stm32f4xx_hal_i2c.o
 .text.I2C_WaitOnRXNEFlagUntilTimeout
                0x08004444       0xba ./Drivers/STM32F4xx_HAL_Driver/Src/stm32f4xx_hal_i2c.o
 .text.I2C_IsAcknowledgeFailed
                0x080044fe       0x5e ./Drivers/STM32F4xx_HAL_Driver/Src/stm32f4xx_hal_i2c.o
 .text.HAL_RCC_ClockConfig
                0x0800455c      0x1cc ./Drivers/STM32F4xx_HAL_Driver/Src/stm32f4xx_hal_rcc.o
                0x0800455c                HAL_RCC_ClockConfig
 .text.HAL_RCC_GetHCLKFreq
                0x08004728       0x18 ./Drivers/STM32F4xx_HAL_Driver/Src/stm32f4xx_hal_rcc.o
                0x08004728                HAL_RCC_GetHCLKFreq
 .text.HAL_RCC_GetPCLK1Freq
                0x08004740       0x28 ./Drivers/STM32F4xx_HAL_Driver/Src/stm32f4xx_hal_rcc.o
                0x08004740                HAL_RCC_GetPCLK1Freq
 .text.HAL_RCC_GetPCLK2Freq
                0x08004768       0x28 ./Drivers/STM32F4xx_HAL_Driver/Src/stm32f4xx_hal_rcc.o
                0x08004768                HAL_RCC_GetPCLK2Freq
 .text.HAL_RCC_GetSysClockFreq
                0x08004790      0x354 ./Drivers/STM32F4xx_HAL_Driver/Src/stm32f4xx_hal_rcc_ex.o
                0x08004790                HAL_RCC_GetSysClockFreq
 .text.HAL_RCC_OscConfig
                0x08004ae4      0x53c ./Drivers/STM32F4xx_HAL_Driver/Src/stm32f4xx_hal_rcc_ex.o
                0x08004ae4                HAL_RCC_OscConfig
 .text.HAL_TIM_Base_Init
                0x08005020       0x9e ./Drivers/STM32F4xx_HAL_Driver/Src/stm32f4xx_hal_tim.o
                0x08005020                HAL_TIM_Base_Init
 *fill*         0x080050be        0x2 
 .text.HAL_TIM_Base_Start_IT
                0x080050c0       0xe0 ./Drivers/STM32F4xx_HAL_Driver/Src/stm32f4xx_hal_tim.o
                0x080050c0                HAL_TIM_Base_Start_IT
 .text.HAL_TIM_IRQHandler
                0x080051a0      0x1e0 ./Drivers/STM32F4xx_HAL_Driver/Src/stm32f4xx_hal_tim.o
                0x080051a0                HAL_TIM_IRQHandler
 .text.HAL_TIM_ConfigClockSource
                0x08005380      0x18e ./Drivers/STM32F4xx_HAL_Driver/Src/stm32f4xx_hal_tim.o
                0x08005380                HAL_TIM_ConfigClockSource
 .text.HAL_TIM_OC_DelayElapsedCallback
                0x0800550e       0x14 ./Drivers/STM32F4xx_HAL_Driver/Src/stm32f4xx_hal_tim.o
                0x0800550e                HAL_TIM_OC_DelayElapsedCallback
 .text.HAL_TIM_IC_CaptureCallback
                0x08005522       0x14 ./Drivers/STM32F4xx_HAL_Driver/Src/stm32f4xx_hal_tim.o
                0x08005522                HAL_TIM_IC_CaptureCallback
 .text.HAL_TIM_PWM_PulseFinishedCallback
                0x08005536       0x14 ./Drivers/STM32F4xx_HAL_Driver/Src/stm32f4xx_hal_tim.o
                0x08005536                HAL_TIM_PWM_PulseFinishedCallback
 .text.HAL_TIM_TriggerCallback
                0x0800554a       0x14 ./Drivers/STM32F4xx_HAL_Driver/Src/stm32f4xx_hal_tim.o
                0x0800554a                HAL_TIM_TriggerCallback
 *fill*         0x0800555e        0x2 
 .text.TIM_Base_SetConfig
                0x08005560      0x14c ./Drivers/STM32F4xx_HAL_Driver/Src/stm32f4xx_hal_tim.o
                0x08005560                TIM_Base_SetConfig
 .text.TIM_TI1_ConfigInputStage
                0x080056ac       0x5e ./Drivers/STM32F4xx_HAL_Driver/Src/stm32f4xx_hal_tim.o
 .text.TIM_TI2_ConfigInputStage
                0x0800570a       0x60 ./Drivers/STM32F4xx_HAL_Driver/Src/stm32f4xx_hal_tim.o
 .text.TIM_ITRx_SetConfig
                0x0800576a       0x36 ./Drivers/STM32F4xx_HAL_Driver/Src/stm32f4xx_hal_tim.o
 .text.TIM_ETR_SetConfig
                0x080057a0       0x40 ./Drivers/STM32F4xx_HAL_Driver/Src/stm32f4xx_hal_tim.o
                0x080057a0                TIM_ETR_SetConfig
 .text.HAL_TIMEx_MasterConfigSynchronization
                0x080057e0       0xf8 ./Drivers/STM32F4xx_HAL_Driver/Src/stm32f4xx_hal_tim_ex.o
                0x080057e0                HAL_TIMEx_MasterConfigSynchronization
 .text.HAL_TIMEx_CommutCallback
                0x080058d8       0x14 ./Drivers/STM32F4xx_HAL_Driver/Src/stm32f4xx_hal_tim_ex.o
                0x080058d8                HAL_TIMEx_CommutCallback
 .text.HAL_TIMEx_BreakCallback
                0x080058ec       0x14 ./Drivers/STM32F4xx_HAL_Driver/Src/stm32f4xx_hal_tim_ex.o
                0x080058ec                HAL_TIMEx_BreakCallback
 .text.HAL_UART_Init
                0x08005900       0xa0 ./Drivers/STM32F4xx_HAL_Driver/Src/stm32f4xx_hal_uart.o
                0x08005900                HAL_UART_Init
 .text.HAL_UART_Transmit
                0x080059a0      0x116 ./Drivers/STM32F4xx_HAL_Driver/Src/stm32f4xx_hal_uart.o
                0x080059a0                HAL_UART_Transmit
 .text.HAL_UARTEx_ReceiveToIdle_IT
                0x08005ab6       0xba ./Drivers/STM32F4xx_HAL_Driver/Src/stm32f4xx_hal_uart.o
                0x08005ab6                HAL_UARTEx_ReceiveToIdle_IT
 .text.HAL_UART_IRQHandler
                0x08005b70      0x554 ./Drivers/STM32F4xx_HAL_Driver/Src/stm32f4xx_hal_uart.o
                0x08005b70                HAL_UART_IRQHandler
 .text.HAL_UART_TxCpltCallback
                0x080060c4       0x14 ./Drivers/STM32F4xx_HAL_Driver/Src/stm32f4xx_hal_uart.o
                0x080060c4                HAL_UART_TxCpltCallback
 .text.HAL_UART_RxCpltCallback
                0x080060d8       0x14 ./Drivers/STM32F4xx_HAL_Driver/Src/stm32f4xx_hal_uart.o
                0x080060d8                HAL_UART_RxCpltCallback
 .text.HAL_UART_ErrorCallback
                0x080060ec       0x14 ./Drivers/STM32F4xx_HAL_Driver/Src/stm32f4xx_hal_uart.o
                0x080060ec                HAL_UART_ErrorCallback
 .text.UART_WaitOnFlagUntilTimeout
                0x08006100       0xb2 ./Drivers/STM32F4xx_HAL_Driver/Src/stm32f4xx_hal_uart.o
 .text.UART_Start_Receive_IT
                0x080061b2       0x74 ./Drivers/STM32F4xx_HAL_Driver/Src/stm32f4xx_hal_uart.o
                0x080061b2                UART_Start_Receive_IT
 .text.UART_EndRxTransfer
                0x08006226       0xc6 ./Drivers/STM32F4xx_HAL_Driver/Src/stm32f4xx_hal_uart.o
 .text.UART_DMAAbortOnError
                0x080062ec       0x22 ./Drivers/STM32F4xx_HAL_Driver/Src/stm32f4xx_hal_uart.o
 .text.UART_Transmit_IT
                0x0800630e       0xa0 ./Drivers/STM32F4xx_HAL_Driver/Src/stm32f4xx_hal_uart.o
 .text.UART_EndTransmit_IT
                0x080063ae       0x30 ./Drivers/STM32F4xx_HAL_Driver/Src/stm32f4xx_hal_uart.o
 .text.UART_Receive_IT
                0x080063de      0x17c ./Drivers/STM32F4xx_HAL_Driver/Src/stm32f4xx_hal_uart.o
 *fill*         0x0800655a        0x2 
 .text.UART_SetConfig
                0x0800655c      0x4e8 ./Drivers/STM32F4xx_HAL_Driver/Src/stm32f4xx_hal_uart.o
 .text.snprintf
                0x08006a44       0x6c C:/ST/STM32CubeIDE_1.19.0/STM32CubeIDE/plugins/com.st.stm32cube.ide.mcu.externaltools.gnu-tools-for-stm32.13.3.rel1.win32_1.0.0.202411081344/tools/bin/../lib/gcc/arm-none-eabi/13.3.1/../../../../arm-none-eabi/lib/thumb/v7e-m+fp/hard\libc_nano.a(libc_a-snprintf.o)
                0x08006a44                sniprintf
                0x08006a44                snprintf
 .text.sprintf  0x08006ab0       0x44 C:/ST/STM32CubeIDE_1.19.0/STM32CubeIDE/plugins/com.st.stm32cube.ide.mcu.externaltools.gnu-tools-for-stm32.13.3.rel1.win32_1.0.0.202411081344/tools/bin/../lib/gcc/arm-none-eabi/13.3.1/../../../../arm-none-eabi/lib/thumb/v7e-m+fp/hard\libc_nano.a(libc_a-sprintf.o)
                0x08006ab0                siprintf
                0x08006ab0                sprintf
 .text.memset   0x08006af4       0x10 C:/ST/STM32CubeIDE_1.19.0/STM32CubeIDE/plugins/com.st.stm32cube.ide.mcu.externaltools.gnu-tools-for-stm32.13.3.rel1.win32_1.0.0.202411081344/tools/bin/../lib/gcc/arm-none-eabi/13.3.1/../../../../arm-none-eabi/lib/thumb/v7e-m+fp/hard\libc_nano.a(libc_a-memset.o)
                0x08006af4                memset
 .text.__errno  0x08006b04        0xc C:/ST/STM32CubeIDE_1.19.0/STM32CubeIDE/plugins/com.st.stm32cube.ide.mcu.externaltools.gnu-tools-for-stm32.13.3.rel1.win32_1.0.0.202411081344/tools/bin/../lib/gcc/arm-none-eabi/13.3.1/../../../../arm-none-eabi/lib/thumb/v7e-m+fp/hard\libc_nano.a(libc_a-errno.o)
                0x08006b04                __errno
 .text.__libc_init_array
                0x08006b10       0x48 C:/ST/STM32CubeIDE_1.19.0/STM32CubeIDE/plugins/com.st.stm32cube.ide.mcu.externaltools.gnu-tools-for-stm32.13.3.rel1.win32_1.0.0.202411081344/tools/bin/../lib/gcc/arm-none-eabi/13.3.1/../../../../arm-none-eabi/lib/thumb/v7e-m+fp/hard\libc_nano.a(libc_a-init.o)
                0x08006b10                __libc_init_array
 .text.__retarget_lock_acquire_recursive
                0x08006b58        0x2 C:/ST/STM32CubeIDE_1.19.0/STM32CubeIDE/plugins/com.st.stm32cube.ide.mcu.externaltools.gnu-tools-for-stm32.13.3.rel1.win32_1.0.0.202411081344/tools/bin/../lib/gcc/arm-none-eabi/13.3.1/../../../../arm-none-eabi/lib/thumb/v7e-m+fp/hard\libc_nano.a(libc_a-lock.o)
                0x08006b58                __retarget_lock_acquire_recursive
 .text.__retarget_lock_release_recursive
                0x08006b5a        0x2 C:/ST/STM32CubeIDE_1.19.0/STM32CubeIDE/plugins/com.st.stm32cube.ide.mcu.externaltools.gnu-tools-for-stm32.13.3.rel1.win32_1.0.0.202411081344/tools/bin/../lib/gcc/arm-none-eabi/13.3.1/../../../../arm-none-eabi/lib/thumb/v7e-m+fp/hard\libc_nano.a(libc_a-lock.o)
                0x08006b5a                __retarget_lock_release_recursive
 .text.memcpy   0x08006b5c       0x1c C:/ST/STM32CubeIDE_1.19.0/STM32CubeIDE/plugins/com.st.stm32cube.ide.mcu.externaltools.gnu-tools-for-stm32.13.3.rel1.win32_1.0.0.202411081344/tools/bin/../lib/gcc/arm-none-eabi/13.3.1/../../../../arm-none-eabi/lib/thumb/v7e-m+fp/hard\libc_nano.a(libc_a-memcpy-stub.o)
                0x08006b5c                memcpy
 .text._free_r  0x08006b78       0x94 C:/ST/STM32CubeIDE_1.19.0/STM32CubeIDE/plugins/com.st.stm32cube.ide.mcu.externaltools.gnu-tools-for-stm32.13.3.rel1.win32_1.0.0.202411081344/tools/bin/../lib/gcc/arm-none-eabi/13.3.1/../../../../arm-none-eabi/lib/thumb/v7e-m+fp/hard\libc_nano.a(libc_a-freer.o)
                0x08006b78                _free_r
 .text.sbrk_aligned
                0x08006c0c       0x44 C:/ST/STM32CubeIDE_1.19.0/STM32CubeIDE/plugins/com.st.stm32cube.ide.mcu.externaltools.gnu-tools-for-stm32.13.3.rel1.win32_1.0.0.202411081344/tools/bin/../lib/gcc/arm-none-eabi/13.3.1/../../../../arm-none-eabi/lib/thumb/v7e-m+fp/hard\libc_nano.a(libc_a-mallocr.o)
 .text._malloc_r
                0x08006c50      0x100 C:/ST/STM32CubeIDE_1.19.0/STM32CubeIDE/plugins/com.st.stm32cube.ide.mcu.externaltools.gnu-tools-for-stm32.13.3.rel1.win32_1.0.0.202411081344/tools/bin/../lib/gcc/arm-none-eabi/13.3.1/../../../../arm-none-eabi/lib/thumb/v7e-m+fp/hard\libc_nano.a(libc_a-mallocr.o)
                0x08006c50                _malloc_r
 .text.__malloc_lock
                0x08006d50        0xc C:/ST/STM32CubeIDE_1.19.0/STM32CubeIDE/plugins/com.st.stm32cube.ide.mcu.externaltools.gnu-tools-for-stm32.13.3.rel1.win32_1.0.0.202411081344/tools/bin/../lib/gcc/arm-none-eabi/13.3.1/../../../../arm-none-eabi/lib/thumb/v7e-m+fp/hard\libc_nano.a(libc_a-mlock.o)
                0x08006d50                __malloc_lock
 .text.__malloc_unlock
                0x08006d5c        0xc C:/ST/STM32CubeIDE_1.19.0/STM32CubeIDE/plugins/com.st.stm32cube.ide.mcu.externaltools.gnu-tools-for-stm32.13.3.rel1.win32_1.0.0.202411081344/tools/bin/../lib/gcc/arm-none-eabi/13.3.1/../../../../arm-none-eabi/lib/thumb/v7e-m+fp/hard\libc_nano.a(libc_a-mlock.o)
                0x08006d5c                __malloc_unlock
 .text.__ssputs_r
                0x08006d68       0xb6 C:/ST/STM32CubeIDE_1.19.0/STM32CubeIDE/plugins/com.st.stm32cube.ide.mcu.externaltools.gnu-tools-for-stm32.13.3.rel1.win32_1.0.0.202411081344/tools/bin/../lib/gcc/arm-none-eabi/13.3.1/../../../../arm-none-eabi/lib/thumb/v7e-m+fp/hard\libc_nano.a(libc_a-nano-svfprintf.o)
                0x08006d68                __ssputs_r
 *fill*         0x08006e1e        0x2 
 .text._svfprintf_r
                0x08006e20      0x1f8 C:/ST/STM32CubeIDE_1.19.0/STM32CubeIDE/plugins/com.st.stm32cube.ide.mcu.externaltools.gnu-tools-for-stm32.13.3.rel1.win32_1.0.0.202411081344/tools/bin/../lib/gcc/arm-none-eabi/13.3.1/../../../../arm-none-eabi/lib/thumb/v7e-m+fp/hard\libc_nano.a(libc_a-nano-svfprintf.o)
                0x08006e20                _svfiprintf_r
                0x08006e20                _svfprintf_r
 .text._printf_common
                0x08007018       0xda C:/ST/STM32CubeIDE_1.19.0/STM32CubeIDE/plugins/com.st.stm32cube.ide.mcu.externaltools.gnu-tools-for-stm32.13.3.rel1.win32_1.0.0.202411081344/tools/bin/../lib/gcc/arm-none-eabi/13.3.1/../../../../arm-none-eabi/lib/thumb/v7e-m+fp/hard\libc_nano.a(libc_a-nano-vfprintf_i.o)
                0x08007018                _printf_common
 *fill*         0x080070f2        0x2 
 .text._printf_i
                0x080070f4      0x23c C:/ST/STM32CubeIDE_1.19.0/STM32CubeIDE/plugins/com.st.stm32cube.ide.mcu.externaltools.gnu-tools-for-stm32.13.3.rel1.win32_1.0.0.202411081344/tools/bin/../lib/gcc/arm-none-eabi/13.3.1/../../../../arm-none-eabi/lib/thumb/v7e-m+fp/hard\libc_nano.a(libc_a-nano-vfprintf_i.o)
                0x080070f4                _printf_i
 .text.memmove  0x08007330       0x34 C:/ST/STM32CubeIDE_1.19.0/STM32CubeIDE/plugins/com.st.stm32cube.ide.mcu.externaltools.gnu-tools-for-stm32.13.3.rel1.win32_1.0.0.202411081344/tools/bin/../lib/gcc/arm-none-eabi/13.3.1/../../../../arm-none-eabi/lib/thumb/v7e-m+fp/hard\libc_nano.a(libc_a-memmove.o)
                0x08007330                memmove
 .text._sbrk_r  0x08007364       0x20 C:/ST/STM32CubeIDE_1.19.0/STM32CubeIDE/plugins/com.st.stm32cube.ide.mcu.externaltools.gnu-tools-for-stm32.13.3.rel1.win32_1.0.0.202411081344/tools/bin/../lib/gcc/arm-none-eabi/13.3.1/../../../../arm-none-eabi/lib/thumb/v7e-m+fp/hard\libc_nano.a(libc_a-sbrkr.o)
                0x08007364                _sbrk_r
 .text._realloc_r
                0x08007384       0x5c C:/ST/STM32CubeIDE_1.19.0/STM32CubeIDE/plugins/com.st.stm32cube.ide.mcu.externaltools.gnu-tools-for-stm32.13.3.rel1.win32_1.0.0.202411081344/tools/bin/../lib/gcc/arm-none-eabi/13.3.1/../../../../arm-none-eabi/lib/thumb/v7e-m+fp/hard\libc_nano.a(libc_a-reallocr.o)
                0x08007384                _realloc_r
 .text._malloc_usable_size_r
                0x080073e0       0x10 C:/ST/STM32CubeIDE_1.19.0/STM32CubeIDE/plugins/com.st.stm32cube.ide.mcu.externaltools.gnu-tools-for-stm32.13.3.rel1.win32_1.0.0.202411081344/tools/bin/../lib/gcc/arm-none-eabi/13.3.1/../../../../arm-none-eabi/lib/thumb/v7e-m+fp/hard\libc_nano.a(libc_a-msizer.o)
                0x080073e0                _malloc_usable_size_r
 *(.glue_7)
 .glue_7        0x080073f0        0x0 linker stubs
 *(.glue_7t)
 .glue_7t       0x080073f0        0x0 linker stubs
 *(.eh_frame)
 .eh_frame      0x080073f0        0x0 C:/ST/STM32CubeIDE_1.19.0/STM32CubeIDE/plugins/com.st.stm32cube.ide.mcu.externaltools.gnu-tools-for-stm32.13.3.rel1.win32_1.0.0.202411081344/tools/bin/../lib/gcc/arm-none-eabi/13.3.1/thumb/v7e-m+fp/hard/crtbegin.o
 *(.init)
 .init          0x080073f0        0x4 C:/ST/STM32CubeIDE_1.19.0/STM32CubeIDE/plugins/com.st.stm32cube.ide.mcu.externaltools.gnu-tools-for-stm32.13.3.rel1.win32_1.0.0.202411081344/tools/bin/../lib/gcc/arm-none-eabi/13.3.1/thumb/v7e-m+fp/hard/crti.o
                0x080073f0                _init
 .init          0x080073f4        0x8 C:/ST/STM32CubeIDE_1.19.0/STM32CubeIDE/plugins/com.st.stm32cube.ide.mcu.externaltools.gnu-tools-for-stm32.13.3.rel1.win32_1.0.0.202411081344/tools/bin/../lib/gcc/arm-none-eabi/13.3.1/thumb/v7e-m+fp/hard/crtn.o
 *(.fini)
 .fini          0x080073fc        0x4 C:/ST/STM32CubeIDE_1.19.0/STM32CubeIDE/plugins/com.st.stm32cube.ide.mcu.externaltools.gnu-tools-for-stm32.13.3.rel1.win32_1.0.0.202411081344/tools/bin/../lib/gcc/arm-none-eabi/13.3.1/thumb/v7e-m+fp/hard/crti.o
                0x080073fc                _fini
 .fini          0x08007400        0x8 C:/ST/STM32CubeIDE_1.19.0/STM32CubeIDE/plugins/com.st.stm32cube.ide.mcu.externaltools.gnu-tools-for-stm32.13.3.rel1.win32_1.0.0.202411081344/tools/bin/../lib/gcc/arm-none-eabi/13.3.1/thumb/v7e-m+fp/hard/crtn.o
                0x08007408                        . = ALIGN (0x4)
                0x08007408                        _etext = .

.vfp11_veneer   0x08007408        0x0
 .vfp11_veneer  0x08007408        0x0 linker stubs

.v4_bx          0x08007408        0x0
 .v4_bx         0x08007408        0x0 linker stubs

.iplt           0x08007408        0x0
 .iplt          0x08007408        0x0 C:/ST/STM32CubeIDE_1.19.0/STM32CubeIDE/plugins/com.st.stm32cube.ide.mcu.externaltools.gnu-tools-for-stm32.13.3.rel1.win32_1.0.0.202411081344/tools/bin/../lib/gcc/arm-none-eabi/13.3.1/thumb/v7e-m+fp/hard/crtbegin.o

.rodata         0x08007408      0x25c
                0x08007408                        . = ALIGN (0x4)
 *(.rodata)
 .rodata        0x08007408      0x20c ./Core/Src/main.o
 *(.rodata*)
 .rodata._ZZN17LiquidCrystal_I2C9setCursorEhhE11row_offsets
                0x08007614        0x4 ./Core/Src/LiquidCrystal_I2C_STM32.o
 .rodata.AHBPrescTable
                0x08007618       0x10 ./Core/Src/system_stm32f4xx.o
                0x08007618                AHBPrescTable
 .rodata.APBPrescTable
                0x08007628        0x8 ./Core/Src/system_stm32f4xx.o
                0x08007628                APBPrescTable
 .rodata._svfprintf_r.str1.1
                0x08007630       0x33 C:/ST/STM32CubeIDE_1.19.0/STM32CubeIDE/plugins/com.st.stm32cube.ide.mcu.externaltools.gnu-tools-for-stm32.13.3.rel1.win32_1.0.0.202411081344/tools/bin/../lib/gcc/arm-none-eabi/13.3.1/../../../../arm-none-eabi/lib/thumb/v7e-m+fp/hard\libc_nano.a(libc_a-nano-svfprintf.o)
                                 0x11 (size before relaxing)
 .rodata._printf_i.str1.1
                0x08007663       0x22 C:/ST/STM32CubeIDE_1.19.0/STM32CubeIDE/plugins/com.st.stm32cube.ide.mcu.externaltools.gnu-tools-for-stm32.13.3.rel1.win32_1.0.0.202411081344/tools/bin/../lib/gcc/arm-none-eabi/13.3.1/../../../../arm-none-eabi/lib/thumb/v7e-m+fp/hard\libc_nano.a(libc_a-nano-vfprintf_i.o)
                0x08007688                        . = ALIGN (0x4)
 *fill*         0x08007663        0x1 

.ARM.extab      0x08007664        0x0
                0x08007664                        . = ALIGN (0x4)
 *(.ARM.extab* .gnu.linkonce.armextab.*)
                0x08007664                        . = ALIGN (0x4)

.ARM            0x08007664        0x8
                0x08007664                        . = ALIGN (0x4)
                0x08007664                        __exidx_start = .
 *(.ARM.exidx*)
 .ARM.exidx     0x08007664        0x8 C:/ST/STM32CubeIDE_1.19.0/STM32CubeIDE/plugins/com.st.stm32cube.ide.mcu.externaltools.gnu-tools-for-stm32.13.3.rel1.win32_1.0.0.202411081344/tools/bin/../lib/gcc/arm-none-eabi/13.3.1/../../../../arm-none-eabi/lib/thumb/v7e-m+fp/hard\libc_nano.a(libc_a-strlen.o)
 .ARM.exidx     0x0800766c        0x0 C:/ST/STM32CubeIDE_1.19.0/STM32CubeIDE/plugins/com.st.stm32cube.ide.mcu.externaltools.gnu-tools-for-stm32.13.3.rel1.win32_1.0.0.202411081344/tools/bin/../lib/gcc/arm-none-eabi/13.3.1/../../../../arm-none-eabi/lib/thumb/v7e-m+fp/hard\libc_nano.a(libc_a-memchr.o)
                                  0x8 (size before relaxing)
 .ARM.exidx     0x0800766c        0x0 C:/ST/STM32CubeIDE_1.19.0/STM32CubeIDE/plugins/com.st.stm32cube.ide.mcu.externaltools.gnu-tools-for-stm32.13.3.rel1.win32_1.0.0.202411081344/tools/bin/../lib/gcc/arm-none-eabi/13.3.1/thumb/v7e-m+fp/hard\libgcc.a(_udivmoddi4.o)
                                  0x8 (size before relaxing)
                0x0800766c                        __exidx_end = .
                0x0800766c                        . = ALIGN (0x4)

.preinit_array  0x0800766c        0x0
                0x0800766c                        . = ALIGN (0x4)
                0x0800766c                        PROVIDE (__preinit_array_start = .)
 *(.preinit_array*)
                0x0800766c                        PROVIDE (__preinit_array_end = .)
                0x0800766c                        . = ALIGN (0x4)

.init_array     0x0800766c        0x8
                0x0800766c                        . = ALIGN (0x4)
                0x0800766c                        PROVIDE (__init_array_start = .)
 *(SORT_BY_NAME(.init_array.*))
 *(.init_array*)
 .init_array    0x0800766c        0x4 C:/ST/STM32CubeIDE_1.19.0/STM32CubeIDE/plugins/com.st.stm32cube.ide.mcu.externaltools.gnu-tools-for-stm32.13.3.rel1.win32_1.0.0.202411081344/tools/bin/../lib/gcc/arm-none-eabi/13.3.1/thumb/v7e-m+fp/hard/crtbegin.o
 .init_array    0x08007670        0x4 ./Core/Src/main.o
                0x08007674                        PROVIDE (__init_array_end = .)
                0x08007674                        . = ALIGN (0x4)

.fini_array     0x08007674        0x4
                0x08007674                        . = ALIGN (0x4)
                [!provide]                        PROVIDE (__fini_array_start = .)
 *(SORT_BY_NAME(.fini_array.*))
 *(.fini_array*)
 .fini_array    0x08007674        0x4 C:/ST/STM32CubeIDE_1.19.0/STM32CubeIDE/plugins/com.st.stm32cube.ide.mcu.externaltools.gnu-tools-for-stm32.13.3.rel1.win32_1.0.0.202411081344/tools/bin/../lib/gcc/arm-none-eabi/13.3.1/thumb/v7e-m+fp/hard/crtbegin.o
                [!provide]                        PROVIDE (__fini_array_end = .)
                0x08007678                        . = ALIGN (0x4)
                0x08007678                        _sidata = LOADADDR (.data)

.rel.dyn        0x08007678        0x0
 .rel.iplt      0x08007678        0x0 C:/ST/STM32CubeIDE_1.19.0/STM32CubeIDE/plugins/com.st.stm32cube.ide.mcu.externaltools.gnu-tools-for-stm32.13.3.rel1.win32_1.0.0.202411081344/tools/bin/../lib/gcc/arm-none-eabi/13.3.1/thumb/v7e-m+fp/hard/crtbegin.o

.data           0x20000000       0x60 load address 0x08007678
                0x20000000                        . = ALIGN (0x4)
                0x20000000                        _sdata = .
 *(.data)
 *(.data*)
 .data.DisMenu  0x20000000        0x1 ./Core/Src/main.o
                0x20000000                DisMenu
 *fill*         0x20000001        0x3 
 .data.SystemCoreClock
                0x20000004        0x4 ./Core/Src/system_stm32f4xx.o
                0x20000004                SystemCoreClock
 .data.uwTickPrio
                0x20000008        0x4 ./Drivers/STM32F4xx_HAL_Driver/Src/stm32f4xx_hal.o
                0x20000008                uwTickPrio
 .data.uwTickFreq
                0x2000000c        0x1 ./Drivers/STM32F4xx_HAL_Driver/Src/stm32f4xx_hal.o
                0x2000000c                uwTickFreq
 *fill*         0x2000000d        0x3 
 .data._impure_ptr
                0x20000010        0x4 C:/ST/STM32CubeIDE_1.19.0/STM32CubeIDE/plugins/com.st.stm32cube.ide.mcu.externaltools.gnu-tools-for-stm32.13.3.rel1.win32_1.0.0.202411081344/tools/bin/../lib/gcc/arm-none-eabi/13.3.1/../../../../arm-none-eabi/lib/thumb/v7e-m+fp/hard\libc_nano.a(libc_a-impure.o)
                0x20000010                _impure_ptr
 .data._impure_data
                0x20000014       0x4c C:/ST/STM32CubeIDE_1.19.0/STM32CubeIDE/plugins/com.st.stm32cube.ide.mcu.externaltools.gnu-tools-for-stm32.13.3.rel1.win32_1.0.0.202411081344/tools/bin/../lib/gcc/arm-none-eabi/13.3.1/../../../../arm-none-eabi/lib/thumb/v7e-m+fp/hard\libc_nano.a(libc_a-impure.o)
                0x20000014                _impure_data
 *(.RamFunc)
 *(.RamFunc*)
                0x20000060                        . = ALIGN (0x4)
                0x20000060                        _edata = .

.igot.plt       0x20000060        0x0 load address 0x080076d8
 .igot.plt      0x20000060        0x0 C:/ST/STM32CubeIDE_1.19.0/STM32CubeIDE/plugins/com.st.stm32cube.ide.mcu.externaltools.gnu-tools-for-stm32.13.3.rel1.win32_1.0.0.202411081344/tools/bin/../lib/gcc/arm-none-eabi/13.3.1/thumb/v7e-m+fp/hard/crtbegin.o
                0x20000060                        . = ALIGN (0x4)

.bss            0x20000060     0x2bb8 load address 0x080076d8
                0x20000060                        _sbss = .
                0x20000060                        __bss_start__ = _sbss
 *(.bss)
 .bss           0x20000060       0x1c C:/ST/STM32CubeIDE_1.19.0/STM32CubeIDE/plugins/com.st.stm32cube.ide.mcu.externaltools.gnu-tools-for-stm32.13.3.rel1.win32_1.0.0.202411081344/tools/bin/../lib/gcc/arm-none-eabi/13.3.1/thumb/v7e-m+fp/hard/crtbegin.o
 *(.bss*)
 .bss.KEY       0x2000007c        0x4 ./Core/Src/main.o
 .bss.FL        0x20000080        0x4 ./Core/Src/main.o
 .bss.keystt    0x20000084        0x1 ./Core/Src/main.o
                0x20000084                keystt
 .bss.Floor_ID  0x20000085        0x1 ./Core/Src/main.o
                0x20000085                Floor_ID
 .bss.Number_of_Display
                0x20000086        0x1 ./Core/Src/main.o
                0x20000086                Number_of_Display
 .bss.Total_Zone
                0x20000087        0x1 ./Core/Src/main.o
                0x20000087                Total_Zone
 .bss.Displays  0x20000088       0x1b ./Core/Src/main.o
                0x20000088                Displays
 *fill*         0x200000a3        0x1 
 .bss.hi2c1     0x200000a4       0x54 ./Core/Src/main.o
                0x200000a4                hi2c1
 .bss.hi2c3     0x200000f8       0x54 ./Core/Src/main.o
                0x200000f8                hi2c3
 .bss.htim3     0x2000014c       0x48 ./Core/Src/main.o
                0x2000014c                htim3
 .bss.huart4    0x20000194       0x48 ./Core/Src/main.o
                0x20000194                huart4
 .bss.huart1    0x200001dc       0x48 ./Core/Src/main.o
                0x200001dc                huart1
 .bss.huart2    0x20000224       0x48 ./Core/Src/main.o
                0x20000224                huart2
 .bss.Master_rx
                0x2000026c       0x14 ./Core/Src/main.o
                0x2000026c                Master_rx
 .bss.Zone_rx   0x20000280      0x100 ./Core/Src/main.o
                0x20000280                Zone_rx
 .bss.Master_tx
                0x20000380     0x1388 ./Core/Src/main.o
                0x20000380                Master_tx
 .bss.Master_response
                0x20001708     0x1388 ./Core/Src/main.o
                0x20001708                Master_response
 .bss.Master_tx_idx
                0x20002a90        0x2 ./Core/Src/main.o
                0x20002a90                Master_tx_idx
 .bss.Current_Zone
                0x20002a92        0x2 ./Core/Src/main.o
                0x20002a92                Current_Zone
 .bss._ZL3idx   0x20002a94        0x2 ./Core/Src/main.o
 *fill*         0x20002a96        0x2 
 .bss.Floor_Total_Vacant
                0x20002a98        0x4 ./Core/Src/main.o
                0x20002a98                Floor_Total_Vacant
 .bss.Floor_Total_Vacant_Copy
                0x20002a9c        0x4 ./Core/Src/main.o
                0x20002a9c                Floor_Total_Vacant_Copy
 .bss.Floor_Total_Engaged
                0x20002aa0        0x4 ./Core/Src/main.o
                0x20002aa0                Floor_Total_Engaged
 .bss.Floor_Total_Faulty
                0x20002aa4        0x4 ./Core/Src/main.o
                0x20002aa4                Floor_Total_Faulty
 .bss.Floor_Total_NoComm
                0x20002aa8        0x4 ./Core/Src/main.o
                0x20002aa8                Floor_Total_NoComm
 .bss.timer1    0x20002aac        0x1 ./Core/Src/main.o
                0x20002aac                timer1
 *fill*         0x20002aad        0x3 
 .bss._ZL11last_update
                0x20002ab0        0x4 ./Core/Src/main.o
 .bss.flg       0x20002ab4        0x1 ./Core/Src/main.o
                0x20002ab4                flg
 *fill*         0x20002ab5        0x3 
 .bss.lcd       0x20002ab8       0x10 ./Core/Src/main.o
                0x20002ab8                lcd
 .bss.__sbrk_heap_end
                0x20002ac8        0x4 ./Core/Src/sysmem.o
 .bss.uwTick    0x20002acc        0x4 ./Drivers/STM32F4xx_HAL_Driver/Src/stm32f4xx_hal.o
                0x20002acc                uwTick
 .bss.__sf      0x20002ad0      0x138 C:/ST/STM32CubeIDE_1.19.0/STM32CubeIDE/plugins/com.st.stm32cube.ide.mcu.externaltools.gnu-tools-for-stm32.13.3.rel1.win32_1.0.0.202411081344/tools/bin/../lib/gcc/arm-none-eabi/13.3.1/../../../../arm-none-eabi/lib/thumb/v7e-m+fp/hard\libc_nano.a(libc_a-findfp.o)
                0x20002ad0                __sf
 .bss.errno     0x20002c08        0x4 C:/ST/STM32CubeIDE_1.19.0/STM32CubeIDE/plugins/com.st.stm32cube.ide.mcu.externaltools.gnu-tools-for-stm32.13.3.rel1.win32_1.0.0.202411081344/tools/bin/../lib/gcc/arm-none-eabi/13.3.1/../../../../arm-none-eabi/lib/thumb/v7e-m+fp/hard\libc_nano.a(libc_a-reent.o)
                0x20002c08                errno
 .bss.__lock___malloc_recursive_mutex
                0x20002c0c        0x1 C:/ST/STM32CubeIDE_1.19.0/STM32CubeIDE/plugins/com.st.stm32cube.ide.mcu.externaltools.gnu-tools-for-stm32.13.3.rel1.win32_1.0.0.202411081344/tools/bin/../lib/gcc/arm-none-eabi/13.3.1/../../../../arm-none-eabi/lib/thumb/v7e-m+fp/hard\libc_nano.a(libc_a-lock.o)
                0x20002c0c                __lock___malloc_recursive_mutex
 *fill*         0x20002c0d        0x3 
 .bss.__malloc_sbrk_start
                0x20002c10        0x4 C:/ST/STM32CubeIDE_1.19.0/STM32CubeIDE/plugins/com.st.stm32cube.ide.mcu.externaltools.gnu-tools-for-stm32.13.3.rel1.win32_1.0.0.202411081344/tools/bin/../lib/gcc/arm-none-eabi/13.3.1/../../../../arm-none-eabi/lib/thumb/v7e-m+fp/hard\libc_nano.a(libc_a-mallocr.o)
                0x20002c10                __malloc_sbrk_start
 .bss.__malloc_free_list
                0x20002c14        0x4 C:/ST/STM32CubeIDE_1.19.0/STM32CubeIDE/plugins/com.st.stm32cube.ide.mcu.externaltools.gnu-tools-for-stm32.13.3.rel1.win32_1.0.0.202411081344/tools/bin/../lib/gcc/arm-none-eabi/13.3.1/../../../../arm-none-eabi/lib/thumb/v7e-m+fp/hard\libc_nano.a(libc_a-mallocr.o)
                0x20002c14                __malloc_free_list
 *(COMMON)
                0x20002c18                        . = ALIGN (0x4)
                0x20002c18                        _ebss = .
                0x20002c18                        __bss_end__ = _ebss

._user_heap_stack
                0x20002c18      0x600 load address 0x080076d8
                0x20002c18                        . = ALIGN (0x8)
                [!provide]                        PROVIDE (end = .)
                0x20002c18                        PROVIDE (_end = .)
                0x20002e18                        . = (. + _Min_Heap_Size)
 *fill*         0x20002c18      0x200 
                0x20003218                        . = (. + _Min_Stack_Size)
 *fill*         0x20002e18      0x400 
                0x20003218                        . = ALIGN (0x8)

/DISCARD/
 libc.a(*)
 libm.a(*)
 libgcc.a(*)

.ARM.attributes
                0x00000000       0x30
 *(.ARM.attributes)
 .ARM.attributes
                0x00000000       0x22 C:/ST/STM32CubeIDE_1.19.0/STM32CubeIDE/plugins/com.st.stm32cube.ide.mcu.externaltools.gnu-tools-for-stm32.13.3.rel1.win32_1.0.0.202411081344/tools/bin/../lib/gcc/arm-none-eabi/13.3.1/thumb/v7e-m+fp/hard/crti.o
 .ARM.attributes
                0x00000022       0x34 C:/ST/STM32CubeIDE_1.19.0/STM32CubeIDE/plugins/com.st.stm32cube.ide.mcu.externaltools.gnu-tools-for-stm32.13.3.rel1.win32_1.0.0.202411081344/tools/bin/../lib/gcc/arm-none-eabi/13.3.1/thumb/v7e-m+fp/hard/crtbegin.o
 .ARM.attributes
                0x00000056       0x34 ./Core/Src/LiquidCrystal_I2C_STM32.o
 .ARM.attributes
                0x0000008a       0x34 ./Core/Src/main.o
 .ARM.attributes
                0x000000be       0x34 ./Core/Src/stm32f4xx_hal_msp.o
 .ARM.attributes
                0x000000f2       0x34 ./Core/Src/stm32f4xx_it.o
 .ARM.attributes
                0x00000126       0x34 ./Core/Src/sysmem.o
 .ARM.attributes
                0x0000015a       0x34 ./Core/Src/system_stm32f4xx.o
 .ARM.attributes
                0x0000018e       0x21 ./Core/Startup/startup_stm32f446retx.o
 .ARM.attributes
                0x000001af       0x34 ./Drivers/STM32F4xx_HAL_Driver/Src/stm32f4xx_hal.o
 .ARM.attributes
                0x000001e3       0x34 ./Drivers/STM32F4xx_HAL_Driver/Src/stm32f4xx_hal_cortex.o
 .ARM.attributes
                0x00000217       0x34 ./Drivers/STM32F4xx_HAL_Driver/Src/stm32f4xx_hal_dma.o
 .ARM.attributes
                0x0000024b       0x34 ./Drivers/STM32F4xx_HAL_Driver/Src/stm32f4xx_hal_gpio.o
 .ARM.attributes
                0x0000027f       0x34 ./Drivers/STM32F4xx_HAL_Driver/Src/stm32f4xx_hal_i2c.o
 .ARM.attributes
                0x000002b3       0x34 ./Drivers/STM32F4xx_HAL_Driver/Src/stm32f4xx_hal_rcc.o
 .ARM.attributes
                0x000002e7       0x34 ./Drivers/STM32F4xx_HAL_Driver/Src/stm32f4xx_hal_rcc_ex.o
 .ARM.attributes
                0x0000031b       0x34 ./Drivers/STM32F4xx_HAL_Driver/Src/stm32f4xx_hal_tim.o
 .ARM.attributes
                0x0000034f       0x34 ./Drivers/STM32F4xx_HAL_Driver/Src/stm32f4xx_hal_tim_ex.o
 .ARM.attributes
                0x00000383       0x34 ./Drivers/STM32F4xx_HAL_Driver/Src/stm32f4xx_hal_uart.o
 .ARM.attributes
                0x000003b7       0x34 C:/ST/STM32CubeIDE_1.19.0/STM32CubeIDE/plugins/com.st.stm32cube.ide.mcu.externaltools.gnu-tools-for-stm32.13.3.rel1.win32_1.0.0.202411081344/tools/bin/../lib/gcc/arm-none-eabi/13.3.1/../../../../arm-none-eabi/lib/thumb/v7e-m+fp/hard\libc_nano.a(libc_a-findfp.o)
 .ARM.attributes
                0x000003eb       0x34 C:/ST/STM32CubeIDE_1.19.0/STM32CubeIDE/plugins/com.st.stm32cube.ide.mcu.externaltools.gnu-tools-for-stm32.13.3.rel1.win32_1.0.0.202411081344/tools/bin/../lib/gcc/arm-none-eabi/13.3.1/../../../../arm-none-eabi/lib/thumb/v7e-m+fp/hard\libc_nano.a(libc_a-snprintf.o)
 .ARM.attributes
                0x0000041f       0x34 C:/ST/STM32CubeIDE_1.19.0/STM32CubeIDE/plugins/com.st.stm32cube.ide.mcu.externaltools.gnu-tools-for-stm32.13.3.rel1.win32_1.0.0.202411081344/tools/bin/../lib/gcc/arm-none-eabi/13.3.1/../../../../arm-none-eabi/lib/thumb/v7e-m+fp/hard\libc_nano.a(libc_a-sprintf.o)
 .ARM.attributes
                0x00000453       0x34 C:/ST/STM32CubeIDE_1.19.0/STM32CubeIDE/plugins/com.st.stm32cube.ide.mcu.externaltools.gnu-tools-for-stm32.13.3.rel1.win32_1.0.0.202411081344/tools/bin/../lib/gcc/arm-none-eabi/13.3.1/../../../../arm-none-eabi/lib/thumb/v7e-m+fp/hard\libc_nano.a(libc_a-memset.o)
 .ARM.attributes
                0x00000487       0x34 C:/ST/STM32CubeIDE_1.19.0/STM32CubeIDE/plugins/com.st.stm32cube.ide.mcu.externaltools.gnu-tools-for-stm32.13.3.rel1.win32_1.0.0.202411081344/tools/bin/../lib/gcc/arm-none-eabi/13.3.1/../../../../arm-none-eabi/lib/thumb/v7e-m+fp/hard\libc_nano.a(libc_a-reent.o)
 .ARM.attributes
                0x000004bb       0x34 C:/ST/STM32CubeIDE_1.19.0/STM32CubeIDE/plugins/com.st.stm32cube.ide.mcu.externaltools.gnu-tools-for-stm32.13.3.rel1.win32_1.0.0.202411081344/tools/bin/../lib/gcc/arm-none-eabi/13.3.1/../../../../arm-none-eabi/lib/thumb/v7e-m+fp/hard\libc_nano.a(libc_a-impure.o)
 .ARM.attributes
                0x000004ef       0x34 C:/ST/STM32CubeIDE_1.19.0/STM32CubeIDE/plugins/com.st.stm32cube.ide.mcu.externaltools.gnu-tools-for-stm32.13.3.rel1.win32_1.0.0.202411081344/tools/bin/../lib/gcc/arm-none-eabi/13.3.1/../../../../arm-none-eabi/lib/thumb/v7e-m+fp/hard\libc_nano.a(libc_a-errno.o)
 .ARM.attributes
                0x00000523       0x34 C:/ST/STM32CubeIDE_1.19.0/STM32CubeIDE/plugins/com.st.stm32cube.ide.mcu.externaltools.gnu-tools-for-stm32.13.3.rel1.win32_1.0.0.202411081344/tools/bin/../lib/gcc/arm-none-eabi/13.3.1/../../../../arm-none-eabi/lib/thumb/v7e-m+fp/hard\libc_nano.a(libc_a-init.o)
 .ARM.attributes
                0x00000557       0x34 C:/ST/STM32CubeIDE_1.19.0/STM32CubeIDE/plugins/com.st.stm32cube.ide.mcu.externaltools.gnu-tools-for-stm32.13.3.rel1.win32_1.0.0.202411081344/tools/bin/../lib/gcc/arm-none-eabi/13.3.1/../../../../arm-none-eabi/lib/thumb/v7e-m+fp/hard\libc_nano.a(libc_a-lock.o)
 .ARM.attributes
                0x0000058b       0x34 C:/ST/STM32CubeIDE_1.19.0/STM32CubeIDE/plugins/com.st.stm32cube.ide.mcu.externaltools.gnu-tools-for-stm32.13.3.rel1.win32_1.0.0.202411081344/tools/bin/../lib/gcc/arm-none-eabi/13.3.1/../../../../arm-none-eabi/lib/thumb/v7e-m+fp/hard\libc_nano.a(libc_a-memcpy-stub.o)
 .ARM.attributes
                0x000005bf       0x17 C:/ST/STM32CubeIDE_1.19.0/STM32CubeIDE/plugins/com.st.stm32cube.ide.mcu.externaltools.gnu-tools-for-stm32.13.3.rel1.win32_1.0.0.202411081344/tools/bin/../lib/gcc/arm-none-eabi/13.3.1/../../../../arm-none-eabi/lib/thumb/v7e-m+fp/hard\libc_nano.a(libc_a-strlen.o)
 .ARM.attributes
                0x000005d6       0x34 C:/ST/STM32CubeIDE_1.19.0/STM32CubeIDE/plugins/com.st.stm32cube.ide.mcu.externaltools.gnu-tools-for-stm32.13.3.rel1.win32_1.0.0.202411081344/tools/bin/../lib/gcc/arm-none-eabi/13.3.1/../../../../arm-none-eabi/lib/thumb/v7e-m+fp/hard\libc_nano.a(libc_a-freer.o)
 .ARM.attributes
                0x0000060a       0x34 C:/ST/STM32CubeIDE_1.19.0/STM32CubeIDE/plugins/com.st.stm32cube.ide.mcu.externaltools.gnu-tools-for-stm32.13.3.rel1.win32_1.0.0.202411081344/tools/bin/../lib/gcc/arm-none-eabi/13.3.1/../../../../arm-none-eabi/lib/thumb/v7e-m+fp/hard\libc_nano.a(libc_a-mallocr.o)
 .ARM.attributes
                0x0000063e       0x34 C:/ST/STM32CubeIDE_1.19.0/STM32CubeIDE/plugins/com.st.stm32cube.ide.mcu.externaltools.gnu-tools-for-stm32.13.3.rel1.win32_1.0.0.202411081344/tools/bin/../lib/gcc/arm-none-eabi/13.3.1/../../../../arm-none-eabi/lib/thumb/v7e-m+fp/hard\libc_nano.a(libc_a-mlock.o)
 .ARM.attributes
                0x00000672       0x34 C:/ST/STM32CubeIDE_1.19.0/STM32CubeIDE/plugins/com.st.stm32cube.ide.mcu.externaltools.gnu-tools-for-stm32.13.3.rel1.win32_1.0.0.202411081344/tools/bin/../lib/gcc/arm-none-eabi/13.3.1/../../../../arm-none-eabi/lib/thumb/v7e-m+fp/hard\libc_nano.a(libc_a-nano-svfprintf.o)
 .ARM.attributes
                0x000006a6       0x34 C:/ST/STM32CubeIDE_1.19.0/STM32CubeIDE/plugins/com.st.stm32cube.ide.mcu.externaltools.gnu-tools-for-stm32.13.3.rel1.win32_1.0.0.202411081344/tools/bin/../lib/gcc/arm-none-eabi/13.3.1/../../../../arm-none-eabi/lib/thumb/v7e-m+fp/hard\libc_nano.a(libc_a-nano-vfprintf_i.o)
 .ARM.attributes
                0x000006da       0x34 C:/ST/STM32CubeIDE_1.19.0/STM32CubeIDE/plugins/com.st.stm32cube.ide.mcu.externaltools.gnu-tools-for-stm32.13.3.rel1.win32_1.0.0.202411081344/tools/bin/../lib/gcc/arm-none-eabi/13.3.1/../../../../arm-none-eabi/lib/thumb/v7e-m+fp/hard\libc_nano.a(libc_a-memmove.o)
 .ARM.attributes
                0x0000070e       0x34 C:/ST/STM32CubeIDE_1.19.0/STM32CubeIDE/plugins/com.st.stm32cube.ide.mcu.externaltools.gnu-tools-for-stm32.13.3.rel1.win32_1.0.0.202411081344/tools/bin/../lib/gcc/arm-none-eabi/13.3.1/../../../../arm-none-eabi/lib/thumb/v7e-m+fp/hard\libc_nano.a(libc_a-sbrkr.o)
 .ARM.attributes
                0x00000742       0x1c C:/ST/STM32CubeIDE_1.19.0/STM32CubeIDE/plugins/com.st.stm32cube.ide.mcu.externaltools.gnu-tools-for-stm32.13.3.rel1.win32_1.0.0.202411081344/tools/bin/../lib/gcc/arm-none-eabi/13.3.1/../../../../arm-none-eabi/lib/thumb/v7e-m+fp/hard\libc_nano.a(libc_a-memchr.o)
 .ARM.attributes
                0x0000075e       0x34 C:/ST/STM32CubeIDE_1.19.0/STM32CubeIDE/plugins/com.st.stm32cube.ide.mcu.externaltools.gnu-tools-for-stm32.13.3.rel1.win32_1.0.0.202411081344/tools/bin/../lib/gcc/arm-none-eabi/13.3.1/../../../../arm-none-eabi/lib/thumb/v7e-m+fp/hard\libc_nano.a(libc_a-reallocr.o)
 .ARM.attributes
                0x00000792       0x34 C:/ST/STM32CubeIDE_1.19.0/STM32CubeIDE/plugins/com.st.stm32cube.ide.mcu.externaltools.gnu-tools-for-stm32.13.3.rel1.win32_1.0.0.202411081344/tools/bin/../lib/gcc/arm-none-eabi/13.3.1/../../../../arm-none-eabi/lib/thumb/v7e-m+fp/hard\libc_nano.a(libc_a-msizer.o)
 .ARM.attributes
                0x000007c6       0x22 C:/ST/STM32CubeIDE_1.19.0/STM32CubeIDE/plugins/com.st.stm32cube.ide.mcu.externaltools.gnu-tools-for-stm32.13.3.rel1.win32_1.0.0.202411081344/tools/bin/../lib/gcc/arm-none-eabi/13.3.1/thumb/v7e-m+fp/hard\libgcc.a(_aeabi_uldivmod.o)
 .ARM.attributes
                0x000007e8       0x34 C:/ST/STM32CubeIDE_1.19.0/STM32CubeIDE/plugins/com.st.stm32cube.ide.mcu.externaltools.gnu-tools-for-stm32.13.3.rel1.win32_1.0.0.202411081344/tools/bin/../lib/gcc/arm-none-eabi/13.3.1/thumb/v7e-m+fp/hard\libgcc.a(_udivmoddi4.o)
 .ARM.attributes
                0x0000081c       0x22 C:/ST/STM32CubeIDE_1.19.0/STM32CubeIDE/plugins/com.st.stm32cube.ide.mcu.externaltools.gnu-tools-for-stm32.13.3.rel1.win32_1.0.0.202411081344/tools/bin/../lib/gcc/arm-none-eabi/13.3.1/thumb/v7e-m+fp/hard\libgcc.a(_dvmd_tls.o)
 .ARM.attributes
                0x0000083e       0x22 C:/ST/STM32CubeIDE_1.19.0/STM32CubeIDE/plugins/com.st.stm32cube.ide.mcu.externaltools.gnu-tools-for-stm32.13.3.rel1.win32_1.0.0.202411081344/tools/bin/../lib/gcc/arm-none-eabi/13.3.1/thumb/v7e-m+fp/hard/crtn.o
OUTPUT(PGS_Floor_Houston.elf elf32-littlearm)
LOAD linker stubs
LOAD C:/ST/STM32CubeIDE_1.19.0/STM32CubeIDE/plugins/com.st.stm32cube.ide.mcu.externaltools.gnu-tools-for-stm32.13.3.rel1.win32_1.0.0.202411081344/tools/bin/../lib/gcc/arm-none-eabi/13.3.1/../../../../arm-none-eabi/lib/thumb/v7e-m+fp/hard\libc.a
LOAD C:/ST/STM32CubeIDE_1.19.0/STM32CubeIDE/plugins/com.st.stm32cube.ide.mcu.externaltools.gnu-tools-for-stm32.13.3.rel1.win32_1.0.0.202411081344/tools/bin/../lib/gcc/arm-none-eabi/13.3.1/../../../../arm-none-eabi/lib/thumb/v7e-m+fp/hard\libm.a
LOAD C:/ST/STM32CubeIDE_1.19.0/STM32CubeIDE/plugins/com.st.stm32cube.ide.mcu.externaltools.gnu-tools-for-stm32.13.3.rel1.win32_1.0.0.202411081344/tools/bin/../lib/gcc/arm-none-eabi/13.3.1/thumb/v7e-m+fp/hard\libgcc.a

.debug_info     0x00000000    0x1372e
 .debug_info    0x00000000     0x165e ./Core/Src/LiquidCrystal_I2C_STM32.o
 .debug_info    0x0000165e     0x313a ./Core/Src/main.o
 .debug_info    0x00004798     0x1376 ./Core/Src/stm32f4xx_hal_msp.o
 .debug_info    0x00005b0e      0x9c1 ./Core/Src/stm32f4xx_it.o
 .debug_info    0x000064cf      0x168 ./Core/Src/sysmem.o
 .debug_info    0x00006637      0x54a ./Core/Src/system_stm32f4xx.o
 .debug_info    0x00006b81       0x30 ./Core/Startup/startup_stm32f446retx.o
 .debug_info    0x00006bb1      0x99a ./Drivers/STM32F4xx_HAL_Driver/Src/stm32f4xx_hal.o
 .debug_info    0x0000754b      0xdaa ./Drivers/STM32F4xx_HAL_Driver/Src/stm32f4xx_hal_cortex.o
 .debug_info    0x000082f5      0x8e7 ./Drivers/STM32F4xx_HAL_Driver/Src/stm32f4xx_hal_dma.o
 .debug_info    0x00008bdc      0x70b ./Drivers/STM32F4xx_HAL_Driver/Src/stm32f4xx_hal_gpio.o
 .debug_info    0x000092e7     0x2421 ./Drivers/STM32F4xx_HAL_Driver/Src/stm32f4xx_hal_i2c.o
 .debug_info    0x0000b708      0x8ff ./Drivers/STM32F4xx_HAL_Driver/Src/stm32f4xx_hal_rcc.o
 .debug_info    0x0000c007      0x960 ./Drivers/STM32F4xx_HAL_Driver/Src/stm32f4xx_hal_rcc_ex.o
 .debug_info    0x0000c967     0x299d ./Drivers/STM32F4xx_HAL_Driver/Src/stm32f4xx_hal_tim.o
 .debug_info    0x0000f304     0x14db ./Drivers/STM32F4xx_HAL_Driver/Src/stm32f4xx_hal_tim_ex.o
 .debug_info    0x000107df     0x2f4f ./Drivers/STM32F4xx_HAL_Driver/Src/stm32f4xx_hal_uart.o

.debug_abbrev   0x00000000     0x27d8
 .debug_abbrev  0x00000000      0x375 ./Core/Src/LiquidCrystal_I2C_STM32.o
 .debug_abbrev  0x00000375      0x5c7 ./Core/Src/main.o
 .debug_abbrev  0x0000093c      0x21f ./Core/Src/stm32f4xx_hal_msp.o
 .debug_abbrev  0x00000b5b      0x19c ./Core/Src/stm32f4xx_it.o
 .debug_abbrev  0x00000cf7       0xbc ./Core/Src/sysmem.o
 .debug_abbrev  0x00000db3      0x11a ./Core/Src/system_stm32f4xx.o
 .debug_abbrev  0x00000ecd       0x24 ./Core/Startup/startup_stm32f446retx.o
 .debug_abbrev  0x00000ef1      0x214 ./Drivers/STM32F4xx_HAL_Driver/Src/stm32f4xx_hal.o
 .debug_abbrev  0x00001105      0x31d ./Drivers/STM32F4xx_HAL_Driver/Src/stm32f4xx_hal_cortex.o
 .debug_abbrev  0x00001422      0x264 ./Drivers/STM32F4xx_HAL_Driver/Src/stm32f4xx_hal_dma.o
 .debug_abbrev  0x00001686      0x1d4 ./Drivers/STM32F4xx_HAL_Driver/Src/stm32f4xx_hal_gpio.o
 .debug_abbrev  0x0000185a      0x2ad ./Drivers/STM32F4xx_HAL_Driver/Src/stm32f4xx_hal_i2c.o
 .debug_abbrev  0x00001b07      0x2b7 ./Drivers/STM32F4xx_HAL_Driver/Src/stm32f4xx_hal_rcc.o
 .debug_abbrev  0x00001dbe      0x211 ./Drivers/STM32F4xx_HAL_Driver/Src/stm32f4xx_hal_rcc_ex.o
 .debug_abbrev  0x00001fcf      0x278 ./Drivers/STM32F4xx_HAL_Driver/Src/stm32f4xx_hal_tim.o
 .debug_abbrev  0x00002247      0x283 ./Drivers/STM32F4xx_HAL_Driver/Src/stm32f4xx_hal_tim_ex.o
 .debug_abbrev  0x000024ca      0x30e ./Drivers/STM32F4xx_HAL_Driver/Src/stm32f4xx_hal_uart.o

.debug_aranges  0x00000000     0x1178
 .debug_aranges
                0x00000000       0xe8 ./Core/Src/LiquidCrystal_I2C_STM32.o
 .debug_aranges
                0x000000e8      0x160 ./Core/Src/main.o
 .debug_aranges
                0x00000248       0x50 ./Core/Src/stm32f4xx_hal_msp.o
 .debug_aranges
                0x00000298       0x80 ./Core/Src/stm32f4xx_it.o
 .debug_aranges
                0x00000318       0x20 ./Core/Src/sysmem.o
 .debug_aranges
                0x00000338       0x28 ./Core/Src/system_stm32f4xx.o
 .debug_aranges
                0x00000360       0x28 ./Core/Startup/startup_stm32f446retx.o
 .debug_aranges
                0x00000388       0xf0 ./Drivers/STM32F4xx_HAL_Driver/Src/stm32f4xx_hal.o
 .debug_aranges
                0x00000478      0x130 ./Drivers/STM32F4xx_HAL_Driver/Src/stm32f4xx_hal_cortex.o
 .debug_aranges
                0x000005a8       0x90 ./Drivers/STM32F4xx_HAL_Driver/Src/stm32f4xx_hal_dma.o
 .debug_aranges
                0x00000638       0x58 ./Drivers/STM32F4xx_HAL_Driver/Src/stm32f4xx_hal_gpio.o
 .debug_aranges
                0x00000690      0x2a8 ./Drivers/STM32F4xx_HAL_Driver/Src/stm32f4xx_hal_i2c.o
 .debug_aranges
                0x00000938       0x88 ./Drivers/STM32F4xx_HAL_Driver/Src/stm32f4xx_hal_rcc.o
 .debug_aranges
                0x000009c0       0x78 ./Drivers/STM32F4xx_HAL_Driver/Src/stm32f4xx_hal_rcc_ex.o
 .debug_aranges
                0x00000a38      0x3d0 ./Drivers/STM32F4xx_HAL_Driver/Src/stm32f4xx_hal_tim.o
 .debug_aranges
                0x00000e08      0x168 ./Drivers/STM32F4xx_HAL_Driver/Src/stm32f4xx_hal_tim_ex.o
 .debug_aranges
                0x00000f70      0x208 ./Drivers/STM32F4xx_HAL_Driver/Src/stm32f4xx_hal_uart.o

.debug_rnglists
                0x00000000      0xdd5
 .debug_rnglists
                0x00000000       0xaa ./Core/Src/LiquidCrystal_I2C_STM32.o
 .debug_rnglists
                0x000000aa      0x117 ./Core/Src/main.o
 .debug_rnglists
                0x000001c1       0x3a ./Core/Src/stm32f4xx_hal_msp.o
 .debug_rnglists
                0x000001fb       0x5b ./Core/Src/stm32f4xx_it.o
 .debug_rnglists
                0x00000256       0x13 ./Core/Src/sysmem.o
 .debug_rnglists
                0x00000269       0x1a ./Core/Src/system_stm32f4xx.o
 .debug_rnglists
                0x00000283       0x19 ./Core/Startup/startup_stm32f446retx.o
 .debug_rnglists
                0x0000029c       0xaf ./Drivers/STM32F4xx_HAL_Driver/Src/stm32f4xx_hal.o
 .debug_rnglists
                0x0000034b       0xe0 ./Drivers/STM32F4xx_HAL_Driver/Src/stm32f4xx_hal_cortex.o
 .debug_rnglists
                0x0000042b       0x70 ./Drivers/STM32F4xx_HAL_Driver/Src/stm32f4xx_hal_dma.o
 .debug_rnglists
                0x0000049b       0x3f ./Drivers/STM32F4xx_HAL_Driver/Src/stm32f4xx_hal_gpio.o
 .debug_rnglists
                0x000004da      0x23c ./Drivers/STM32F4xx_HAL_Driver/Src/stm32f4xx_hal_i2c.o
 .debug_rnglists
                0x00000716       0x66 ./Drivers/STM32F4xx_HAL_Driver/Src/stm32f4xx_hal_rcc.o
 .debug_rnglists
                0x0000077c       0x5e ./Drivers/STM32F4xx_HAL_Driver/Src/stm32f4xx_hal_rcc_ex.o
 .debug_rnglists
                0x000007da      0x31a ./Drivers/STM32F4xx_HAL_Driver/Src/stm32f4xx_hal_tim.o
 .debug_rnglists
                0x00000af4      0x125 ./Drivers/STM32F4xx_HAL_Driver/Src/stm32f4xx_hal_tim_ex.o
 .debug_rnglists
                0x00000c19      0x1bc ./Drivers/STM32F4xx_HAL_Driver/Src/stm32f4xx_hal_uart.o

.debug_macro    0x00000000    0x250f7
 .debug_macro   0x00000000      0x38e ./Core/Src/LiquidCrystal_I2C_STM32.o
 .debug_macro   0x0000038e      0xbb0 ./Core/Src/LiquidCrystal_I2C_STM32.o
 .debug_macro   0x00000f3e       0x1c ./Core/Src/LiquidCrystal_I2C_STM32.o
 .debug_macro   0x00000f5a       0x22 ./Core/Src/LiquidCrystal_I2C_STM32.o
 .debug_macro   0x00000f7c       0x8e ./Core/Src/LiquidCrystal_I2C_STM32.o
 .debug_macro   0x0000100a       0x51 ./Core/Src/LiquidCrystal_I2C_STM32.o
 .debug_macro   0x0000105b      0x103 ./Core/Src/LiquidCrystal_I2C_STM32.o
 .debug_macro   0x0000115e       0x6a ./Core/Src/LiquidCrystal_I2C_STM32.o
 .debug_macro   0x000011c8      0x1df ./Core/Src/LiquidCrystal_I2C_STM32.o
 .debug_macro   0x000013a7      0x197 ./Core/Src/LiquidCrystal_I2C_STM32.o
 .debug_macro   0x0000153e      0x2a1 ./Core/Src/LiquidCrystal_I2C_STM32.o
 .debug_macro   0x000017df       0x2e ./Core/Src/LiquidCrystal_I2C_STM32.o
 .debug_macro   0x0000180d       0x28 ./Core/Src/LiquidCrystal_I2C_STM32.o
 .debug_macro   0x00001835       0x1c ./Core/Src/LiquidCrystal_I2C_STM32.o
 .debug_macro   0x00001851       0x22 ./Core/Src/LiquidCrystal_I2C_STM32.o
 .debug_macro   0x00001873       0xfb ./Core/Src/LiquidCrystal_I2C_STM32.o
 .debug_macro   0x0000196e     0x1011 ./Core/Src/LiquidCrystal_I2C_STM32.o
 .debug_macro   0x0000297f      0x11f ./Core/Src/LiquidCrystal_I2C_STM32.o
 .debug_macro   0x00002a9e    0x1675e ./Core/Src/LiquidCrystal_I2C_STM32.o
 .debug_macro   0x000191fc       0x6d ./Core/Src/LiquidCrystal_I2C_STM32.o
 .debug_macro   0x00019269     0x3693 ./Core/Src/LiquidCrystal_I2C_STM32.o
 .debug_macro   0x0001c8fc       0x5c ./Core/Src/LiquidCrystal_I2C_STM32.o
 .debug_macro   0x0001c958      0xca5 ./Core/Src/LiquidCrystal_I2C_STM32.o
 .debug_macro   0x0001d5fd      0x9e9 ./Core/Src/LiquidCrystal_I2C_STM32.o
 .debug_macro   0x0001dfe6      0x115 ./Core/Src/LiquidCrystal_I2C_STM32.o
 .debug_macro   0x0001e0fb      0x1a0 ./Core/Src/LiquidCrystal_I2C_STM32.o
 .debug_macro   0x0001e29b       0xa5 ./Core/Src/LiquidCrystal_I2C_STM32.o
 .debug_macro   0x0001e340      0x16d ./Core/Src/LiquidCrystal_I2C_STM32.o
 .debug_macro   0x0001e4ad      0x287 ./Core/Src/LiquidCrystal_I2C_STM32.o
 .debug_macro   0x0001e734       0x5f ./Core/Src/LiquidCrystal_I2C_STM32.o
 .debug_macro   0x0001e793      0x236 ./Core/Src/LiquidCrystal_I2C_STM32.o
 .debug_macro   0x0001e9c9      0x132 ./Core/Src/LiquidCrystal_I2C_STM32.o
 .debug_macro   0x0001eafb      0x29c ./Core/Src/LiquidCrystal_I2C_STM32.o
 .debug_macro   0x0001ed97       0x2e ./Core/Src/LiquidCrystal_I2C_STM32.o
 .debug_macro   0x0001edc5      0x1b5 ./Core/Src/LiquidCrystal_I2C_STM32.o
 .debug_macro   0x0001ef7a       0x22 ./Core/Src/LiquidCrystal_I2C_STM32.o
 .debug_macro   0x0001ef9c       0xd6 ./Core/Src/LiquidCrystal_I2C_STM32.o
 .debug_macro   0x0001f072      0x127 ./Core/Src/LiquidCrystal_I2C_STM32.o
 .debug_macro   0x0001f199       0xe8 ./Core/Src/LiquidCrystal_I2C_STM32.o
 .debug_macro   0x0001f281       0x89 ./Core/Src/LiquidCrystal_I2C_STM32.o
 .debug_macro   0x0001f30a      0x8ed ./Core/Src/LiquidCrystal_I2C_STM32.o
 .debug_macro   0x0001fbf7       0x53 ./Core/Src/LiquidCrystal_I2C_STM32.o
 .debug_macro   0x0001fc4a      0x2aa ./Core/Src/LiquidCrystal_I2C_STM32.o
 .debug_macro   0x0001fef4      0x126 ./Core/Src/LiquidCrystal_I2C_STM32.o
 .debug_macro   0x0002001a       0x34 ./Core/Src/LiquidCrystal_I2C_STM32.o
 .debug_macro   0x0002004e       0xc4 ./Core/Src/LiquidCrystal_I2C_STM32.o
 .debug_macro   0x00020112       0x61 ./Core/Src/LiquidCrystal_I2C_STM32.o
 .debug_macro   0x00020173       0x2a ./Core/Src/LiquidCrystal_I2C_STM32.o
 .debug_macro   0x0002019d       0x43 ./Core/Src/LiquidCrystal_I2C_STM32.o
 .debug_macro   0x000201e0       0x34 ./Core/Src/LiquidCrystal_I2C_STM32.o
 .debug_macro   0x00020214      0x38c ./Core/Src/LiquidCrystal_I2C_STM32.o
 .debug_macro   0x000205a0       0x16 ./Core/Src/LiquidCrystal_I2C_STM32.o
 .debug_macro   0x000205b6       0x4a ./Core/Src/LiquidCrystal_I2C_STM32.o
 .debug_macro   0x00020600       0x34 ./Core/Src/LiquidCrystal_I2C_STM32.o
 .debug_macro   0x00020634       0x10 ./Core/Src/LiquidCrystal_I2C_STM32.o
 .debug_macro   0x00020644       0x58 ./Core/Src/LiquidCrystal_I2C_STM32.o
 .debug_macro   0x0002069c       0x8e ./Core/Src/LiquidCrystal_I2C_STM32.o
 .debug_macro   0x0002072a       0x16 ./Core/Src/LiquidCrystal_I2C_STM32.o
 .debug_macro   0x00020740      0x185 ./Core/Src/LiquidCrystal_I2C_STM32.o
 .debug_macro   0x000208c5       0x10 ./Core/Src/LiquidCrystal_I2C_STM32.o
 .debug_macro   0x000208d5       0x3c ./Core/Src/LiquidCrystal_I2C_STM32.o
 .debug_macro   0x00020911       0x20 ./Core/Src/LiquidCrystal_I2C_STM32.o
 .debug_macro   0x00020931       0x1c ./Core/Src/LiquidCrystal_I2C_STM32.o
 .debug_macro   0x0002094d       0x10 ./Core/Src/LiquidCrystal_I2C_STM32.o
 .debug_macro   0x0002095d       0x1c ./Core/Src/LiquidCrystal_I2C_STM32.o
 .debug_macro   0x00020979       0x16 ./Core/Src/LiquidCrystal_I2C_STM32.o
 .debug_macro   0x0002098f      0x138 ./Core/Src/LiquidCrystal_I2C_STM32.o
 .debug_macro   0x00020ac7      0x1f2 ./Core/Src/LiquidCrystal_I2C_STM32.o
 .debug_macro   0x00020cb9       0x10 ./Core/Src/LiquidCrystal_I2C_STM32.o
 .debug_macro   0x00020cc9      0x409 ./Core/Src/LiquidCrystal_I2C_STM32.o
 .debug_macro   0x000210d2       0x10 ./Core/Src/LiquidCrystal_I2C_STM32.o
 .debug_macro   0x000210e2       0x16 ./Core/Src/LiquidCrystal_I2C_STM32.o
 .debug_macro   0x000210f8       0x16 ./Core/Src/LiquidCrystal_I2C_STM32.o
 .debug_macro   0x0002110e       0x29 ./Core/Src/LiquidCrystal_I2C_STM32.o
 .debug_macro   0x00021137       0x1c ./Core/Src/LiquidCrystal_I2C_STM32.o
 .debug_macro   0x00021153       0xde ./Core/Src/LiquidCrystal_I2C_STM32.o
 .debug_macro   0x00021231      0x3f6 ./Core/Src/main.o
 .debug_macro   0x00021627       0x16 ./Core/Src/main.o
 .debug_macro   0x0002163d       0x16 ./Core/Src/main.o
 .debug_macro   0x00021653       0x16 ./Core/Src/main.o
 .debug_macro   0x00021669       0x8e ./Core/Src/main.o
 .debug_macro   0x000216f7       0x76 ./Core/Src/main.o
 .debug_macro   0x0002176d      0x1f6 ./Core/Src/stm32f4xx_hal_msp.o
 .debug_macro   0x00021963      0xad8 ./Core/Src/stm32f4xx_hal_msp.o
 .debug_macro   0x0002243b     0x1011 ./Core/Src/stm32f4xx_hal_msp.o
 .debug_macro   0x0002344c      0x190 ./Core/Src/stm32f4xx_hal_msp.o
 .debug_macro   0x000235dc      0x200 ./Core/Src/stm32f4xx_it.o
 .debug_macro   0x000237dc      0x112 ./Core/Src/sysmem.o
 .debug_macro   0x000238ee      0x23c ./Core/Src/sysmem.o
 .debug_macro   0x00023b2a      0x1e7 ./Core/Src/system_stm32f4xx.o
 .debug_macro   0x00023d11      0x247 ./Drivers/STM32F4xx_HAL_Driver/Src/stm32f4xx_hal.o
 .debug_macro   0x00023f58      0x1e7 ./Drivers/STM32F4xx_HAL_Driver/Src/stm32f4xx_hal_cortex.o
 .debug_macro   0x0002413f      0x1ed ./Drivers/STM32F4xx_HAL_Driver/Src/stm32f4xx_hal_dma.o
 .debug_macro   0x0002432c      0x1ed ./Drivers/STM32F4xx_HAL_Driver/Src/stm32f4xx_hal_gpio.o
 .debug_macro   0x00024519      0x235 ./Drivers/STM32F4xx_HAL_Driver/Src/stm32f4xx_hal_i2c.o
 .debug_macro   0x0002474e      0x20b ./Drivers/STM32F4xx_HAL_Driver/Src/stm32f4xx_hal_rcc.o
 .debug_macro   0x00024959      0x1e7 ./Drivers/STM32F4xx_HAL_Driver/Src/stm32f4xx_hal_rcc_ex.o
 .debug_macro   0x00024b40      0x1e8 ./Drivers/STM32F4xx_HAL_Driver/Src/stm32f4xx_hal_tim.o
 .debug_macro   0x00024d28      0x1e7 ./Drivers/STM32F4xx_HAL_Driver/Src/stm32f4xx_hal_tim_ex.o
 .debug_macro   0x00024f0f      0x1e8 ./Drivers/STM32F4xx_HAL_Driver/Src/stm32f4xx_hal_uart.o

.debug_line     0x00000000    0x153f0
 .debug_line    0x00000000      0xfa6 ./Core/Src/LiquidCrystal_I2C_STM32.o
 .debug_line    0x00000fa6     0x1b93 ./Core/Src/main.o
 .debug_line    0x00002b39      0x8fc ./Core/Src/stm32f4xx_hal_msp.o
 .debug_line    0x00003435      0x886 ./Core/Src/stm32f4xx_it.o
 .debug_line    0x00003cbb      0x588 ./Core/Src/sysmem.o
 .debug_line    0x00004243      0x7ed ./Core/Src/system_stm32f4xx.o
 .debug_line    0x00004a30       0x7a ./Core/Startup/startup_stm32f446retx.o
 .debug_line    0x00004aaa      0xa69 ./Drivers/STM32F4xx_HAL_Driver/Src/stm32f4xx_hal.o
 .debug_line    0x00005513      0xd39 ./Drivers/STM32F4xx_HAL_Driver/Src/stm32f4xx_hal_cortex.o
 .debug_line    0x0000624c      0xfd5 ./Drivers/STM32F4xx_HAL_Driver/Src/stm32f4xx_hal_dma.o
 .debug_line    0x00007221      0xbad ./Drivers/STM32F4xx_HAL_Driver/Src/stm32f4xx_hal_gpio.o
 .debug_line    0x00007dce     0x3b16 ./Drivers/STM32F4xx_HAL_Driver/Src/stm32f4xx_hal_i2c.o
 .debug_line    0x0000b8e4      0xe82 ./Drivers/STM32F4xx_HAL_Driver/Src/stm32f4xx_hal_rcc.o
 .debug_line    0x0000c766     0x1532 ./Drivers/STM32F4xx_HAL_Driver/Src/stm32f4xx_hal_rcc_ex.o
 .debug_line    0x0000dc98     0x37de ./Drivers/STM32F4xx_HAL_Driver/Src/stm32f4xx_hal_tim.o
 .debug_line    0x00011476     0x19c9 ./Drivers/STM32F4xx_HAL_Driver/Src/stm32f4xx_hal_tim_ex.o
 .debug_line    0x00012e3f     0x25b1 ./Drivers/STM32F4xx_HAL_Driver/Src/stm32f4xx_hal_uart.o

.debug_str      0x00000000    0xd7029
 .debug_str     0x00000000    0xd7029 ./Core/Src/LiquidCrystal_I2C_STM32.o
                              0xd19c8 (size before relaxing)
 .debug_str     0x000d7029    0xd36b9 ./Core/Src/main.o
 .debug_str     0x000d7029    0xcc2df ./Core/Src/stm32f4xx_hal_msp.o
 .debug_str     0x000d7029    0xcb9e3 ./Core/Src/stm32f4xx_it.o
 .debug_str     0x000d7029     0x777d ./Core/Src/sysmem.o
 .debug_str     0x000d7029    0xcb299 ./Core/Src/system_stm32f4xx.o
 .debug_str     0x000d7029       0x7f ./Core/Startup/startup_stm32f446retx.o
 .debug_str     0x000d7029    0xcbe5e ./Drivers/STM32F4xx_HAL_Driver/Src/stm32f4xx_hal.o
 .debug_str     0x000d7029    0xcbbb5 ./Drivers/STM32F4xx_HAL_Driver/Src/stm32f4xx_hal_cortex.o
 .debug_str     0x000d7029    0xcb68e ./Drivers/STM32F4xx_HAL_Driver/Src/stm32f4xx_hal_dma.o
 .debug_str     0x000d7029    0xcb414 ./Drivers/STM32F4xx_HAL_Driver/Src/stm32f4xx_hal_gpio.o
 .debug_str     0x000d7029    0xcc297 ./Drivers/STM32F4xx_HAL_Driver/Src/stm32f4xx_hal_i2c.o
 .debug_str     0x000d7029    0xcb6d2 ./Drivers/STM32F4xx_HAL_Driver/Src/stm32f4xx_hal_rcc.o
 .debug_str     0x000d7029    0xcb705 ./Drivers/STM32F4xx_HAL_Driver/Src/stm32f4xx_hal_rcc_ex.o
 .debug_str     0x000d7029    0xcc5fe ./Drivers/STM32F4xx_HAL_Driver/Src/stm32f4xx_hal_tim.o
 .debug_str     0x000d7029    0xcbe0a ./Drivers/STM32F4xx_HAL_Driver/Src/stm32f4xx_hal_tim_ex.o
 .debug_str     0x000d7029    0xcbc89 ./Drivers/STM32F4xx_HAL_Driver/Src/stm32f4xx_hal_uart.o

.comment        0x00000000       0x43
 .comment       0x00000000       0x43 ./Core/Src/LiquidCrystal_I2C_STM32.o
                                 0x44 (size before relaxing)
 .comment       0x00000043       0x44 ./Core/Src/main.o
 .comment       0x00000043       0x44 ./Core/Src/stm32f4xx_hal_msp.o
 .comment       0x00000043       0x44 ./Core/Src/stm32f4xx_it.o
 .comment       0x00000043       0x44 ./Core/Src/sysmem.o
 .comment       0x00000043       0x44 ./Core/Src/system_stm32f4xx.o
 .comment       0x00000043       0x44 ./Drivers/STM32F4xx_HAL_Driver/Src/stm32f4xx_hal.o
 .comment       0x00000043       0x44 ./Drivers/STM32F4xx_HAL_Driver/Src/stm32f4xx_hal_cortex.o
 .comment       0x00000043       0x44 ./Drivers/STM32F4xx_HAL_Driver/Src/stm32f4xx_hal_dma.o
 .comment       0x00000043       0x44 ./Drivers/STM32F4xx_HAL_Driver/Src/stm32f4xx_hal_gpio.o
 .comment       0x00000043       0x44 ./Drivers/STM32F4xx_HAL_Driver/Src/stm32f4xx_hal_i2c.o
 .comment       0x00000043       0x44 ./Drivers/STM32F4xx_HAL_Driver/Src/stm32f4xx_hal_rcc.o
 .comment       0x00000043       0x44 ./Drivers/STM32F4xx_HAL_Driver/Src/stm32f4xx_hal_rcc_ex.o
 .comment       0x00000043       0x44 ./Drivers/STM32F4xx_HAL_Driver/Src/stm32f4xx_hal_tim.o
 .comment       0x00000043       0x44 ./Drivers/STM32F4xx_HAL_Driver/Src/stm32f4xx_hal_tim_ex.o
 .comment       0x00000043       0x44 ./Drivers/STM32F4xx_HAL_Driver/Src/stm32f4xx_hal_uart.o

.debug_frame    0x00000000     0x5094
 .debug_frame   0x00000000      0x3c0 ./Core/Src/LiquidCrystal_I2C_STM32.o
 .debug_frame   0x000003c0      0x598 ./Core/Src/main.o
 .debug_frame   0x00000958      0x110 ./Core/Src/stm32f4xx_hal_msp.o
 .debug_frame   0x00000a68      0x174 ./Core/Src/stm32f4xx_it.o
 .debug_frame   0x00000bdc       0x34 ./Core/Src/sysmem.o
 .debug_frame   0x00000c10       0x58 ./Core/Src/system_stm32f4xx.o
 .debug_frame   0x00000c68      0x374 ./Drivers/STM32F4xx_HAL_Driver/Src/stm32f4xx_hal.o
 .debug_frame   0x00000fdc      0x508 ./Drivers/STM32F4xx_HAL_Driver/Src/stm32f4xx_hal_cortex.o
 .debug_frame   0x000014e4      0x250 ./Drivers/STM32F4xx_HAL_Driver/Src/stm32f4xx_hal_dma.o
 .debug_frame   0x00001734      0x14c ./Drivers/STM32F4xx_HAL_Driver/Src/stm32f4xx_hal_gpio.o
 .debug_frame   0x00001880      0xc84 ./Drivers/STM32F4xx_HAL_Driver/Src/stm32f4xx_hal_i2c.o
 .debug_frame   0x00002504      0x1f4 ./Drivers/STM32F4xx_HAL_Driver/Src/stm32f4xx_hal_rcc.o
 .debug_frame   0x000026f8      0x1e8 ./Drivers/STM32F4xx_HAL_Driver/Src/stm32f4xx_hal_rcc_ex.o
 .debug_frame   0x000028e0     0x11c0 ./Drivers/STM32F4xx_HAL_Driver/Src/stm32f4xx_hal_tim.o
 .debug_frame   0x00003aa0      0x638 ./Drivers/STM32F4xx_HAL_Driver/Src/stm32f4xx_hal_tim_ex.o
 .debug_frame   0x000040d8      0x954 ./Drivers/STM32F4xx_HAL_Driver/Src/stm32f4xx_hal_uart.o
 .debug_frame   0x00004a2c      0x144 C:/ST/STM32CubeIDE_1.19.0/STM32CubeIDE/plugins/com.st.stm32cube.ide.mcu.externaltools.gnu-tools-for-stm32.13.3.rel1.win32_1.0.0.202411081344/tools/bin/../lib/gcc/arm-none-eabi/13.3.1/../../../../arm-none-eabi/lib/thumb/v7e-m+fp/hard\libc_nano.a(libc_a-findfp.o)
 .debug_frame   0x00004b70       0x7c C:/ST/STM32CubeIDE_1.19.0/STM32CubeIDE/plugins/com.st.stm32cube.ide.mcu.externaltools.gnu-tools-for-stm32.13.3.rel1.win32_1.0.0.202411081344/tools/bin/../lib/gcc/arm-none-eabi/13.3.1/../../../../arm-none-eabi/lib/thumb/v7e-m+fp/hard\libc_nano.a(libc_a-snprintf.o)
 .debug_frame   0x00004bec       0x74 C:/ST/STM32CubeIDE_1.19.0/STM32CubeIDE/plugins/com.st.stm32cube.ide.mcu.externaltools.gnu-tools-for-stm32.13.3.rel1.win32_1.0.0.202411081344/tools/bin/../lib/gcc/arm-none-eabi/13.3.1/../../../../arm-none-eabi/lib/thumb/v7e-m+fp/hard\libc_nano.a(libc_a-sprintf.o)
 .debug_frame   0x00004c60       0x20 C:/ST/STM32CubeIDE_1.19.0/STM32CubeIDE/plugins/com.st.stm32cube.ide.mcu.externaltools.gnu-tools-for-stm32.13.3.rel1.win32_1.0.0.202411081344/tools/bin/../lib/gcc/arm-none-eabi/13.3.1/../../../../arm-none-eabi/lib/thumb/v7e-m+fp/hard\libc_nano.a(libc_a-memset.o)
 .debug_frame   0x00004c80       0x38 C:/ST/STM32CubeIDE_1.19.0/STM32CubeIDE/plugins/com.st.stm32cube.ide.mcu.externaltools.gnu-tools-for-stm32.13.3.rel1.win32_1.0.0.202411081344/tools/bin/../lib/gcc/arm-none-eabi/13.3.1/../../../../arm-none-eabi/lib/thumb/v7e-m+fp/hard\libc_nano.a(libc_a-reent.o)
 .debug_frame   0x00004cb8       0x20 C:/ST/STM32CubeIDE_1.19.0/STM32CubeIDE/plugins/com.st.stm32cube.ide.mcu.externaltools.gnu-tools-for-stm32.13.3.rel1.win32_1.0.0.202411081344/tools/bin/../lib/gcc/arm-none-eabi/13.3.1/../../../../arm-none-eabi/lib/thumb/v7e-m+fp/hard\libc_nano.a(libc_a-errno.o)
 .debug_frame   0x00004cd8       0x2c C:/ST/STM32CubeIDE_1.19.0/STM32CubeIDE/plugins/com.st.stm32cube.ide.mcu.externaltools.gnu-tools-for-stm32.13.3.rel1.win32_1.0.0.202411081344/tools/bin/../lib/gcc/arm-none-eabi/13.3.1/../../../../arm-none-eabi/lib/thumb/v7e-m+fp/hard\libc_nano.a(libc_a-init.o)
 .debug_frame   0x00004d04       0xb0 C:/ST/STM32CubeIDE_1.19.0/STM32CubeIDE/plugins/com.st.stm32cube.ide.mcu.externaltools.gnu-tools-for-stm32.13.3.rel1.win32_1.0.0.202411081344/tools/bin/../lib/gcc/arm-none-eabi/13.3.1/../../../../arm-none-eabi/lib/thumb/v7e-m+fp/hard\libc_nano.a(libc_a-lock.o)
 .debug_frame   0x00004db4       0x28 C:/ST/STM32CubeIDE_1.19.0/STM32CubeIDE/plugins/com.st.stm32cube.ide.mcu.externaltools.gnu-tools-for-stm32.13.3.rel1.win32_1.0.0.202411081344/tools/bin/../lib/gcc/arm-none-eabi/13.3.1/../../../../arm-none-eabi/lib/thumb/v7e-m+fp/hard\libc_nano.a(libc_a-memcpy-stub.o)
 .debug_frame   0x00004ddc       0x38 C:/ST/STM32CubeIDE_1.19.0/STM32CubeIDE/plugins/com.st.stm32cube.ide.mcu.externaltools.gnu-tools-for-stm32.13.3.rel1.win32_1.0.0.202411081344/tools/bin/../lib/gcc/arm-none-eabi/13.3.1/../../../../arm-none-eabi/lib/thumb/v7e-m+fp/hard\libc_nano.a(libc_a-freer.o)
 .debug_frame   0x00004e14       0x50 C:/ST/STM32CubeIDE_1.19.0/STM32CubeIDE/plugins/com.st.stm32cube.ide.mcu.externaltools.gnu-tools-for-stm32.13.3.rel1.win32_1.0.0.202411081344/tools/bin/../lib/gcc/arm-none-eabi/13.3.1/../../../../arm-none-eabi/lib/thumb/v7e-m+fp/hard\libc_nano.a(libc_a-mallocr.o)
 .debug_frame   0x00004e64       0x30 C:/ST/STM32CubeIDE_1.19.0/STM32CubeIDE/plugins/com.st.stm32cube.ide.mcu.externaltools.gnu-tools-for-stm32.13.3.rel1.win32_1.0.0.202411081344/tools/bin/../lib/gcc/arm-none-eabi/13.3.1/../../../../arm-none-eabi/lib/thumb/v7e-m+fp/hard\libc_nano.a(libc_a-mlock.o)