../Core/Src/LiquidCrystal_I2C_STM32.cc:15:6:void delay_us(uint32_t)	0	static
../Core/Src/LiquidCrystal_I2C_STM32.cc:23:1:LiquidCrystal_I2C::LiquidCrystal_I2C(I2C_HandleTypeDef*, uint8_t, uint8_t, uint8_t)	12	static
../Core/Src/LiquidCrystal_I2C_STM32.cc:170:6:void LiquidCrystal_I2C::expanderWrite(uint8_t)	24	static
../Core/Src/LiquidCrystal_I2C_STM32.cc:137:6:void LiquidCrystal_I2C::backlight()	0	static
../Core/Src/LiquidCrystal_I2C_STM32.cc:141:6:void LiquidCrystal_I2C::noBacklight()	0	static
../Core/Src/LiquidCrystal_I2C_STM32.cc:179:6:void LiquidCrystal_I2C::pulseEnable(uint8_t)	16	static
../Core/Src/LiquidCrystal_I2C_STM32.cc:164:6:void LiquidCrystal_I2C::write4bits(uint8_t)	16	static
../Core/Src/LiquidCrystal_I2C_STM32.cc:155:6:void LiquidCrystal_I2C::send(uint8_t, uint8_t)	16	static
../Core/Src/LiquidCrystal_I2C_STM32.cc:82:6:void LiquidCrystal_I2C::clear()	8	static
../Core/Src/LiquidCrystal_I2C_STM32.cc:88:6:void LiquidCrystal_I2C::home()	8	static
../Core/Src/LiquidCrystal_I2C_STM32.cc:94:6:void LiquidCrystal_I2C::setCursor(uint8_t, uint8_t)	0	static
../Core/Src/LiquidCrystal_I2C_STM32.cc:101:6:void LiquidCrystal_I2C::noDisplay()	0	static
../Core/Src/LiquidCrystal_I2C_STM32.cc:107:6:void LiquidCrystal_I2C::display()	0	static
../Core/Src/LiquidCrystal_I2C_STM32.cc:113:6:void LiquidCrystal_I2C::noCursor()	0	static
../Core/Src/LiquidCrystal_I2C_STM32.cc:119:6:void LiquidCrystal_I2C::cursor()	0	static
../Core/Src/LiquidCrystal_I2C_STM32.cc:125:6:void LiquidCrystal_I2C::noBlink()	0	static
../Core/Src/LiquidCrystal_I2C_STM32.cc:131:6:void LiquidCrystal_I2C::blink()	0	static
../Core/Src/LiquidCrystal_I2C_STM32.cc:43:6:void LiquidCrystal_I2C::init_priv()	8	static
../Core/Src/LiquidCrystal_I2C_STM32.cc:34:6:void LiquidCrystal_I2C::begin(uint8_t, uint8_t, uint8_t)	0	static
../Core/Src/LiquidCrystal_I2C_STM32.cc:222:8:size_t LiquidCrystal_I2C::write(uint8_t)	8	static
../Core/Src/LiquidCrystal_I2C_STM32.cc:146:6:void LiquidCrystal_I2C::createChar(uint8_t, uint8_t*)	16	static
../Core/Src/LiquidCrystal_I2C_STM32.cc:196:6:void LiquidCrystal_I2C::printstr(const char*)	16	static
../Core/Src/LiquidCrystal_I2C_STM32.cc:203:6:void LiquidCrystal_I2C::print(const char*)	0	static
../Core/Src/LiquidCrystal_I2C_STM32.cc:208:6:void LiquidCrystal_I2C::print(uint16_t)	24	static
../Core/Src/LiquidCrystal_I2C_STM32.cc:215:6:void LiquidCrystal_I2C::print(int)	24	static
../Core/Src/LiquidCrystal_I2C_STM32.cc:227:9:uint8_t LiquidCrystal_I2C::getRows()	0	static
