../Core/Inc/HWprofile.h:67:13:const char* mode_to_str(uint8_t)	0	static
../Core/Inc/HWprofile.h:78:6:char color_to_char(uint8_t)	0	static
../Core/Inc/HWprofile.h:88:6:void format_fixed(char*, long int, int, int)	40	static
../Core/Inc/Read_key.h:14:15:unsigned char ReadKeyStt()	8	static
../Core/Inc/Read_key.h:25:15:unsigned char ReadKey(unsigned char)	16	static
../Core/Inc/Read_key.h:41:6:void keyprocess()	8	static
../Core/Inc/AT24C512.h:13:9:uint8_t AT24C512_ReadByte(uint16_t)	32	static
../Core/Inc/AT24C512.h:20:6:void AT24C512_WriteByte(uint16_t, uint8_t)	32	static
../Core/Inc/Settings.h:31:6:void LCD_ShowInitScreen()	8	static
../Core/Inc/Settings.h:46:6:void LCD_InitDots(uint8_t)	24	static
../Core/Inc/Settings.h:72:6:void LCD_ShowDigits(LiquidCrystal_I2C&, uint8_t*, uint8_t, uint8_t)	32	static
../Core/Inc/Settings.h:103:10:uint32_t SetV(uint32_t, uint8_t, uint8_t, LiquidCrystal_I2C&)	32	static
../Core/Inc/Settings.h:152:5:int LCD_MenuSelect(LiquidCrystal_I2C&, const char**, uint8_t)	48	static
../Core/Inc/Settings.h:239:6:void SetPSW()	8	static
../Core/Inc/Settings.h:255:6:void setZoneID()	8	static
../Core/Inc/Settings.h:272:6:void SetNumber_of_Display()	8	static
../Core/Inc/Settings.h:290:6:void SetTotal_Sensor()	8	static
../Core/Inc/Settings.h:348:6:void SetDisplay_Config()	64	static
../Core/Inc/Settings.h:414:6:void Read_data()	32	static
../Core/Src/main.cc:120:6:void DWT_Init()	0	static
../Core/Src/main.cc:129:10:uint16_t calculate_diseng(uint8_t, uint8_t)	8	static
../Core/Src/main.cc:141:6:void build_tx_packet(uint8_t)	0	static
../Core/Src/main.cc:157:6:void send_scan_to_all_devices()	48	static
../Core/Src/main.cc:229:6:void LCD_Show(uint8_t, uint8_t, uint8_t, uint8_t, uint8_t, uint8_t)	64	static
../Core/Src/main.cc:261:6:void Update_All_Displays()	128	static
../Core/Src/main.cc:346:6:void Send_Zone_Reply(UART_HandleTypeDef*, uint8_t, uint8_t, SensorData*, uint8_t, uint8_t, uint8_t, uint8_t)	88	static
../Core/Src/main.cc:591:6:void SystemClock_Config()	88	static,ignoring_inline_asm
../Core/Src/main.cc:395:5:int main()	104	static,ignoring_inline_asm
../Core/Src/main.cc:899:6:void HAL_UARTEx_RxEventCallback(UART_HandleTypeDef*, uint16_t)	24	static
../Core/Src/main.cc:955:6:void HAL_TIM_PeriodElapsedCallback(TIM_HandleTypeDef*)	0	static
../Core/Src/main.cc:970:6:void Error_Handler()	0	static,ignoring_inline_asm
../Core/Src/main.cc:979:1:cc)	16	static
