../Core/Src/main.c:115:6:cs_sel	8	static
../Core/Src/main.c:118:6:cs_desel	8	static
../Core/Src/main.c:121:9:spi_rb	16	static
../Core/Src/main.c:126:6:spi_wb	16	static
../Core/Src/main.c:129:6:check_inputs	16	static
../Core/Src/main.c:291:5:send_post_request	40	static
../Core/Src/main.c:372:5:main	40	static
../Core/Src/main.c:472:6:SystemClock_Config	88	static
../Core/Src/main.c:518:13:MX_SPI1_Init	8	static
../Core/Src/main.c:556:13:MX_TIM3_Init	32	static
../Core/Src/main.c:601:13:MX_GPIO_Init	48	static
../Core/Src/main.c:666:6:handle_server	16	static
../Core/Src/main.c:729:6:Loop_Scanning	16	static
../Core/Src/main.c:750:6:HAL_TIM_PeriodElapsedCallback	16	static
../Core/Src/main.c:785:6:Error_Handler	4	static,ignoring_inline_asm
