../Core/Inc/HWprofile.h:74:13:const char* mode_to_str(uint8_t)	16	static
../Core/Inc/HWprofile.h:85:6:char color_to_char(uint8_t)	16	static
../Core/Inc/Read_key.h:14:15:unsigned char ReadKeyStt()	16	static
../Core/Inc/Read_key.h:25:15:unsigned char ReadKey(unsigned char)	24	static
../Core/Inc/Read_key.h:41:6:void keyprocess()	8	static
../Core/Inc/AT24C512.h:13:9:uint8_t AT24C512_ReadByte(uint16_t)	40	static
../Core/Inc/AT24C512.h:20:6:void AT24C512_WriteByte(uint16_t, uint8_t)	40	static
../Core/Inc/Settings.h:31:6:void LCD_ShowInitScreen()	8	static
../Core/Inc/Settings.h:46:6:void LCD_InitDots(uint8_t)	24	static
../Core/Inc/Settings.h:52:13:void ValueToDigits(uint32_t, uint8_t*)	16	static
../Core/Inc/Settings.h:63:17:uint32_t DigitsToValue(uint8_t*)	16	static
../Core/Inc/Settings.h:72:6:void LCD_ShowDigits(LiquidCrystal_I2C&, uint8_t*, uint8_t, uint8_t)	32	static
../Core/Inc/Settings.h:103:10:uint32_t SetV(uint32_t, uint8_t, uint8_t, LiquidCrystal_I2C&)	40	static
../Core/Inc/Settings.h:152:5:int LCD_MenuSelect(LiquidCrystal_I2C&, const char**, uint8_t)	56	static
../Core/Inc/Settings.h:239:6:void SetPSW()	16	static
../Core/Inc/Settings.h:255:6:void setFloorID()	16	static
../Core/Inc/Settings.h:272:6:void set_no_Display()	16	static
../Core/Inc/Settings.h:290:6:void SetTotal_Floor()	16	static
../Core/Inc/Settings.h:348:6:void SetDisplay_Config()	32	static
../Core/Inc/Settings.h:414:6:void Read_data()	24	static
../Core/Src/main.cc:118:6:void DWT_Init()	4	static
../Core/Src/main.cc:128:6:void LCD_Show(uint8_t, uint8_t, uint8_t, uint8_t, uint8_t, uint8_t)	56	static
../Core/Src/main.cc:216:6:void Update_All_Displays()	128	static
../Core/Src/main.cc:277:6:void Zone_Request_Task()	16	static
../Core/Src/main.cc:306:6:void Flush_All_Data()	8	static
../Core/Src/main.cc:318:6:void Build_Master_Response()	8	static
../Core/Src/main.cc:348:6:void format_fixed(char*, long int, int, int)	72	static
../Core/Src/main.cc:388:5:int main()	40	static
../Core/Src/main.cc:536:6:void SystemClock_Config()	88	static
../Core/Src/main.cc:584:13:void MX_I2C1_Init()	8	static
../Core/Src/main.cc:618:13:void MX_I2C3_Init()	8	static
../Core/Src/main.cc:652:13:void MX_TIM3_Init()	32	static
../Core/Src/main.cc:697:13:void MX_UART4_Init()	8	static
../Core/Src/main.cc:730:13:void MX_USART1_UART_Init()	8	static
../Core/Src/main.cc:763:13:void MX_USART2_UART_Init()	8	static
../Core/Src/main.cc:794:13:void MX_DMA_Init()	16	static
../Core/Src/main.cc:812:13:void MX_GPIO_Init()	48	static
../Core/Src/main.cc:844:6:void HAL_UARTEx_RxEventCallback(UART_HandleTypeDef*, uint16_t)	32	static
../Core/Src/main.cc:903:6:void HAL_TIM_PeriodElapsedCallback(TIM_HandleTypeDef*)	16	static
../Core/Src/main.cc:924:6:void Error_Handler()	4	static,ignoring_inline_asm
../Core/Src/main.cc:933:1:void __static_initialization_and_destruction_0()	16	static
../Core/Src/main.cc:933:1:cc)	8	static
