../Core/Src/main.c:109:6:cs_sel	8	static
../Core/Src/main.c:112:6:cs_desel	8	static
../Core/Src/main.c:115:9:spi_rb	16	static
../Core/Src/main.c:120:6:spi_wb	16	static
../Core/Src/main.c:123:6:check_inputs	16	static
../Core/Src/main.c:173:6:send_post_request	32	static
../Core/Src/main.c:254:5:main	32	static
../Core/Src/main.c:349:6:SystemClock_Config	88	static
../Core/Src/main.c:395:13:MX_SPI1_Init	8	static
../Core/Src/main.c:433:13:MX_TIM3_Init	32	static
../Core/Src/main.c:478:13:MX_GPIO_Init	48	static
../Core/Src/main.c:543:6:StartDefaultTask	16	static
../Core/Src/main.c:562:6:StartTask02	24	static
../Core/Src/main.c:593:6:HAL_TIM_PeriodElapsedCallback	16	static
../Core/Src/main.c:611:6:Error_Handler	4	static,ignoring_inline_asm
