../Core/Src/main.c:109:6:cs_sel	1
../Core/Src/main.c:112:6:cs_desel	1
../Core/Src/main.c:115:9:spi_rb	1
../Core/Src/main.c:120:6:spi_wb	1
../Core/Src/main.c:123:6:check_inputs	10
../Core/Src/main.c:173:6:send_post_request	9
../Core/Src/main.c:254:5:main	1
../Core/Src/main.c:349:6:SystemClock_Config	3
../Core/Src/main.c:395:13:MX_SPI1_Init	2
../Core/Src/main.c:433:13:MX_TIM3_Init	4
../Core/Src/main.c:478:13:MX_GPIO_Init	1
../Core/Src/main.c:543:6:StartDefaultTask	1
../Core/Src/main.c:562:6:StartTask02	2
../Core/Src/main.c:593:6:HAL_TIM_PeriodElapsedCallback	2
../Core/Src/main.c:611:6:Error_Handler	1
